ivan@Ivan-PC:~/Рабочий стол/Учёба/8 семестр/SQL/Практика/Лабы$ pip3 install pip install mysqlclient
Requirement already satisfied: pip in /usr/lib/python3/dist-packages (20.0.2)
Collecting install
  Downloading install-1.3.4-py3-none-any.whl (3.1 kB)
Collecting mysqlclient
  Downloading mysqlclient-2.0.3.tar.gz (88 kB)
     |████████████████████████████████| 88 kB 1.2 MB/s 
    ERROR: Command errored out with exit status 1:
     command: /usr/bin/python3 -c 'import sys, setuptools, tokenize; sys.argv[0] = '"'"'/tmp/pip-install-day6w82k/mysqlclient/setup.py'"'"'; __file__='"'"'/tmp/pip-install-day6w82k/mysqlclient/setup.py'"'"';f=getattr(tokenize, '"'"'open'"'"', open)(__file__);code=f.read().replace('"'"'\r\n'"'"', '"'"'\n'"'"');f.close();exec(compile(code, __file__, '"'"'exec'"'"'))' egg_info --egg-base /tmp/pip-install-day6w82k/mysqlclient/pip-egg-info
         cwd: /tmp/pip-install-day6w82k/mysqlclient/
    Complete output (15 lines):
    /bin/sh: 1: mysql_config: not found
    /bin/sh: 1: mariadb_config: not found
    /bin/sh: 1: mysql_config: not found
    Traceback (most recent call last):
      File "<string>", line 1, in <module>
      File "/tmp/pip-install-day6w82k/mysqlclient/setup.py", line 15, in <module>
        metadata, options = get_config()
      File "/tmp/pip-install-day6w82k/mysqlclient/setup_posix.py", line 70, in get_config
        libs = mysql_config("libs")
      File "/tmp/pip-install-day6w82k/mysqlclient/setup_posix.py", line 31, in mysql_config
        raise OSError("{} not found".format(_mysql_config_path))
    OSError: mysql_config not found
    mysql_config --version
    mariadb_config --version
    mysql_config --libs
    ----------------------------------------
ERROR: Command errored out with exit status 1: python setup.py egg_info Check the logs for full command output.
ivan@Ivan-PC:~/Рабочий стол/Учёба/8 семестр/SQL/Практика/Лабы$ pip3 install mysqlclient

Collecting mysqlclient
  Using cached mysqlclient-2.0.3.tar.gz (88 kB)
    ERROR: Command errored out with exit status 1:
     command: /usr/bin/python3 -c 'import sys, setuptools, tokenize; sys.argv[0] = '"'"'/tmp/pip-install-kltapv31/mysqlclient/setup.py'"'"'; __file__='"'"'/tmp/pip-install-kltapv31/mysqlclient/setup.py'"'"';f=getattr(tokenize, '"'"'open'"'"', open)(__file__);code=f.read().replace('"'"'\r\n'"'"', '"'"'\n'"'"');f.close();exec(compile(code, __file__, '"'"'exec'"'"'))' egg_info --egg-base /tmp/pip-install-kltapv31/mysqlclient/pip-egg-info
         cwd: /tmp/pip-install-kltapv31/mysqlclient/
    Complete output (15 lines):
    /bin/sh: 1: mysql_config: not found
    /bin/sh: 1: mariadb_config: not found
    /bin/sh: 1: mysql_config: not found
    Traceback (most recent call last):
      File "<string>", line 1, in <module>
      File "/tmp/pip-install-kltapv31/mysqlclient/setup.py", line 15, in <module>
        metadata, options = get_config()
      File "/tmp/pip-install-kltapv31/mysqlclient/setup_posix.py", line 70, in get_config
        libs = mysql_config("libs")
      File "/tmp/pip-install-kltapv31/mysqlclient/setup_posix.py", line 31, in mysql_config
        raise OSError("{} not found".format(_mysql_config_path))
    OSError: mysql_config not found
    mysql_config --version
    mariadb_config --version
    mysql_config --libs
    ----------------------------------------
ERROR: Command errored out with exit status 1: python setup.py egg_info Check the logs for full command output.
ivan@Ivan-PC:~/Рабочий стол/Учёба/8 семестр/SQL/Практика/Лабы$ 
ivan@Ivan-PC:~/Рабочий стол/Учёба/8 семестр/SQL/Практика/Лабы$ pip3 install mysqlclient
Collecting mysqlclient
  Using cached mysqlclient-2.0.3.tar.gz (88 kB)
    ERROR: Command errored out with exit status 1:
     command: /usr/bin/python3 -c 'import sys, setuptools, tokenize; sys.argv[0] = '"'"'/tmp/pip-install-0kfzwx2r/mysqlclient/setup.py'"'"'; __file__='"'"'/tmp/pip-install-0kfzwx2r/mysqlclient/setup.py'"'"';f=getattr(tokenize, '"'"'open'"'"', open)(__file__);code=f.read().replace('"'"'\r\n'"'"', '"'"'\n'"'"');f.close();exec(compile(code, __file__, '"'"'exec'"'"'))' egg_info --egg-base /tmp/pip-install-0kfzwx2r/mysqlclient/pip-egg-info
         cwd: /tmp/pip-install-0kfzwx2r/mysqlclient/
    Complete output (15 lines):
    /bin/sh: 1: mysql_config: not found
    /bin/sh: 1: mariadb_config: not found
    /bin/sh: 1: mysql_config: not found
    Traceback (most recent call last):
      File "<string>", line 1, in <module>
      File "/tmp/pip-install-0kfzwx2r/mysqlclient/setup.py", line 15, in <module>
        metadata, options = get_config()
      File "/tmp/pip-install-0kfzwx2r/mysqlclient/setup_posix.py", line 70, in get_config
        libs = mysql_config("libs")
      File "/tmp/pip-install-0kfzwx2r/mysqlclient/setup_posix.py", line 31, in mysql_config
        raise OSError("{} not found".format(_mysql_config_path))
    OSError: mysql_config not found
    mysql_config --version
    mariadb_config --version
    mysql_config --libs
    ----------------------------------------
ERROR: Command errored out with exit status 1: python setup.py egg_info Check the logs for full command output.
ivan@Ivan-PC:~/Рабочий стол/Учёба/8 семестр/SQL/Практика/Лабы$ mysql_config --version

Команда «mysql_config» не найдена, но может быть установлена с помощью:

sudo apt install libmysqlclient-dev     # version 8.0.23-0ubuntu0.20.04.1, or
sudo apt install libmariadb-dev-compat  # version 1:10.3.25-0ubuntu0.20.04.1

ivan@Ivan-PC:~/Рабочий стол/Учёба/8 семестр/SQL/Практика/Лабы$ sudo apt install libmysqlclient-dev 
[sudo] пароль для ivan: 
Чтение списков пакетов… Готово
Построение дерева зависимостей       
Чтение информации о состоянии… Готово
Следующие пакеты устанавливались автоматически и больше не требуются:
  libestr0 libfastjson4 libfprint-2-tod1 libllvm10 libllvm9
Для их удаления используйте «sudo apt autoremove».
Следующие НОВЫЕ пакеты будут установлены:
  libmysqlclient-dev
Обновлено 0 пакетов, установлено 1 новых пакетов, для удаления отмечено 0 пакетов, и 0 пакетов не обновлено.
Необходимо скачать 1 536 kB архивов.
После данной операции объём занятого дискового пространства возрастёт на 9 803 kB.
Пол:1 http://mirror.corbina.net/ubuntu focal-updates/main amd64 libmysqlclient-dev amd64 8.0.23-0ubuntu0.20.04.1 [1 536 kB]
Получено 1 536 kB за 0с (8 024 kB/s)           
Выбор ранее не выбранного пакета libmysqlclient-dev.
(Чтение базы данных … на данный момент установлено 264319 файлов и каталогов.)
Подготовка к распаковке …/libmysqlclient-dev_8.0.23-0ubuntu0.20.04.1_amd64.deb …
Распаковывается libmysqlclient-dev (8.0.23-0ubuntu0.20.04.1) …
Настраивается пакет libmysqlclient-dev (8.0.23-0ubuntu0.20.04.1) …
Обрабатываются триггеры для man-db (2.9.1-1) …
ivan@Ivan-PC:~/Рабочий стол/Учёба/8 семестр/SQL/Практика/Лабы$ pip3 install mysqlclient
Collecting mysqlclient
  Using cached mysqlclient-2.0.3.tar.gz (88 kB)
Building wheels for collected packages: mysqlclient
  Building wheel for mysqlclient (setup.py) ... done
  Created wheel for mysqlclient: filename=mysqlclient-2.0.3-cp38-cp38-linux_x86_64.whl size=109289 sha256=7f7b9448900a46875000bb17572770da6587b0d4ae3c8fb2b35c42d1975070ec
  Stored in directory: /home/ivan/.cache/pip/wheels/3a/c1/c3/5a19639a551c921c2c2b39468f4278ce5aa27b4e386a4158e4
Successfully built mysqlclient
Installing collected packages: mysqlclient
Successfully installed mysqlclient-2.0.3

---

ivan@Ivan-PC:~/Рабочий стол/Учёба/8 семестр/SQL/Практика/Лабы$ sudo mysql -u root
[sudo] пароль для ivan: 
Welcome to the MySQL monitor.  Commands end with ; or \g.
Your MySQL connection id is 20
Server version: 8.0.23-0ubuntu0.20.04.1 (Ubuntu)

Copyright (c) 2000, 2021, Oracle and/or its affiliates.

Oracle is a registered trademark of Oracle Corporation and/or its
affiliates. Other names may be trademarks of their respective
owners.

Type 'help;' or '\h' for help. Type '\c' to clear the current input statement.

mysql> exit
Bye
ivan@Ivan-PC:~/Рабочий стол/Учёба/8 семестр/SQL/Практика/Лабы$ mysql -u root
ERROR 1698 (28000): Access denied for user 'root'@'localhost'
ivan@Ivan-PC:~/Рабочий стол/Учёба/8 семестр/SQL/Практика/Лабы$ sudo mysql -u root
Welcome to the MySQL monitor.  Commands end with ; or \g.
Your MySQL connection id is 22
Server version: 8.0.23-0ubuntu0.20.04.1 (Ubuntu)

Copyright (c) 2000, 2021, Oracle and/or its affiliates.

Oracle is a registered trademark of Oracle Corporation and/or its
affiliates. Other names may be trademarks of their respective
owners.

Type 'help;' or '\h' for help. Type '\c' to clear the current input statement.

mysql> SELECT User, Host, plugin FROM mysql.user;
+------------------+-----------+-----------------------+
| User             | Host      | plugin                |
+------------------+-----------+-----------------------+
| debian-sys-maint | localhost | caching_sha2_password |
| ivan             | localhost | caching_sha2_password |
| mysql.infoschema | localhost | caching_sha2_password |
| mysql.session    | localhost | caching_sha2_password |
| mysql.sys        | localhost | caching_sha2_password |
| root             | localhost | auth_socket           |
+------------------+-----------+-----------------------+
6 rows in set (0.00 sec)

mysql> exit
Bye
ivan@Ivan-PC:~/Рабочий стол/Учёба/8 семестр/SQL/Практика/Лабы$ sudo mysql -u root -p
Enter password: 
Welcome to the MySQL monitor.  Commands end with ; or \g.
Your MySQL connection id is 23
Server version: 8.0.23-0ubuntu0.20.04.1 (Ubuntu)

Copyright (c) 2000, 2021, Oracle and/or its affiliates.

Oracle is a registered trademark of Oracle Corporation and/or its
affiliates. Other names may be trademarks of their respective
owners.

Type 'help;' or '\h' for help. Type '\c' to clear the current input statement.

mysql> ALTER USER 'root'@'localhost' IDENTIFIED WITH mysql_native_password BY 'root';
ERROR 1819 (HY000): Your password does not satisfy the current policy requirements
mysql> ALTER USER 'root'@'localhost' IDENTIFIED WITH mysql_native_password BY 'root1234';
ERROR 1819 (HY000): Your password does not satisfy the current policy requirements
mysql> ALTER USER 'root'@'localhost' IDENTIFIED WITH mysql_native_password BY 'Root1234';
ERROR 1819 (HY000): Your password does not satisfy the current policy requirements
mysql> ALTER USER 'root'@'localhost' IDENTIFIED WITH mysql_native_password BY 'Root1234';
ERROR 1819 (HY000): Your password does not satisfy the current policy requirements
mysql> ALTER USER 'root'@'localhost' IDENTIFIED WITH mysql_native_password BY 'O419yF8zGx';
ERROR 1819 (HY000): Your password does not satisfy the current policy requirements
mysql> ALTER USER 'root'@'localhost' IDENTIFIED WITH mysql_native_password BY '66#r#0cZqe';
Query OK, 0 rows affected (0.01 sec)

mysql> SELECT VERSION()
    -> ж
    -> ;
+-------------------------+
| ж                       |
+-------------------------+
| 8.0.23-0ubuntu0.20.04.1 |
+-------------------------+
1 row in set (0.00 sec)

mysql> SELECT VERSION();
+-------------------------+
| VERSION()               |
+-------------------------+
| 8.0.23-0ubuntu0.20.04.1 |
+-------------------------+
1 row in set (0.00 sec)

mysql> 8 hours to end of working day

mysql> SHOW DATABASES;
+--------------------+
| Database           |
+--------------------+
| information_schema |
| mysql              |
| performance_schema |
| stores             |
| sys                |
| testDB             |
+--------------------+
6 rows in set (0.00 sec)

mysql> exit
Bye
ivan@Ivan-PC:~/Рабочий стол/Учёба/8 семестр/SQL/Практика/Лабы$ sudo mysql -u root
[sudo] пароль для ivan: 
ERROR 1045 (28000): Access denied for user 'root'@'localhost' (using password: NO)
ivan@Ivan-PC:~/Рабочий стол/Учёба/8 семестр/SQL/Практика/Лабы$ sudo mysql -u root -p
Enter password: 
ERROR 1045 (28000): Access denied for user 'root'@'localhost' (using password: YES)
ivan@Ivan-PC:~/Рабочий стол/Учёба/8 семестр/SQL/Практика/Лабы$ sudo mysql -u root -p 66#r#0cZqe
Enter password: 
ERROR 1049 (42000): Unknown database '66#r#0cZqe'
ivan@Ivan-PC:~/Рабочий стол/Учёба/8 семестр/SQL/Практика/Лабы$ sudo mysql -u root -p
Enter password: 
Welcome to the MySQL monitor.  Commands end with ; or \g.
Your MySQL connection id is 30
Server version: 8.0.23-0ubuntu0.20.04.1 (Ubuntu)

Copyright (c) 2000, 2021, Oracle and/or its affiliates.

Oracle is a registered trademark of Oracle Corporation and/or its
affiliates. Other names may be trademarks of their respective
owners.

Type 'help;' or '\h' for help. Type '\c' to clear the current input statement.

mysql> USE stores;
USE stores;
^C
mysql> SHOW TABLES;
ERROR 1046 (3D000): No database selected
mysql> SHOW DATABASES;
+--------------------+
| Database           |
+--------------------+
| information_schema |
| mysql              |
| performance_schema |
| stores             |
| sys                |
| testDB             |
+--------------------+
6 rows in set (0.00 sec)

mysql> USE stores;
Reading table information for completion of table and column names
You can turn off this feature to get a quicker startup with -A

Database changed
mysql> SHOW TABLES;
+---------------------+
| Tables_in_stores    |
+---------------------+
| CHUDNOVETS_CUSTOMER |
+---------------------+
1 row in set (0.00 sec)

mysql> SELECT * FROM CHUDNOVETS_CUSTOMER;
CHUDNOVETS_CUSTOMER;
^C
mysql> SELECT * FROM CHUDNOVETS_CUSTOMER;
Empty set (0.00 sec)

mysql> SHOW COLUMNS FROM CHUDNOVETS_CUSTOMER;
+--------------+----------+------+-----+---------+-------+
| Field        | Type     | Null | Key | Default | Extra |
+--------------+----------+------+-----+---------+-------+
| CUSTOMER_NUM | int      | YES  |     | NULL    |       |
| FNAME        | char(15) | YES  |     | NULL    |       |
| LNAME        | char(15) | YES  |     | NULL    |       |
| COMPANY      | char(20) | YES  |     | NULL    |       |
| ADDRESS1     | char(20) | YES  |     | NULL    |       |
| ADDRESS2     | char(20) | YES  |     | NULL    |       |
| CITY         | char(15) | YES  |     | NULL    |       |
| STATE        | char(2)  | YES  |     | NULL    |       |
| ZIPCODE      | char(5)  | YES  |     | NULL    |       |
| PHONE        | char(18) | YES  |     | NULL    |       |
+--------------+----------+------+-----+---------+-------+
10 rows in set (0.01 sec)

mysql> CREATE TABLE CHUDNOVETS_ORDERS (
    ->     ORDER_NUM      INTEGER NOT NULL,
    ->     ORDER_DATE     DATE,
    ->     CUSTOMER_NUM   INTEGER NOT NULL,
    ->     SHIP_INSTRUCT  CHAR(40),
    ->     BACKLOG        CHAR(1),
    ->     PO_NUM         CHAR(10),
    ->     SHIP_DATE      DATE,
    ->     SHIP_WEIGHT    DECIMAL(8,2),
    ->     SHIP_CHARGE    DECIMAL(8,2),
    ->     PAID_DATE      DATE
    -> );
Query OK, 0 rows affected (0.03 sec)

mysql> SHOW TABLES;
+---------------------+
| Tables_in_stores    |
+---------------------+
| CHUDNOVETS_CUSTOMER |
| CHUDNOVETS_ORDERS   |
+---------------------+
2 rows in set (0.00 sec)

mysql> CREATE TABLE CHUDNOVETS_ITEMS (
    ->     ITEM_NUM     SMALLINT NOT NULL,
    ->     ORDER_NUM    INTEGER NOT NULL,
    ->     STOCK_NUM    SMALLINT NOT NULL,
    ->     MANU_CODE    CHAR(3) NOT NULL,
    ->     QUANTITY     SMALLINT,
    ->     TOTAL_PRICE  DECIMAL(8,2)
    -> );
Query OK, 0 rows affected (0.03 sec)

mysql> CREATE TABLE CHUDNOVETS_STOCK (
    ->     STOCK_NUM    SMALLINT NOT NULL,
    ->     MANU_CODE    CHAR(3) NOT NULL,
    ->     DESCRIPTION  CHAR(15),
    ->     UNIT_PRICE   DECIMAL(8,2),
    ->     UNIT         CHAR(4),
    ->     UNIT_DESCR   CHAR(15)
    -> );
Query OK, 0 rows affected (0.04 sec)

mysql> CREATE TABLE CHUDNOVETS_MANUFACT (
    ->     MANU_CODE  CHAR(3) NOT NULL,
    ->     MANU_NAME  CHAR(15),
    ->     LEAD_TIME  INTEGER
    -> );
Query OK, 0 rows affected (0.03 sec)

mysql> CREATE TABLE CHUDNOVETS_STATE (
    ->     CODE   CHAR(2) NOT NULL,
    ->     SNAME  CHAR(15)
    -> );
Query OK, 0 rows affected (0.04 sec)

mysql> 

