ivan@Ivan-PC:~/Рабочий стол/Учёба/8 семестр/SQL/Практика/Лабы$ sudo mysql -u root -p
[sudo] пароль для ivan: 
Попробуйте ещё раз.
[sudo] пароль для ivan: 
Enter password: 
Welcome to the MySQL monitor.  Commands end with ; or \g.
Your MySQL connection id is 36
Server version: 8.0.23-0ubuntu0.20.04.1 (Ubuntu)

Copyright (c) 2000, 2021, Oracle and/or its affiliates.

Oracle is a registered trademark of Oracle Corporation and/or its
affiliates. Other names may be trademarks of their respective
owners.

Type 'help;' or '\h' for help. Type '\c' to clear the current input statement.

mysql> USE stores;
Reading table information for completion of table and column names
You can turn off this feature to get a quicker startup with -A

Database changed
mysql> SELECT * FROM CHUDNOVETS_CUSTOMER;
Empty set (0.00 sec)

mysql> SELECT * FROM CHUDNOVETS_CUSTOMER_;
ERROR 1146 (42S02): Table 'stores.CHUDNOVETS_CUSTOMER_' doesn't exist
mysql> INSERT INTO CHUDNOVETS_CUSTOMER (CUSTOMER_NUM,FNAME,LNAME,COMPANY,ADDRESS1,ADDRESS2,CITY,STATE,ZIPCODE,PHONE) VALUES (1001,20.05.1994,104,expr ess,n,B77836,01.06.1994,20,4,10,22.07.1994);
ERROR 1064 (42000): You have an error in your SQL syntax; check the manual that corresponds to your MySQL server version for the right syntax to use near '.1994,104,expr ess,n,B77836,01.06.1994,20,4,10,22.07.1994)' at line 1
mysql> INSERT INTO CHUDNOVETS_CUSTOMER (CUSTOMER_NUM,FNAME,LNAME,COMPANY,ADDRESS1,ADDRESS2,CITY,STATE,ZIPCODE,PHONE) VALUES (1001,'20.05.1994',104,'expr ess','n','B77836','01.06.1994',20,4,10,'22.07.1994');
ERROR 1136 (21S01): Column count doesn't match value count at row 1
mysql> INSERT INTO CHUDNOVETS_CUSTOMER (CUSTOMER_NUM,FNAME,LNAME,COMPANY,ADDRESS1,ADDRESS2,CITY,STATE,ZIPCODE,PHONE) VALUES (102,Carole,Sadler,Sports Spot,785 Geary St,,San Francisco,CA,94117,415-822-1289);
ERROR 1064 (42000): You have an error in your SQL syntax; check the manual that corresponds to your MySQL server version for the right syntax to use near 'Spot,785 Geary St,,San Francisco,CA,94117,415-822-1289)' at line 1
mysql> INSERT INTO CHUDNOVETS_CUSTOMER (CUSTOMER_NUM,FNAME,LNAME,COMPANY,ADDRESS1,ADDRESS2,CITY,STATE,ZIPCODE,PHONE) VALUES (102,'Carole','Sadler','Sports Spot','785 Geary St','','San Francisco','CA','94117','415-822-1289');
Query OK, 1 row affected (0.00 sec)

mysql> SELECT * FROM CHUDNOVETS_CUSTOMER_;
ERROR 1146 (42S02): Table 'stores.CHUDNOVETS_CUSTOMER_' doesn't exist
mysql> SELECT * FROM CHUDNOVETS_CUSTOMER;
+--------------+--------+--------+-------------+--------------+----------+---------------+-------+---------+--------------+
| CUSTOMER_NUM | FNAME  | LNAME  | COMPANY     | ADDRESS1     | ADDRESS2 | CITY          | STATE | ZIPCODE | PHONE        |
+--------------+--------+--------+-------------+--------------+----------+---------------+-------+---------+--------------+
|          102 | Carole | Sadler | Sports Spot | 785 Geary St |          | San Francisco | CA    | 94117   | 415-822-1289 |
+--------------+--------+--------+-------------+--------------+----------+---------------+-------+---------+--------------+
1 row in set (0.00 sec)

mysql> DELETE FROM CHUDNOVETS_CUSTOMER;
Query OK, 1 row affected (0.02 sec)

mysql> SELECT * FROM CHUDNOVETS_CUSTOMER;
Empty set (0.00 sec)

mysql> INSERT INTO CHUDNOVETS_CUSTOMER (CUSTOMER_NUM,FNAME,LNAME,COMPANY,ADDRESS1,ADDRESS2,CITY,STATE,ZIPCODE,PHONE) VALUES ('102','Carole','Sadler','Sports Spot','785 Geary St','','San Francisco','CA','94117','415-822-1289');
Query OK, 1 row affected (0.01 sec)

mysql> SELECT * FROM CHUDNOVETS_CUSTOMER;
+--------------+--------+--------+-------------+--------------+----------+---------------+-------+---------+--------------+
| CUSTOMER_NUM | FNAME  | LNAME  | COMPANY     | ADDRESS1     | ADDRESS2 | CITY          | STATE | ZIPCODE | PHONE        |
+--------------+--------+--------+-------------+--------------+----------+---------------+-------+---------+--------------+
|          102 | Carole | Sadler | Sports Spot | 785 Geary St |          | San Francisco | CA    | 94117   | 415-822-1289 |
+--------------+--------+--------+-------------+--------------+----------+---------------+-------+---------+--------------+
1 row in set (0.00 sec)

mysql> DELETE FROM CHUDNOVETS_CUSTOMER;
Query OK, 1 row affected (0.01 sec)

mysql> SELECT * FROM CHUDNOVETS_CUSTOMER;
Empty set (0.00 sec)

mysql> SELECT * FROM CHUDNOVETS_CUSTOMER;
Empty set (0.00 sec)

mysql> SELECT * FROM CHUDNOVETS_CUSTOMER;
Empty set (0.00 sec)

mysql> SELECT * FROM CHUDNOVETS_CUSTOMER;
Empty set (0.00 sec)

mysql> SELECT * FROM CHUDNOVETS_CUSTOMER;
Empty set (0.00 sec)

mysql> SELECT * FROM CHUDNOVETS_CUSTOMER;
Empty set (0.00 sec)

mysql> SELECT * FROM CHUDNOVETS_CUSTOMER;
Empty set (0.00 sec)

mysql> SELECT * FROM CHUDNOVETS_CUSTOMER;
Empty set (0.00 sec)

mysql> SELECT * FROM CHUDNOVETS_CUSTOMER;
Empty set (0.00 sec)

mysql> SELECT * FROM CHUDNOVETS_CUSTOMER;
Empty set (0.00 sec)

mysql> SELECT * FROM CHUDNOVETS_CUSTOMER;
Empty set (0.00 sec)

mysql> SELECT * FROM CHUDNOVETS_CUSTOMER;
Empty set (0.00 sec)

mysql> SELECT * FROM CHUDNOVETS_CUSTOMER;
Empty set (0.00 sec)

mysql> SELECT * FROM CHUDNOVETS_CUSTOMER;
Empty set (0.00 sec)

mysql> SELECT * FROM CHUDNOVETS_CUSTOMER;                                                                                          
SELECT * FROM CHUDNOVETS_CUSTOMER;
^C
mysql> 
mysql> SELECT * FROM CHUDNOVETS_CUSTOMER;
+--------------+----------+-----------+----------------------+---------------------+--------------------+---------------+-------+---------+--------------+
| CUSTOMER_NUM | FNAME    | LNAME     | COMPANY              | ADDRESS1            | ADDRESS2           | CITY          | STATE | ZIPCODE | PHONE        |
+--------------+----------+-----------+----------------------+---------------------+--------------------+---------------+-------+---------+--------------+
|          101 | Ludwig   | Pauli     | All Sports Supplies  | 213 Erstwild Court  |                    | Sunnyvale     | CA    | 94086   | 408-789-8075 |
|          102 | Carole   | Sadler    | Sports Spot          | 785 Geary St        |                    | San Francisco | CA    | 94117   | 415-822-1289 |
|          103 | Philip   | Currie    | Phil`s Sports        | 654 Poplar          | P. O. Box 3498     | Palo Alto     | CA    | 94303   | 415-328-4543 |
|          104 | Anthony  | Higgins   | Play Ball!           | East Shopping Cntr. | 422 Bay Road       | Redwood City  | CA    | 94026   | 415-368-1100 |
|          105 | Raymond  | Vector    | Los Altos Sports     | 1899 La Loma Drive  |                    | Los Altos     | CA    | 94022   | 415-776-3249 |
|          106 | George   | Watson    | Watson & Son         | 1143 Carver Place   |                    | Mountain View | CA    | 94063   | 415-389-8789 |
|          107 | Charles  | Ream      | Athletic Supplies    | 41 Jordan Avenue    |                    | Palo Alto     | CA    | 94304   | 415-356-9876 |
|          108 | Donald   | Quinn     | Quinn`s Sports       | 587 Alvarado        |                    | Redwood City  | CA    | 94063   | 415-544-8729 |
|          109 | Jane     | Miller    | Sport Stuff          | Mayfair Mart        | 7345 Ross Blvd.    | Sunnyvale     | CA    | 94086   | 408-723-8789 |
|          110 | Roy      | Jaeger    | AA Athletics         | 520 Topaz Way       |                    | Redwood City  | CA    | 94062   | 415-743-3611 |
|          111 | Frances  | Keyes     | Sports Center        | 3199 Sterling Court |                    | Sunnyvale     | CA    | 94085   | 408-277-7245 |
|          112 | Margaret | Lawson    | Runners & Others     | 234 Wyandotte Way   |                    | Los Altos     | CA    | 94022   | 415-887-7235 |
|          113 | Lana     | Beatty    | Sportstown           | 654 Oak Grove       |                    | Menlo Park    | CA    | 94025   | 415-356-9982 |
|          114 | Frank    | Albertson | Sporting Place       | 947 Waverly Place   |                    | Redwood City  | CA    | 94062   | 415-886-6677 |
|          115 | Alfred   | Grant     | Gold Medal Sports    | 776 Gary Avenue     |                    | Menlo Park    | CA    | 94025   | 415-356-1123 |
|          116 | Jean     | Parmelee  | Olympic City         | 1104 Spinosa Drive  |                    | Mountain View | CA    | 94040   | 415-534-8822 |
|          117 | Arnold   | Sipes     | Kids Korner          | 850 Lytton Court    |                    | Redwood City  | CA    | 94063   | 415-245-4578 |
|          118 | Dick     | Baxter    | Blue Ribbon Sports   | 5427 College        |                    | Oakland       | CA    | 94609   | 415-655-0011 |
|          119 | Bob      | Shorter   | The Triathletes Club | 2405 Kings Highway  |                    | Cherry Hill   | NJ    | 08002   | 609-663-6079 |
|          120 | Fred     | Jewell    | Century Pro Shop     | 6627 N. 17th Way    |                    | Phoenix       | AZ    | 85016   | 602-265-8754 |
|          121 | Jason    | Wallack   | City Sports          | Lake Biltmore Mall  | 350 W. 23rd Street | Wilmington    | DE    | 19898   | 302-366-7511 |
|          122 | Cathy    | O`Brian   | The Sporting Life    | 543 Nassau Street   |                    | Princeton     | NJ    | 08540   | 609-342-0054 |
+--------------+----------+-----------+----------------------+---------------------+--------------------+---------------+-------+---------+--------------+
22 rows in set (0.01 sec)

mysql> DELETE FROM CHUDNOVETS_CUSTOMER;
Query OK, 22 rows affected (0.00 sec)

mysql> SELECT * FROM CHUDNOVETS_CUSTOMER;
Empty set (0.00 sec)

mysql> SELECT * FROM CHUDNOVETS_CUSTOMER;
+--------------+----------+-----------+----------------------+---------------------+--------------------+---------------+-------+---------+--------------+
| CUSTOMER_NUM | FNAME    | LNAME     | COMPANY              | ADDRESS1            | ADDRESS2           | CITY          | STATE | ZIPCODE | PHONE        |
+--------------+----------+-----------+----------------------+---------------------+--------------------+---------------+-------+---------+--------------+
|          101 | Ludwig   | Pauli     | All Sports Supplies  | 213 Erstwild Court  |                    | Sunnyvale     | CA    | 94086   | 408-789-8075 |
|          102 | Carole   | Sadler    | Sports Spot          | 785 Geary St        |                    | San Francisco | CA    | 94117   | 415-822-1289 |
|          103 | Philip   | Currie    | Phil`s Sports        | 654 Poplar          | P. O. Box 3498     | Palo Alto     | CA    | 94303   | 415-328-4543 |
|          104 | Anthony  | Higgins   | Play Ball!           | East Shopping Cntr. | 422 Bay Road       | Redwood City  | CA    | 94026   | 415-368-1100 |
|          105 | Raymond  | Vector    | Los Altos Sports     | 1899 La Loma Drive  |                    | Los Altos     | CA    | 94022   | 415-776-3249 |
|          106 | George   | Watson    | Watson & Son         | 1143 Carver Place   |                    | Mountain View | CA    | 94063   | 415-389-8789 |
|          107 | Charles  | Ream      | Athletic Supplies    | 41 Jordan Avenue    |                    | Palo Alto     | CA    | 94304   | 415-356-9876 |
|          108 | Donald   | Quinn     | Quinn`s Sports       | 587 Alvarado        |                    | Redwood City  | CA    | 94063   | 415-544-8729 |
|          109 | Jane     | Miller    | Sport Stuff          | Mayfair Mart        | 7345 Ross Blvd.    | Sunnyvale     | CA    | 94086   | 408-723-8789 |
|          110 | Roy      | Jaeger    | AA Athletics         | 520 Topaz Way       |                    | Redwood City  | CA    | 94062   | 415-743-3611 |
|          111 | Frances  | Keyes     | Sports Center        | 3199 Sterling Court |                    | Sunnyvale     | CA    | 94085   | 408-277-7245 |
|          112 | Margaret | Lawson    | Runners & Others     | 234 Wyandotte Way   |                    | Los Altos     | CA    | 94022   | 415-887-7235 |
|          113 | Lana     | Beatty    | Sportstown           | 654 Oak Grove       |                    | Menlo Park    | CA    | 94025   | 415-356-9982 |
|          114 | Frank    | Albertson | Sporting Place       | 947 Waverly Place   |                    | Redwood City  | CA    | 94062   | 415-886-6677 |
|          115 | Alfred   | Grant     | Gold Medal Sports    | 776 Gary Avenue     |                    | Menlo Park    | CA    | 94025   | 415-356-1123 |
|          116 | Jean     | Parmelee  | Olympic City         | 1104 Spinosa Drive  |                    | Mountain View | CA    | 94040   | 415-534-8822 |
|          117 | Arnold   | Sipes     | Kids Korner          | 850 Lytton Court    |                    | Redwood City  | CA    | 94063   | 415-245-4578 |
|          118 | Dick     | Baxter    | Blue Ribbon Sports   | 5427 College        |                    | Oakland       | CA    | 94609   | 415-655-0011 |
|          119 | Bob      | Shorter   | The Triathletes Club | 2405 Kings Highway  |                    | Cherry Hill   | NJ    | 08002   | 609-663-6079 |
|          120 | Fred     | Jewell    | Century Pro Shop     | 6627 N. 17th Way    |                    | Phoenix       | AZ    | 85016   | 602-265-8754 |
|          121 | Jason    | Wallack   | City Sports          | Lake Biltmore Mall  | 350 W. 23rd Street | Wilmington    | DE    | 19898   | 302-366-7511 |
|          122 | Cathy    | O`Brian   | The Sporting Life    | 543 Nassau Street   |                    | Princeton     | NJ    | 08540   | 609-342-0054 |
+--------------+----------+-----------+----------------------+---------------------+--------------------+---------------+-------+---------+--------------+
22 rows in set (0.00 sec)

mysql> SELECT * FROM CHUDNOVETS_CUSTOMER;
+--------------+----------+-----------+----------------------+---------------------+--------------------+---------------+-------+---------+--------------+
| CUSTOMER_NUM | FNAME    | LNAME     | COMPANY              | ADDRESS1            | ADDRESS2           | CITY          | STATE | ZIPCODE | PHONE        |
+--------------+----------+-----------+----------------------+---------------------+--------------------+---------------+-------+---------+--------------+
|          101 | Ludwig   | Pauli     | All Sports Supplies  | 213 Erstwild Court  |                    | Sunnyvale     | CA    | 94086   | 408-789-8075 |
|          102 | Carole   | Sadler    | Sports Spot          | 785 Geary St        |                    | San Francisco | CA    | 94117   | 415-822-1289 |
|          103 | Philip   | Currie    | Phil`s Sports        | 654 Poplar          | P. O. Box 3498     | Palo Alto     | CA    | 94303   | 415-328-4543 |
|          104 | Anthony  | Higgins   | Play Ball!           | East Shopping Cntr. | 422 Bay Road       | Redwood City  | CA    | 94026   | 415-368-1100 |
|          105 | Raymond  | Vector    | Los Altos Sports     | 1899 La Loma Drive  |                    | Los Altos     | CA    | 94022   | 415-776-3249 |
|          106 | George   | Watson    | Watson & Son         | 1143 Carver Place   |                    | Mountain View | CA    | 94063   | 415-389-8789 |
|          107 | Charles  | Ream      | Athletic Supplies    | 41 Jordan Avenue    |                    | Palo Alto     | CA    | 94304   | 415-356-9876 |
|          108 | Donald   | Quinn     | Quinn`s Sports       | 587 Alvarado        |                    | Redwood City  | CA    | 94063   | 415-544-8729 |
|          109 | Jane     | Miller    | Sport Stuff          | Mayfair Mart        | 7345 Ross Blvd.    | Sunnyvale     | CA    | 94086   | 408-723-8789 |
|          110 | Roy      | Jaeger    | AA Athletics         | 520 Topaz Way       |                    | Redwood City  | CA    | 94062   | 415-743-3611 |
|          111 | Frances  | Keyes     | Sports Center        | 3199 Sterling Court |                    | Sunnyvale     | CA    | 94085   | 408-277-7245 |
|          112 | Margaret | Lawson    | Runners & Others     | 234 Wyandotte Way   |                    | Los Altos     | CA    | 94022   | 415-887-7235 |
|          113 | Lana     | Beatty    | Sportstown           | 654 Oak Grove       |                    | Menlo Park    | CA    | 94025   | 415-356-9982 |
|          114 | Frank    | Albertson | Sporting Place       | 947 Waverly Place   |                    | Redwood City  | CA    | 94062   | 415-886-6677 |
|          115 | Alfred   | Grant     | Gold Medal Sports    | 776 Gary Avenue     |                    | Menlo Park    | CA    | 94025   | 415-356-1123 |
|          116 | Jean     | Parmelee  | Olympic City         | 1104 Spinosa Drive  |                    | Mountain View | CA    | 94040   | 415-534-8822 |
|          117 | Arnold   | Sipes     | Kids Korner          | 850 Lytton Court    |                    | Redwood City  | CA    | 94063   | 415-245-4578 |
|          118 | Dick     | Baxter    | Blue Ribbon Sports   | 5427 College        |                    | Oakland       | CA    | 94609   | 415-655-0011 |
|          119 | Bob      | Shorter   | The Triathletes Club | 2405 Kings Highway  |                    | Cherry Hill   | NJ    | 08002   | 609-663-6079 |
|          120 | Fred     | Jewell    | Century Pro Shop     | 6627 N. 17th Way    |                    | Phoenix       | AZ    | 85016   | 602-265-8754 |
|          121 | Jason    | Wallack   | City Sports          | Lake Biltmore Mall  | 350 W. 23rd Street | Wilmington    | DE    | 19898   | 302-366-7511 |
|          122 | Cathy    | O`Brian   | The Sporting Life    | 543 Nassau Street   |                    | Princeton     | NJ    | 08540   | 609-342-0054 |
+--------------+----------+-----------+----------------------+---------------------+--------------------+---------------+-------+---------+--------------+
22 rows in set (0.00 sec)

mysql> CREATE TABLE CHUDNOVETS_ORDERS (
    ->     ORDER_NUM      INTEGER NOT NULL,
    ->     ORDER_DATE     DATE,
    ->     CUSTOMER_NUM   INTEGER NOT NULL,
    ->     SHIP_INSTRUCT  CHAR(40),
    ->     BACKLOG        CHAR(1),
    ->     PO_NUM         CHAR(10),
    ->     SHIP_DATE      DATE,
    ->     SHIP_WEIGHT    DECIMAL(8,2),
    ->     SHIP_CHARGE    DECIMAL(8,2),
    ->     PAID_DATE      DATE
    -> );
ERROR 1050 (42S01): Table 'CHUDNOVETS_ORDERS' already exists
mysql> SHOW TABLES FROM stores;
+---------------------+
| Tables_in_stores    |
+---------------------+
| CHUDNOVETS_CUSTOMER |
| CHUDNOVETS_ITEMS    |
| CHUDNOVETS_MANUFACT |
| CHUDNOVETS_ORDERS   |
| CHUDNOVETS_STATE    |
| CHUDNOVETS_STOCK    |
+---------------------+
6 rows in set (0.00 sec)

mysql> SHOW COLUMNS FROM CHUDNOVETS_ORDERS;
+---------------+--------------+------+-----+---------+-------+
| Field         | Type         | Null | Key | Default | Extra |
+---------------+--------------+------+-----+---------+-------+
| ORDER_NUM     | int          | NO   |     | NULL    |       |
| ORDER_DATE    | date         | YES  |     | NULL    |       |
| CUSTOMER_NUM  | int          | NO   |     | NULL    |       |
| SHIP_INSTRUCT | char(40)     | YES  |     | NULL    |       |
| BACKLOG       | char(1)      | YES  |     | NULL    |       |
| PO_NUM        | char(10)     | YES  |     | NULL    |       |
| SHIP_DATE     | date         | YES  |     | NULL    |       |
| SHIP_WEIGHT   | decimal(8,2) | YES  |     | NULL    |       |
| SHIP_CHARGE   | decimal(8,2) | YES  |     | NULL    |       |
| PAID_DATE     | date         | YES  |     | NULL    |       |
+---------------+--------------+------+-----+---------+-------+
10 rows in set (0.00 sec)

mysql> SHOW COLUMNS FROM CHUDNOVETS_ITEMS;
+-------------+--------------+------+-----+---------+-------+
| Field       | Type         | Null | Key | Default | Extra |
+-------------+--------------+------+-----+---------+-------+
| ITEM_NUM    | smallint     | NO   |     | NULL    |       |
| ORDER_NUM   | int          | NO   |     | NULL    |       |
| STOCK_NUM   | smallint     | NO   |     | NULL    |       |
| MANU_CODE   | char(3)      | NO   |     | NULL    |       |
| QUANTITY    | smallint     | YES  |     | NULL    |       |
| TOTAL_PRICE | decimal(8,2) | YES  |     | NULL    |       |
+-------------+--------------+------+-----+---------+-------+
6 rows in set (0.01 sec)

mysql> SHOW COLUMNS FROM CHUDNOVETS_STOCK;
+-------------+--------------+------+-----+---------+-------+
| Field       | Type         | Null | Key | Default | Extra |
+-------------+--------------+------+-----+---------+-------+
| STOCK_NUM   | smallint     | NO   |     | NULL    |       |
| MANU_CODE   | char(3)      | NO   |     | NULL    |       |
| DESCRIPTION | char(15)     | YES  |     | NULL    |       |
| UNIT_PRICE  | decimal(8,2) | YES  |     | NULL    |       |
| UNIT        | char(4)      | YES  |     | NULL    |       |
| UNIT_DESCR  | char(15)     | YES  |     | NULL    |       |
+-------------+--------------+------+-----+---------+-------+
6 rows in set (0.00 sec)

mysql> SHOW COLUMNS FROM CHUDNOVETS_MANUFACT;
+-----------+----------+------+-----+---------+-------+
| Field     | Type     | Null | Key | Default | Extra |
+-----------+----------+------+-----+---------+-------+
| MANU_CODE | char(3)  | NO   |     | NULL    |       |
| MANU_NAME | char(15) | YES  |     | NULL    |       |
| LEAD_TIME | int      | YES  |     | NULL    |       |
+-----------+----------+------+-----+---------+-------+
3 rows in set (0.00 sec)

mysql> SHOW COLUMNS FROM CHUDNOVETS_STATE;
+-------+----------+------+-----+---------+-------+
| Field | Type     | Null | Key | Default | Extra |
+-------+----------+------+-----+---------+-------+
| CODE  | char(2)  | NO   |     | NULL    |       |
| SNAME | char(15) | YES  |     | NULL    |       |
+-------+----------+------+-----+---------+-------+
2 rows in set (0.00 sec)

mysql> SELECT * FROM CHUDNOVETS_ORDERS;
Empty set (0.00 sec)

mysql> SELECT * FROM CHUDNOVETS_ORDERS;
Empty set (0.00 sec)

mysql> SELECT * FROM CHUDNOVETS_ORDERS;
Empty set (0.00 sec)

mysql> SELECT * FROM CHUDNOVETS_ORDERS;
Empty set (0.00 sec)

mysql> SELECT * FROM CHUDNOVETS_ORDERS;
Empty set (0.00 sec)

mysql> SELECT * FROM CHUDNOVETS_ORDERS;
Empty set (0.00 sec)

mysql> SELECT * FROM CHUDNOVETS_ORDERS;
Empty set (0.00 sec)

mysql> SELECT * FROM CHUDNOVETS_ORDERS;
+-----------+------------+--------------+--------------------------------------+---------+--------+------------+-------------+-------------+------------+
| ORDER_NUM | ORDER_DATE | CUSTOMER_NUM | SHIP_INSTRUCT                        | BACKLOG | PO_NUM | SHIP_DATE  | SHIP_WEIGHT | SHIP_CHARGE | PAID_DATE  |
+-----------+------------+--------------+--------------------------------------+---------+--------+------------+-------------+-------------+------------+
|      1001 | 1994-05-20 |          104 | express                              | n       | B77836 | 1994-06-01 |       20.40 |       10.00 | 1994-07-22 |
|      1001 | 1994-05-20 |          104 | express                              | n       | B77836 | 1994-06-01 |       20.40 |       10.00 | 1994-07-22 |
|      1002 | 1994-05-21 |          101 | PO on box; deliver to back door only | n       | 9270   | 1994-05-26 |       50.60 |       15.30 | 1994-06-03 |
|      1003 | 1994-05-22 |          104 | express                              | n       | B77890 | 1994-05-23 |       35.60 |       10.80 | 1994-06-14 |
+-----------+------------+--------------+--------------------------------------+---------+--------+------------+-------------+-------------+------------+
4 rows in set (0.00 sec)

mysql> 8 hours to end of working day
       DELETE FROM CHUDNOVETS_ORDERS;
Query OK, 4 rows affected (0.01 sec)

mysql> SELECT * FROM CHUDNOVETS_ORDERS;
Empty set (0.00 sec)

mysql> SELECT * FROM CHUDNOVETS_ORDERS;
+-----------+------------+--------------+--------------------------------------+---------+--------+------------+-------------+-------------+------------+
| ORDER_NUM | ORDER_DATE | CUSTOMER_NUM | SHIP_INSTRUCT                        | BACKLOG | PO_NUM | SHIP_DATE  | SHIP_WEIGHT | SHIP_CHARGE | PAID_DATE  |
+-----------+------------+--------------+--------------------------------------+---------+--------+------------+-------------+-------------+------------+
|      1001 | 1994-05-20 |          104 | express                              | n       | B77836 | 1994-06-01 |       20.40 |       10.00 | 1994-07-22 |
|      1002 | 1994-05-21 |          101 | PO on box; deliver to back door only | n       | 9270   | 1994-05-26 |       50.60 |       15.30 | 1994-06-03 |
|      1003 | 1994-05-22 |          104 | express                              | n       | B77890 | 1994-05-23 |       35.60 |       10.80 | 1994-06-14 |
+-----------+------------+--------------+--------------------------------------+---------+--------+------------+-------------+-------------+------------+
3 rows in set (0.00 sec)

mysql> DELETE FROM CHUDNOVETS_ORDERS;
Query OK, 3 rows affected (0.01 sec)

mysql> SELECT * FROM CHUDNOVETS_ORDERS;
Empty set (0.00 sec)

mysql> SELECT * FROM CHUDNOVETS_ORDERS;
+-----------+------------+--------------+--------------------------------------+---------+--------+------------+-------------+-------------+------------+
| ORDER_NUM | ORDER_DATE | CUSTOMER_NUM | SHIP_INSTRUCT                        | BACKLOG | PO_NUM | SHIP_DATE  | SHIP_WEIGHT | SHIP_CHARGE | PAID_DATE  |
+-----------+------------+--------------+--------------------------------------+---------+--------+------------+-------------+-------------+------------+
|      1001 | 1994-05-20 |          104 | express                              | n       | B77836 | 1994-06-01 |       20.40 |       10.00 | 1994-07-22 |
|      1002 | 1994-05-21 |          101 | PO on box; deliver to back door only | n       | 9270   | 1994-05-26 |       50.60 |       15.30 | 1994-06-03 |
|      1003 | 1994-05-22 |          104 | express                              | n       | B77890 | 1994-05-23 |       35.60 |       10.80 | 1994-06-14 |
|      1001 | 1994-05-20 |          104 | express                              | n       | B77836 | 1994-06-01 |       20.40 |       10.00 | 1994-07-22 |
|      1002 | 1994-05-21 |          101 | PO on box; deliver to back door only | n       | 9270   | 1994-05-26 |       50.60 |       15.30 | 1994-06-03 |
|      1003 | 1994-05-22 |          104 | express                              | n       | B77890 | 1994-05-23 |       35.60 |       10.80 | 1994-06-14 |
|      1001 | 1994-05-20 |          104 | express                              | n       | B77836 | 1994-06-01 |       20.40 |       10.00 | 1994-07-22 |
|      1002 | 1994-05-21 |          101 | PO on box; deliver to back door only | n       | 9270   | 1994-05-26 |       50.60 |       15.30 | 1994-06-03 |
|      1003 | 1994-05-22 |          104 | express                              | n       | B77890 | 1994-05-23 |       35.60 |       10.80 | 1994-06-14 |
|      1004 | 1994-05-22 |          106 | ring bell twice                      | y       | 8006   | 1994-05-30 |       95.80 |       19.20 | NULL       |
|      1005 | 1994-05-24 |          116 | call before delivery                 | n       | 2865   | 1994-06-09 |       80.80 |       16.20 | 1994-06-21 |
+-----------+------------+--------------+--------------------------------------+---------+--------+------------+-------------+-------------+------------+
11 rows in set (0.00 sec)

mysql> DELETE FROM CHUDNOVETS_ORDERS;
Query OK, 11 rows affected (0.01 sec)

mysql> SELECT * FROM CHUDNOVETS_ORDERS;
Empty set (0.00 sec)

mysql> DELETE FROM CHUDNOVETS_ORDERS;
Query OK, 19 rows affected (0.01 sec)

mysql> SELECT * FROM CHUDNOVETS_ORDERS;
Empty set (0.00 sec)

mysql> SELECT * FROM CHUDNOVETS_ORDERS;
+-----------+------------+--------------+--------------------------------------+---------+----------+------------+-------------+-------------+------------+
| ORDER_NUM | ORDER_DATE | CUSTOMER_NUM | SHIP_INSTRUCT                        | BACKLOG | PO_NUM   | SHIP_DATE  | SHIP_WEIGHT | SHIP_CHARGE | PAID_DATE  |
+-----------+------------+--------------+--------------------------------------+---------+----------+------------+-------------+-------------+------------+
|      1001 | 1994-05-20 |          104 | express                              | n       | B77836   | 1994-06-01 |       20.40 |       10.00 | 1994-07-22 |
|      1002 | 1994-05-21 |          101 | PO on box; deliver to back door only | n       | 9270     | 1994-05-26 |       50.60 |       15.30 | 1994-06-03 |
|      1003 | 1994-05-22 |          104 | express                              | n       | B77890   | 1994-05-23 |       35.60 |       10.80 | 1994-06-14 |
|      1004 | 1994-05-22 |          106 | ring bell twice                      | y       | 8006     | 1994-05-30 |       95.80 |       19.20 | NULL       |
|      1005 | 1994-05-24 |          116 | call before delivery                 | n       | 2865     | 1994-06-09 |       80.80 |       16.20 | 1994-06-21 |
|      1006 | 1994-05-30 |          112 | after 10 am                          | y       | Q13557   | NULL       |       70.80 |       14.20 | NULL       |
|      1007 | 1994-05-31 |          117 | NULL                                 | n       | 278693   | 1994-06-05 |      125.90 |       25.20 | NULL       |
|      1008 | 1994-06-07 |          110 | closed Monday                        | y       | LZ230    | 1994-07-06 |       45.60 |       13.80 | 1994-07-21 |
|      1009 | 1994-06-14 |          111 | next door to grocery                 | n       | 4745     | 1994-06-21 |       20.40 |       10.00 | 1994-08-21 |
|      1010 | 1994-06-17 |          115 | deliver 776 King St. if no answer    | n       | 429Q     | 1994-06-29 |       40.60 |       12.30 | 1994-08-22 |
|      1011 | 1994-06-18 |          104 | express                              | n       | B77897   | 1994-07-03 |       10.40 |        5.00 | 1994-08-29 |
|      1012 | 1994-06-18 |          117 | NULL                                 | n       | 278701   | 1994-06-29 |       70.80 |       14.20 | NULL       |
|      1013 | 1994-06-22 |          104 | express                              | n       | B77930   | 1994-07-10 |       60.80 |       12.20 | 1994-07-31 |
|      1014 | 1994-06-25 |          106 | ring bell, kick door loudly          | n       | 8052     | 1994-07-03 |       40.60 |       12.30 | 1994-07-10 |
|      1015 | 1994-06-27 |          110 | closed Mondays                       | n       | MA003    | 1994-07-16 |       20.60 |        6.30 | 1994-08-31 |
|      1016 | 1994-06-29 |          119 | delivery entrance off Camp St.       | n       | PC6782   | 1994-07-12 |       35.00 |       11.80 | NULL       |
|      1017 | 1994-07-09 |          120 | North side of clubhouse              | n       | DM354331 | 1994-07-13 |       60.00 |       18.00 | NULL       |
|      1018 | 1994-07-10 |          121 | SW corner of Biltmore Mall           | n       | S22942   | 1994-07-13 |       70.50 |       20.00 | 1994-08-06 |
|      1019 | 1994-07-11 |          122 | closed til noon Mondays              | n       | Z55709   | 1994-07-16 |       90.00 |       23.00 | 1994-08-06 |
+-----------+------------+--------------+--------------------------------------+---------+----------+------------+-------------+-------------+------------+
19 rows in set (0.00 sec)

mysql> SELECT * FROM CHUDNOVETS_CUSTOMER;
+--------------+----------+-----------+----------------------+---------------------+--------------------+---------------+-------+---------+--------------+
| CUSTOMER_NUM | FNAME    | LNAME     | COMPANY              | ADDRESS1            | ADDRESS2           | CITY          | STATE | ZIPCODE | PHONE        |
+--------------+----------+-----------+----------------------+---------------------+--------------------+---------------+-------+---------+--------------+
|          101 | Ludwig   | Pauli     | All Sports Supplies  | 213 Erstwild Court  |                    | Sunnyvale     | CA    | 94086   | 408-789-8075 |
|          102 | Carole   | Sadler    | Sports Spot          | 785 Geary St        |                    | San Francisco | CA    | 94117   | 415-822-1289 |
|          103 | Philip   | Currie    | Phil`s Sports        | 654 Poplar          | P. O. Box 3498     | Palo Alto     | CA    | 94303   | 415-328-4543 |
|          104 | Anthony  | Higgins   | Play Ball!           | East Shopping Cntr. | 422 Bay Road       | Redwood City  | CA    | 94026   | 415-368-1100 |
|          105 | Raymond  | Vector    | Los Altos Sports     | 1899 La Loma Drive  |                    | Los Altos     | CA    | 94022   | 415-776-3249 |
|          106 | George   | Watson    | Watson & Son         | 1143 Carver Place   |                    | Mountain View | CA    | 94063   | 415-389-8789 |
|          107 | Charles  | Ream      | Athletic Supplies    | 41 Jordan Avenue    |                    | Palo Alto     | CA    | 94304   | 415-356-9876 |
|          108 | Donald   | Quinn     | Quinn`s Sports       | 587 Alvarado        |                    | Redwood City  | CA    | 94063   | 415-544-8729 |
|          109 | Jane     | Miller    | Sport Stuff          | Mayfair Mart        | 7345 Ross Blvd.    | Sunnyvale     | CA    | 94086   | 408-723-8789 |
|          110 | Roy      | Jaeger    | AA Athletics         | 520 Topaz Way       |                    | Redwood City  | CA    | 94062   | 415-743-3611 |
|          111 | Frances  | Keyes     | Sports Center        | 3199 Sterling Court |                    | Sunnyvale     | CA    | 94085   | 408-277-7245 |
|          112 | Margaret | Lawson    | Runners & Others     | 234 Wyandotte Way   |                    | Los Altos     | CA    | 94022   | 415-887-7235 |
|          113 | Lana     | Beatty    | Sportstown           | 654 Oak Grove       |                    | Menlo Park    | CA    | 94025   | 415-356-9982 |
|          114 | Frank    | Albertson | Sporting Place       | 947 Waverly Place   |                    | Redwood City  | CA    | 94062   | 415-886-6677 |
|          115 | Alfred   | Grant     | Gold Medal Sports    | 776 Gary Avenue     |                    | Menlo Park    | CA    | 94025   | 415-356-1123 |
|          116 | Jean     | Parmelee  | Olympic City         | 1104 Spinosa Drive  |                    | Mountain View | CA    | 94040   | 415-534-8822 |
|          117 | Arnold   | Sipes     | Kids Korner          | 850 Lytton Court    |                    | Redwood City  | CA    | 94063   | 415-245-4578 |
|          118 | Dick     | Baxter    | Blue Ribbon Sports   | 5427 College        |                    | Oakland       | CA    | 94609   | 415-655-0011 |
|          119 | Bob      | Shorter   | The Triathletes Club | 2405 Kings Highway  |                    | Cherry Hill   | NJ    | 08002   | 609-663-6079 |
|          120 | Fred     | Jewell    | Century Pro Shop     | 6627 N. 17th Way    |                    | Phoenix       | AZ    | 85016   | 602-265-8754 |
|          121 | Jason    | Wallack   | City Sports          | Lake Biltmore Mall  | 350 W. 23rd Street | Wilmington    | DE    | 19898   | 302-366-7511 |
|          122 | Cathy    | O`Brian   | The Sporting Life    | 543 Nassau Street   |                    | Princeton     | NJ    | 08540   | 609-342-0054 |
+--------------+----------+-----------+----------------------+---------------------+--------------------+---------------+-------+---------+--------------+
22 rows in set (0.00 sec)

mysql> DELETE FROM CHUDNOVETS_CUSTOMER;
Query OK, 22 rows affected (0.00 sec)

mysql> SELECT * FROM CHUDNOVETS_CUSTOMER;
Empty set (0.00 sec)

mysql> SELECT * FROM CHUDNOVETS_CUSTOMER;
+--------------+----------+-----------+----------------------+---------------------+--------------------+---------------+-------+---------+--------------+
| CUSTOMER_NUM | FNAME    | LNAME     | COMPANY              | ADDRESS1            | ADDRESS2           | CITY          | STATE | ZIPCODE | PHONE        |
+--------------+----------+-----------+----------------------+---------------------+--------------------+---------------+-------+---------+--------------+
|          101 | Ludwig   | Pauli     | All Sports Supplies  | 213 Erstwild Court  | NULL               | Sunnyvale     | CA    | 94086   | 408-789-8075 |
|          102 | Carole   | Sadler    | Sports Spot          | 785 Geary St        | NULL               | San Francisco | CA    | 94117   | 415-822-1289 |
|          103 | Philip   | Currie    | Phil`s Sports        | 654 Poplar          | P. O. Box 3498     | Palo Alto     | CA    | 94303   | 415-328-4543 |
|          104 | Anthony  | Higgins   | Play Ball!           | East Shopping Cntr. | 422 Bay Road       | Redwood City  | CA    | 94026   | 415-368-1100 |
|          105 | Raymond  | Vector    | Los Altos Sports     | 1899 La Loma Drive  | NULL               | Los Altos     | CA    | 94022   | 415-776-3249 |
|          106 | George   | Watson    | Watson & Son         | 1143 Carver Place   | NULL               | Mountain View | CA    | 94063   | 415-389-8789 |
|          107 | Charles  | Ream      | Athletic Supplies    | 41 Jordan Avenue    | NULL               | Palo Alto     | CA    | 94304   | 415-356-9876 |
|          108 | Donald   | Quinn     | Quinn`s Sports       | 587 Alvarado        | NULL               | Redwood City  | CA    | 94063   | 415-544-8729 |
|          109 | Jane     | Miller    | Sport Stuff          | Mayfair Mart        | 7345 Ross Blvd.    | Sunnyvale     | CA    | 94086   | 408-723-8789 |
|          110 | Roy      | Jaeger    | AA Athletics         | 520 Topaz Way       | NULL               | Redwood City  | CA    | 94062   | 415-743-3611 |
|          111 | Frances  | Keyes     | Sports Center        | 3199 Sterling Court | NULL               | Sunnyvale     | CA    | 94085   | 408-277-7245 |
|          112 | Margaret | Lawson    | Runners & Others     | 234 Wyandotte Way   | NULL               | Los Altos     | CA    | 94022   | 415-887-7235 |
|          113 | Lana     | Beatty    | Sportstown           | 654 Oak Grove       | NULL               | Menlo Park    | CA    | 94025   | 415-356-9982 |
|          114 | Frank    | Albertson | Sporting Place       | 947 Waverly Place   | NULL               | Redwood City  | CA    | 94062   | 415-886-6677 |
|          115 | Alfred   | Grant     | Gold Medal Sports    | 776 Gary Avenue     | NULL               | Menlo Park    | CA    | 94025   | 415-356-1123 |
|          116 | Jean     | Parmelee  | Olympic City         | 1104 Spinosa Drive  | NULL               | Mountain View | CA    | 94040   | 415-534-8822 |
|          117 | Arnold   | Sipes     | Kids Korner          | 850 Lytton Court    | NULL               | Redwood City  | CA    | 94063   | 415-245-4578 |
|          118 | Dick     | Baxter    | Blue Ribbon Sports   | 5427 College        | NULL               | Oakland       | CA    | 94609   | 415-655-0011 |
|          119 | Bob      | Shorter   | The Triathletes Club | 2405 Kings Highway  | NULL               | Cherry Hill   | NJ    | 08002   | 609-663-6079 |
|          120 | Fred     | Jewell    | Century Pro Shop     | 6627 N. 17th Way    | NULL               | Phoenix       | AZ    | 85016   | 602-265-8754 |
|          121 | Jason    | Wallack   | City Sports          | Lake Biltmore Mall  | 350 W. 23rd Street | Wilmington    | DE    | 19898   | 302-366-7511 |
|          122 | Cathy    | O`Brian   | The Sporting Life    | 543 Nassau Street   | NULL               | Princeton     | NJ    | 08540   | 609-342-0054 |
+--------------+----------+-----------+----------------------+---------------------+--------------------+---------------+-------+---------+--------------+
22 rows in set (0.00 sec)

mysql> DELETE FROM CHUDNOVETS_ORDERS;
Query OK, 19 rows affected (0.01 sec)

mysql> SELECT * FROM CHUDNOVETS_ORDERS;
Empty set (0.00 sec)

mysql> SELECT * FROM CHUDNOVETS_ORDERS;
+-----------+------------+--------------+--------------------------------------+---------+----------+------------+-------------+-------------+------------+
| ORDER_NUM | ORDER_DATE | CUSTOMER_NUM | SHIP_INSTRUCT                        | BACKLOG | PO_NUM   | SHIP_DATE  | SHIP_WEIGHT | SHIP_CHARGE | PAID_DATE  |
+-----------+------------+--------------+--------------------------------------+---------+----------+------------+-------------+-------------+------------+
|      1001 | 1994-05-20 |          104 | express                              | n       | B77836   | 1994-06-01 |       20.40 |       10.00 | 1994-07-22 |
|      1002 | 1994-05-21 |          101 | PO on box; deliver to back door only | n       | 9270     | 1994-05-26 |       50.60 |       15.30 | 1994-06-03 |
|      1003 | 1994-05-22 |          104 | express                              | n       | B77890   | 1994-05-23 |       35.60 |       10.80 | 1994-06-14 |
|      1004 | 1994-05-22 |          106 | ring bell twice                      | y       | 8006     | 1994-05-30 |       95.80 |       19.20 | NULL       |
|      1005 | 1994-05-24 |          116 | call before delivery                 | n       | 2865     | 1994-06-09 |       80.80 |       16.20 | 1994-06-21 |
|      1006 | 1994-05-30 |          112 | after 10 am                          | y       | Q13557   | NULL       |       70.80 |       14.20 | NULL       |
|      1007 | 1994-05-31 |          117 | NULL                                 | n       | 278693   | 1994-06-05 |      125.90 |       25.20 | NULL       |
|      1008 | 1994-06-07 |          110 | closed Monday                        | y       | LZ230    | 1994-07-06 |       45.60 |       13.80 | 1994-07-21 |
|      1009 | 1994-06-14 |          111 | next door to grocery                 | n       | 4745     | 1994-06-21 |       20.40 |       10.00 | 1994-08-21 |
|      1010 | 1994-06-17 |          115 | deliver 776 King St. if no answer    | n       | 429Q     | 1994-06-29 |       40.60 |       12.30 | 1994-08-22 |
|      1011 | 1994-06-18 |          104 | express                              | n       | B77897   | 1994-07-03 |       10.40 |        5.00 | 1994-08-29 |
|      1012 | 1994-06-18 |          117 | NULL                                 | n       | 278701   | 1994-06-29 |       70.80 |       14.20 | NULL       |
|      1013 | 1994-06-22 |          104 | express                              | n       | B77930   | 1994-07-10 |       60.80 |       12.20 | 1994-07-31 |
|      1014 | 1994-06-25 |          106 | ring bell, kick door loudly          | n       | 8052     | 1994-07-03 |       40.60 |       12.30 | 1994-07-10 |
|      1015 | 1994-06-27 |          110 | closed Mondays                       | n       | MA003    | 1994-07-16 |       20.60 |        6.30 | 1994-08-31 |
|      1016 | 1994-06-29 |          119 | delivery entrance off Camp St.       | n       | PC6782   | 1994-07-12 |       35.00 |       11.80 | NULL       |
|      1017 | 1994-07-09 |          120 | North side of clubhouse              | n       | DM354331 | 1994-07-13 |       60.00 |       18.00 | NULL       |
|      1018 | 1994-07-10 |          121 | SW corner of Biltmore Mall           | n       | S22942   | 1994-07-13 |       70.50 |       20.00 | 1994-08-06 |
|      1019 | 1994-07-11 |          122 | closed til noon Mondays              | n       | Z55709   | 1994-07-16 |       90.00 |       23.00 | 1994-08-06 |
+-----------+------------+--------------+--------------------------------------+---------+----------+------------+-------------+-------------+------------+
19 rows in set (0.00 sec)

mysql> SELECT * FROM CHUDNOVETS_ITEMS;
+----------+-----------+-----------+-----------+----------+-------------+
| ITEM_NUM | ORDER_NUM | STOCK_NUM | MANU_CODE | QUANTITY | TOTAL_PRICE |
+----------+-----------+-----------+-----------+----------+-------------+
|        1 |      1001 |         1 | HRO       |        1 |      250.00 |
|        1 |      1002 |         4 | HSK       |        1 |      960.00 |
|        1 |      1003 |         9 | ANZ       |        1 |       20.00 |
|        1 |      1004 |         1 | HRO       |        1 |      250.00 |
|        1 |      1005 |         5 | NRG       |       10 |      280.00 |
|        1 |      1006 |         5 | SMT       |        5 |      125.00 |
|        1 |      1007 |         1 | HRO       |        1 |      250.00 |
|        1 |      1008 |         8 | ANZ       |        1 |      840.00 |
|        1 |      1009 |         1 | SMT       |        1 |      450.00 |
|        1 |      1010 |         6 | SMT       |        1 |       36.00 |
|        1 |      1011 |         5 | ANZ       |        5 |       99.00 |
|        1 |      1012 |         8 | ANZ       |        1 |      840.00 |
+----------+-----------+-----------+-----------+----------+-------------+
12 rows in set (0.00 sec)

mysql> SHOW COLUMNS FROM CHUDNOVETS_ITEMS;
+-------------+--------------+------+-----+---------+-------+
| Field       | Type         | Null | Key | Default | Extra |
+-------------+--------------+------+-----+---------+-------+
| ITEM_NUM    | smallint     | NO   |     | NULL    |       |
| ORDER_NUM   | int          | NO   |     | NULL    |       |
| STOCK_NUM   | smallint     | NO   |     | NULL    |       |
| MANU_CODE   | char(3)      | NO   |     | NULL    |       |
| QUANTITY    | smallint     | YES  |     | NULL    |       |
| TOTAL_PRICE | decimal(8,2) | YES  |     | NULL    |       |
+-------------+--------------+------+-----+---------+-------+
6 rows in set (0.00 sec)

mysql> SELECT * FROM CHUDNOVETS_ITEMS;
+----------+-----------+-----------+-----------+----------+-------------+
| ITEM_NUM | ORDER_NUM | STOCK_NUM | MANU_CODE | QUANTITY | TOTAL_PRICE |
+----------+-----------+-----------+-----------+----------+-------------+
|        1 |      1001 |         1 | HRO       |        1 |      250.00 |
|        1 |      1002 |         4 | HSK       |        1 |      960.00 |
|        1 |      1003 |         9 | ANZ       |        1 |       20.00 |
|        1 |      1004 |         1 | HRO       |        1 |      250.00 |
|        1 |      1005 |         5 | NRG       |       10 |      280.00 |
|        1 |      1006 |         5 | SMT       |        5 |      125.00 |
|        1 |      1007 |         1 | HRO       |        1 |      250.00 |
|        1 |      1008 |         8 | ANZ       |        1 |      840.00 |
|        1 |      1009 |         1 | SMT       |        1 |      450.00 |
|        1 |      1010 |         6 | SMT       |        1 |       36.00 |
|        1 |      1011 |         5 | ANZ       |        5 |       99.00 |
|        1 |      1012 |         8 | ANZ       |        1 |      840.00 |
+----------+-----------+-----------+-----------+----------+-------------+
12 rows in set (0.00 sec)

mysql> DELETE FROM CHUDNOVETS_ITEMS;
Query OK, 12 rows affected (0.01 sec)

mysql> SELECT * FROM CHUDNOVETS_ITEMS;
Empty set (0.01 sec)

mysql> SELECT * FROM CHUDNOVETS_ITEMS;
+----------+-----------+-----------+-----------+----------+-------------+
| ITEM_NUM | ORDER_NUM | STOCK_NUM | MANU_CODE | QUANTITY | TOTAL_PRICE |
+----------+-----------+-----------+-----------+----------+-------------+
|        1 |      1001 |         1 | HRO       |        1 |      250.00 |
|        1 |      1002 |         4 | HSK       |        1 |      960.00 |
|        1 |      1003 |         9 | ANZ       |        1 |       20.00 |
|        1 |      1004 |         1 | HRO       |        1 |      250.00 |
|        1 |      1005 |         5 | NRG       |       10 |      280.00 |
|        1 |      1006 |         5 | SMT       |        5 |      125.00 |
|        1 |      1007 |         1 | HRO       |        1 |      250.00 |
|        1 |      1008 |         8 | ANZ       |        1 |      840.00 |
|        1 |      1009 |         1 | SMT       |        1 |      450.00 |
|        1 |      1010 |         6 | SMT       |        1 |       36.00 |
|        1 |      1011 |         5 | ANZ       |        5 |       99.00 |
|        1 |      1012 |         8 | ANZ       |        1 |      840.00 |
|        1 |      1013 |         5 | ANZ       |        1 |       19.80 |
|        1 |      1014 |         4 | HSK       |        1 |      960.00 |
|        1 |      1015 |         1 | SMT       |        1 |      450.00 |
|        1 |      1016 |       101 | SHM       |        2 |      136.00 |
|        1 |      1017 |       201 | NKL       |        4 |      150.00 |
|        1 |      1018 |       307 | PRC       |        2 |      500.00 |
|        1 |      1019 |       111 | SHM       |        3 |     1499.97 |
|        2 |      1002 |         3 | HSK       |        1 |      240.00 |
|        2 |      1003 |         8 | ANZ       |        1 |      840.00 |
|        2 |      1004 |         2 | HRO       |        1 |      126.00 |
|        2 |      1005 |         5 | ANZ       |       10 |      198.00 |
|        2 |      1006 |         5 | NRG       |        5 |      140.00 |
|        2 |      1007 |         2 | HRO       |        1 |      126.00 |
|        2 |      1008 |         9 | ANZ       |        5 |      100.00 |
|        2 |      1010 |         6 | ANZ       |        1 |       48.00 |
|        2 |      1012 |         9 | ANZ       |       10 |      200.00 |
|        2 |      1013 |         6 | SMT       |        1 |       36.00 |
|        2 |      1014 |         4 | HRO       |        1 |      480.00 |
|        2 |      1016 |       109 | PRC       |        3 |       90.00 |
|        2 |      1017 |       202 | KAR       |        1 |      230.00 |
|        2 |      1018 |       302 | KAR       |        3 |       15.00 |
|        3 |      1003 |         5 | ANZ       |        5 |       99.00 |
|        3 |      1004 |         3 | HSK       |        1 |      240.00 |
|        3 |      1005 |         6 | SMT       |        1 |       36.00 |
|        3 |      1006 |         5 | ANZ       |        5 |       99.00 |
|        3 |      1007 |         3 | HSK       |        1 |      240.00 |
|        3 |      1013 |         6 | ANZ       |        1 |       48.00 |
|        3 |      1016 |       110 | HSK       |        1 |      308.00 |
|        3 |      1017 |       301 | SHM       |        2 |      204.00 |
|        3 |      1018 |       110 | PRC       |        1 |      236.00 |
|        4 |      1004 |         1 | HSK       |        1 |      800.00 |
|        4 |      1005 |         6 | ANZ       |        1 |       48.00 |
|        4 |      1006 |         6 | SMT       |        1 |       36.00 |
|        4 |      1007 |         4 | HRO       |        1 |      480.00 |
|        4 |      1013 |         9 | ANZ       |        2 |       40.00 |
|        4 |      1016 |       114 | PRC       |        1 |      120.00 |
|        4 |      1018 |         5 | SMT       |        4 |      100.00 |
|        5 |      1006 |         6 | ANZ       |        1 |       48.00 |
|        5 |      1007 |         7 | HRO       |        1 |      600.00 |
|        5 |      1018 |       304 | HRO       |        1 |      280.00 |
+----------+-----------+-----------+-----------+----------+-------------+
52 rows in set (0.00 sec)

mysql> SELECT * FROM CHUDNOVETS_STOCK;
Empty set (0.01 sec)

mysql> SELECT * FROM CHUDNOVETS_STOCK;
+-----------+-----------+-----------------+------------+------+----------------+
| STOCK_NUM | MANU_CODE | DESCRIPTION     | UNIT_PRICE | UNIT | UNIT_DESCR     |
+-----------+-----------+-----------------+------------+------+----------------+
|         1 | HRO       | baseball gloves |     250.00 | case | 10 gloves/case |
|         1 | HSK       | baseball gloves |     800.00 | case | 10 gloves/case |
|         1 | SMT       | baseball gloves |     450.00 | case | 10 gloves/case |
|         2 | HRO       | baseball        |     126.00 | case | 24/case        |
|         3 | HSK       | baseball bat    |     240.00 | case | 12/case        |
|         3 | SHM       | baseball bat    |     280.00 | case | 12/case        |
|         4 | HRO       | football        |     480.00 | case | 24/case        |
|         4 | HSK       | football        |     960.00 | case | 24/case        |
+-----------+-----------+-----------------+------------+------+----------------+
8 rows in set (0.00 sec)

mysql> DELETE FROM CHUDNOVETS_STOCK;
Query OK, 8 rows affected (0.01 sec)

mysql> SELECT * FROM CHUDNOVETS_STOCK;
Empty set (0.00 sec)

mysql> SHOW COLUMNS FROM CHUDNOVETS_STOCK;
+-------------+--------------+------+-----+---------+-------+
| Field       | Type         | Null | Key | Default | Extra |
+-------------+--------------+------+-----+---------+-------+
| STOCK_NUM   | smallint     | NO   |     | NULL    |       |
| MANU_CODE   | char(3)      | NO   |     | NULL    |       |
| DESCRIPTION | char(15)     | YES  |     | NULL    |       |
| UNIT_PRICE  | decimal(8,2) | YES  |     | NULL    |       |
| UNIT        | char(4)      | YES  |     | NULL    |       |
| UNIT_DESCR  | char(15)     | YES  |     | NULL    |       |
+-------------+--------------+------+-----+---------+-------+
6 rows in set (0.00 sec)

mysql> SELECT * FROM CHUDNOVETS_STOCK;
Empty set (0.00 sec)

mysql> SELECT * FROM CHUDNOVETS_STOCK;
+-----------+-----------+-----------------+------------+------+----------------+
| STOCK_NUM | MANU_CODE | DESCRIPTION     | UNIT_PRICE | UNIT | UNIT_DESCR     |
+-----------+-----------+-----------------+------------+------+----------------+
|         1 | HRO       | baseball gloves |     250.00 | case | 10 gloves/case |
|         1 | HSK       | baseball gloves |     800.00 | case | 10 gloves/case |
|         1 | SMT       | baseball gloves |     450.00 | case | 10 gloves/case |
|         2 | HRO       | baseball        |     126.00 | case | 24/case        |
|         3 | HSK       | baseball bat    |     240.00 | case | 12/case        |
|         3 | SHM       | baseball bat    |     280.00 | case | 12/case        |
|         4 | HRO       | football        |     480.00 | case | 24/case        |
|         4 | HSK       | football        |     960.00 | case | 24/case        |
|         5 | ANZ       | tennis racquet  |      19.80 | each | each           |
|         5 | NRG       | tennis racquet  |      28.00 | each | each           |
|         5 | SMT       | tennis racquet  |      25.00 | each | each           |
|         6 | ANZ       | tennis ball     |      48.00 | case | 24 cans/case   |
|         6 | SMT       | tennis ball     |      36.00 | case | 24 cans/case   |
|         7 | HRO       | basketball      |     600.00 | case | 24/case        |
|         8 | ANZ       | volleyball      |     840.00 | case | 24/case        |
|         9 | ANZ       | volleyball net  |      20.00 | each | each           |
|       101 | PRC       | bicycle tires   |      88.00 | box  | 4/box          |
|       101 | SHM       | bicycle tires   |      68.00 | box  | 4/box          |
|       102 | PRC       | bicycle brakes  |     480.00 | case | 4 sets/case    |
|       102 | SHM       | bicycle brakes  |     220.00 | case | 4 sets/case    |
|       103 | PRC       | frnt derailleur |      20.00 | each | each           |
|       104 | PRC       | rear derailleur |      58.00 | each | each           |
|       105 | PRC       | bicycle wheels  |      53.00 | pair | pair           |
|       105 | SHM       | bicycle wheels  |      80.00 | pair | pair           |
|       106 | PRC       | bicycle stem    |      23.00 | each | each           |
|       107 | PRC       | bicycle saddle  |      70.00 | pair | pair           |
|       108 | SHM       | crankset        |      45.00 | each | each           |
|       109 | PRC       | pedal binding   |      30.00 | case | 6 pairs/case   |
|       109 | SHM       | pedal binding   |     200.00 | case | 4 pairs/case   |
|       110 | ANZ       | helmet          |     244.00 | case | 4/case         |
|       110 | HRO       | helmet          |     260.00 | case | 4/case         |
|       110 | HSK       | helmet          |     308.00 | case | 4/case         |
|       110 | PRC       | helmet          |     236.00 | case | 4/case         |
|       110 | SHM       | helmet          |     228.00 | case | 4/case         |
|       111 | SHM       | 10-spd, assmbld |     499.99 | each | each           |
|       112 | SHM       | 12-spd, assmbld |     549.00 | each | each           |
|       113 | SHM       | 18-spd, assmbld |     685.90 | each | each           |
|       114 | PRC       | bicycle gloves  |     120.00 | case | 10 pairs/case  |
|       201 | ANZ       | golf shoes      |      75.00 | each | each           |
|       201 | KAR       | golf shoes      |      90.00 | each | each           |
|       201 | NKL       | golf shoes      |      37.50 | each | each           |
|       202 | KAR       | std woods       |     230.00 | case | 2 sets/case    |
|       202 | NKL       | metal woods     |     174.00 | case | 2 sets/case    |
|       203 | NKL       | irons/wedge     |     670.00 | case | 2 sets/case    |
|       204 | KAR       | putter          |      45.00 | each | each           |
|       205 | ANZ       | 3 golf balls    |     312.00 | case | 24/case        |
|       205 | HRO       | 3 golf balls    |     312.00 | case | 24/case        |
|       205 | NKL       | 3 golf balls    |     312.00 | case | 24/case        |
|       301 | ANZ       | running shoes   |      95.00 | each | each           |
|       301 | HRO       | running shoes   |      42.50 | each | each           |
|       301 | KAR       | running shoes   |      87.00 | each | each           |
|       301 | NKL       | running shoes   |      97.00 | each | each           |
|       301 | PRC       | running shoes   |      75.00 | each | each           |
|       301 | SHM       | running shoes   |     102.00 | each | each           |
|       302 | HRO       | ice pack        |       4.50 | each | each           |
|       302 | KAR       | ice pack        |       5.00 | each | each           |
|       303 | KAR       | socks           |      36.00 | box  | 24 pairs/box   |
|       303 | PRC       | socks           |      48.00 | box  | 24 pairs/box   |
|       304 | ANZ       | watch           |     170.00 | box  | 10/box         |
|       304 | HRO       | watch           |     280.00 | box  | 10/box         |
|       305 | HRO       | first-aid kit   |      48.00 | case | 4/case         |
|       306 | PRC       | tandem adapter  |     160.00 | each | each           |
|       306 | SHM       | tandem adapter  |     190.00 | each | each           |
|       307 | PRC       | infant jogger   |     250.00 | each | each           |
|       308 | PRC       | twin jogger     |     280.00 | each | each           |
|       309 | HRO       | ear drops       |      40.00 | case | 20/case        |
|       309 | SHM       | ear drops       |      40.00 | case | 20/case        |
|       310 | ANZ       | kick board      |      84.00 | case | 12/case        |
|       310 | SHM       | kick board      |      80.00 | case | 10/case        |
|       311 | SHM       | water gloves    |      48.00 | box  | 4 pairs/box    |
|       312 | HRO       | racer goggles   |      72.00 | box  | 12/box         |
|       312 | SHM       | racer goggles   |      96.00 | box  | 12/box         |
|       313 | ANZ       | swim cap        |      60.00 | box  | 12/box         |
|       313 | SHM       | swim cap        |      72.00 | box  | 12/box         |
+-----------+-----------+-----------------+------------+------+----------------+
74 rows in set (0.00 sec)

mysql> SELECT * FROM CHUDNOVETS_MANUFACT;
Empty set (0.00 sec)

mysql> SELECT * FROM CHUDNOVETS_MANUFACT;
+-----------+-----------+-----------+
| MANU_CODE | MANU_NAME | LEAD_TIME |
+-----------+-----------+-----------+
| ANZ       | Anza      |         5 |
| HRO       | Hero      |         4 |
| HSK       | Husky     |         5 |
| KAR       | Karsten   |        21 |
| NKL       | Nikolus   |         8 |
| NRG       | Norge     |         7 |
| PRC       | ProCycle  |         9 |
| SHM       | Shimara   |        30 |
| SMT       | Smith     |         3 |
+-----------+-----------+-----------+
9 rows in set (0.00 sec)

mysql> SELECT * FROM CHUDNOVETS_STATE;
Empty set (0.00 sec)

mysql> SELECT * FROM CHUDNOVETS_MANUFACT;
+-----------+-----------+-----------+
| MANU_CODE | MANU_NAME | LEAD_TIME |
+-----------+-----------+-----------+
| ANZ       | Anza      |         5 |
| HRO       | Hero      |         4 |
| HSK       | Husky     |         5 |
| KAR       | Karsten   |        21 |
| NKL       | Nikolus   |         8 |
| NRG       | Norge     |         7 |
| PRC       | ProCycle  |         9 |
| SHM       | Shimara   |        30 |
| SMT       | Smith     |         3 |
+-----------+-----------+-----------+
9 rows in set (0.00 sec)

mysql> SELECT * FROM CHUDNOVETS_STATE;
Empty set (0.00 sec)

mysql> SELECT * FROM CHUDNOVETS_STATE;
+------+----------------+
| CODE | SNAME          |
+------+----------------+
| AK   | Alaska         |
| AL   | Alabama        |
| AR   | Arkansas       |
| AZ   | Arizona        |
| CA   | California     |
| CO   | Colorado       |
| CT   | Connecticut    |
| DC   | D.C.           |
| DE   | Delaware       |
| FL   | Florida        |
| GA   | Georgia        |
| HI   | Hawaii         |
| IA   | Iowa           |
| ID   | Idaho          |
| IL   | Illinois       |
| IN   | Indiana        |
| KS   | Kansas         |
| KY   | Kentucky       |
| LA   | Louisiana      |
| MA   | Massachusetts  |
| MD   | Maryland       |
| ME   | Maine          |
| MI   | Michigan       |
| MN   | Minnesota      |
| MO   | Missouri       |
| MS   | Mississippi    |
| MT   | Montana        |
| NC   | North Carolina |
| ND   | North Dakota   |
| NE   | Nebraska       |
| NH   | New Hampshire  |
| NJ   | New Jersey     |
| NM   | New Mexico     |
| NV   | Nevada         |
| NY   | New York       |
| OH   | Ohio           |
| OK   | Oklahoma       |
| OR   | Oregon         |
| PA   | Pennsylvania   |
| PR   | Puerto Rico    |
| RI   | Rhode Island   |
| SC   | South Carolina |
| SD   | South Dakota   |
| TN   | Tennessee      |
| TX   | Texas          |
| UT   | Utah           |
| VA   | Virginia       |
| VT   | Vermont        |
| WA   | Washington     |
| WI   | Wisconsin      |
| WV   | West Virginia  |
| WY   | Wyoming        |
+------+----------------+
52 rows in set (0.00 sec)

mysql> SHOW TABLES;
+---------------------+
| Tables_in_stores    |
+---------------------+
| CHUDNOVETS_CUSTOMER |
| CHUDNOVETS_ITEMS    |
| CHUDNOVETS_MANUFACT |
| CHUDNOVETS_ORDERS   |
| CHUDNOVETS_STATE    |
| CHUDNOVETS_STOCK    |
+---------------------+
6 rows in set (0.00 sec)

mysql> SELECT * FROM CHUDNOVETS_CUSTOMER;
+--------------+----------+-----------+----------------------+---------------------+--------------------+---------------+-------+---------+--------------+
| CUSTOMER_NUM | FNAME    | LNAME     | COMPANY              | ADDRESS1            | ADDRESS2           | CITY          | STATE | ZIPCODE | PHONE        |
+--------------+----------+-----------+----------------------+---------------------+--------------------+---------------+-------+---------+--------------+
|          101 | Ludwig   | Pauli     | All Sports Supplies  | 213 Erstwild Court  | NULL               | Sunnyvale     | CA    | 94086   | 408-789-8075 |
|          102 | Carole   | Sadler    | Sports Spot          | 785 Geary St        | NULL               | San Francisco | CA    | 94117   | 415-822-1289 |
|          103 | Philip   | Currie    | Phil`s Sports        | 654 Poplar          | P. O. Box 3498     | Palo Alto     | CA    | 94303   | 415-328-4543 |
|          104 | Anthony  | Higgins   | Play Ball!           | East Shopping Cntr. | 422 Bay Road       | Redwood City  | CA    | 94026   | 415-368-1100 |
|          105 | Raymond  | Vector    | Los Altos Sports     | 1899 La Loma Drive  | NULL               | Los Altos     | CA    | 94022   | 415-776-3249 |
|          106 | George   | Watson    | Watson & Son         | 1143 Carver Place   | NULL               | Mountain View | CA    | 94063   | 415-389-8789 |
|          107 | Charles  | Ream      | Athletic Supplies    | 41 Jordan Avenue    | NULL               | Palo Alto     | CA    | 94304   | 415-356-9876 |
|          108 | Donald   | Quinn     | Quinn`s Sports       | 587 Alvarado        | NULL               | Redwood City  | CA    | 94063   | 415-544-8729 |
|          109 | Jane     | Miller    | Sport Stuff          | Mayfair Mart        | 7345 Ross Blvd.    | Sunnyvale     | CA    | 94086   | 408-723-8789 |
|          110 | Roy      | Jaeger    | AA Athletics         | 520 Topaz Way       | NULL               | Redwood City  | CA    | 94062   | 415-743-3611 |
|          111 | Frances  | Keyes     | Sports Center        | 3199 Sterling Court | NULL               | Sunnyvale     | CA    | 94085   | 408-277-7245 |
|          112 | Margaret | Lawson    | Runners & Others     | 234 Wyandotte Way   | NULL               | Los Altos     | CA    | 94022   | 415-887-7235 |
|          113 | Lana     | Beatty    | Sportstown           | 654 Oak Grove       | NULL               | Menlo Park    | CA    | 94025   | 415-356-9982 |
|          114 | Frank    | Albertson | Sporting Place       | 947 Waverly Place   | NULL               | Redwood City  | CA    | 94062   | 415-886-6677 |
|          115 | Alfred   | Grant     | Gold Medal Sports    | 776 Gary Avenue     | NULL               | Menlo Park    | CA    | 94025   | 415-356-1123 |
|          116 | Jean     | Parmelee  | Olympic City         | 1104 Spinosa Drive  | NULL               | Mountain View | CA    | 94040   | 415-534-8822 |
|          117 | Arnold   | Sipes     | Kids Korner          | 850 Lytton Court    | NULL               | Redwood City  | CA    | 94063   | 415-245-4578 |
|          118 | Dick     | Baxter    | Blue Ribbon Sports   | 5427 College        | NULL               | Oakland       | CA    | 94609   | 415-655-0011 |
|          119 | Bob      | Shorter   | The Triathletes Club | 2405 Kings Highway  | NULL               | Cherry Hill   | NJ    | 08002   | 609-663-6079 |
|          120 | Fred     | Jewell    | Century Pro Shop     | 6627 N. 17th Way    | NULL               | Phoenix       | AZ    | 85016   | 602-265-8754 |
|          121 | Jason    | Wallack   | City Sports          | Lake Biltmore Mall  | 350 W. 23rd Street | Wilmington    | DE    | 19898   | 302-366-7511 |
|          122 | Cathy    | O`Brian   | The Sporting Life    | 543 Nassau Street   | NULL               | Princeton     | NJ    | 08540   | 609-342-0054 |
+--------------+----------+-----------+----------------------+---------------------+--------------------+---------------+-------+---------+--------------+
22 rows in set (0.00 sec)

mysql> SELECT * FROM CHUDNOVETS_ITEMS;
+----------+-----------+-----------+-----------+----------+-------------+
| ITEM_NUM | ORDER_NUM | STOCK_NUM | MANU_CODE | QUANTITY | TOTAL_PRICE |
+----------+-----------+-----------+-----------+----------+-------------+
|        1 |      1001 |         1 | HRO       |        1 |      250.00 |
|        1 |      1002 |         4 | HSK       |        1 |      960.00 |
|        1 |      1003 |         9 | ANZ       |        1 |       20.00 |
|        1 |      1004 |         1 | HRO       |        1 |      250.00 |
|        1 |      1005 |         5 | NRG       |       10 |      280.00 |
|        1 |      1006 |         5 | SMT       |        5 |      125.00 |
|        1 |      1007 |         1 | HRO       |        1 |      250.00 |
|        1 |      1008 |         8 | ANZ       |        1 |      840.00 |
|        1 |      1009 |         1 | SMT       |        1 |      450.00 |
|        1 |      1010 |         6 | SMT       |        1 |       36.00 |
|        1 |      1011 |         5 | ANZ       |        5 |       99.00 |
|        1 |      1012 |         8 | ANZ       |        1 |      840.00 |
|        1 |      1013 |         5 | ANZ       |        1 |       19.80 |
|        1 |      1014 |         4 | HSK       |        1 |      960.00 |
|        1 |      1015 |         1 | SMT       |        1 |      450.00 |
|        1 |      1016 |       101 | SHM       |        2 |      136.00 |
|        1 |      1017 |       201 | NKL       |        4 |      150.00 |
|        1 |      1018 |       307 | PRC       |        2 |      500.00 |
|        1 |      1019 |       111 | SHM       |        3 |     1499.97 |
|        2 |      1002 |         3 | HSK       |        1 |      240.00 |
|        2 |      1003 |         8 | ANZ       |        1 |      840.00 |
|        2 |      1004 |         2 | HRO       |        1 |      126.00 |
|        2 |      1005 |         5 | ANZ       |       10 |      198.00 |
|        2 |      1006 |         5 | NRG       |        5 |      140.00 |
|        2 |      1007 |         2 | HRO       |        1 |      126.00 |
|        2 |      1008 |         9 | ANZ       |        5 |      100.00 |
|        2 |      1010 |         6 | ANZ       |        1 |       48.00 |
|        2 |      1012 |         9 | ANZ       |       10 |      200.00 |
|        2 |      1013 |         6 | SMT       |        1 |       36.00 |
|        2 |      1014 |         4 | HRO       |        1 |      480.00 |
|        2 |      1016 |       109 | PRC       |        3 |       90.00 |
|        2 |      1017 |       202 | KAR       |        1 |      230.00 |
|        2 |      1018 |       302 | KAR       |        3 |       15.00 |
|        3 |      1003 |         5 | ANZ       |        5 |       99.00 |
|        3 |      1004 |         3 | HSK       |        1 |      240.00 |
|        3 |      1005 |         6 | SMT       |        1 |       36.00 |
|        3 |      1006 |         5 | ANZ       |        5 |       99.00 |
|        3 |      1007 |         3 | HSK       |        1 |      240.00 |
|        3 |      1013 |         6 | ANZ       |        1 |       48.00 |
|        3 |      1016 |       110 | HSK       |        1 |      308.00 |
|        3 |      1017 |       301 | SHM       |        2 |      204.00 |
|        3 |      1018 |       110 | PRC       |        1 |      236.00 |
|        4 |      1004 |         1 | HSK       |        1 |      800.00 |
|        4 |      1005 |         6 | ANZ       |        1 |       48.00 |
|        4 |      1006 |         6 | SMT       |        1 |       36.00 |
|        4 |      1007 |         4 | HRO       |        1 |      480.00 |
|        4 |      1013 |         9 | ANZ       |        2 |       40.00 |
|        4 |      1016 |       114 | PRC       |        1 |      120.00 |
|        4 |      1018 |         5 | SMT       |        4 |      100.00 |
|        5 |      1006 |         6 | ANZ       |        1 |       48.00 |
|        5 |      1007 |         7 | HRO       |        1 |      600.00 |
|        5 |      1018 |       304 | HRO       |        1 |      280.00 |
+----------+-----------+-----------+-----------+----------+-------------+
52 rows in set (0.00 sec)

mysql> SELECT * FROM CHUDNOVETS_MANUFACT;
+-----------+-----------+-----------+
| MANU_CODE | MANU_NAME | LEAD_TIME |
+-----------+-----------+-----------+
| ANZ       | Anza      |         5 |
| HRO       | Hero      |         4 |
| HSK       | Husky     |         5 |
| KAR       | Karsten   |        21 |
| NKL       | Nikolus   |         8 |
| NRG       | Norge     |         7 |
| PRC       | ProCycle  |         9 |
| SHM       | Shimara   |        30 |
| SMT       | Smith     |         3 |
+-----------+-----------+-----------+
9 rows in set (0.00 sec)

mysql> SELECT * FROM CHUDNOVETS_ORDERS;
+-----------+------------+--------------+--------------------------------------+---------+----------+------------+-------------+-------------+------------+
| ORDER_NUM | ORDER_DATE | CUSTOMER_NUM | SHIP_INSTRUCT                        | BACKLOG | PO_NUM   | SHIP_DATE  | SHIP_WEIGHT | SHIP_CHARGE | PAID_DATE  |
+-----------+------------+--------------+--------------------------------------+---------+----------+------------+-------------+-------------+------------+
|      1001 | 1994-05-20 |          104 | express                              | n       | B77836   | 1994-06-01 |       20.40 |       10.00 | 1994-07-22 |
|      1002 | 1994-05-21 |          101 | PO on box; deliver to back door only | n       | 9270     | 1994-05-26 |       50.60 |       15.30 | 1994-06-03 |
|      1003 | 1994-05-22 |          104 | express                              | n       | B77890   | 1994-05-23 |       35.60 |       10.80 | 1994-06-14 |
|      1004 | 1994-05-22 |          106 | ring bell twice                      | y       | 8006     | 1994-05-30 |       95.80 |       19.20 | NULL       |
|      1005 | 1994-05-24 |          116 | call before delivery                 | n       | 2865     | 1994-06-09 |       80.80 |       16.20 | 1994-06-21 |
|      1006 | 1994-05-30 |          112 | after 10 am                          | y       | Q13557   | NULL       |       70.80 |       14.20 | NULL       |
|      1007 | 1994-05-31 |          117 | NULL                                 | n       | 278693   | 1994-06-05 |      125.90 |       25.20 | NULL       |
|      1008 | 1994-06-07 |          110 | closed Monday                        | y       | LZ230    | 1994-07-06 |       45.60 |       13.80 | 1994-07-21 |
|      1009 | 1994-06-14 |          111 | next door to grocery                 | n       | 4745     | 1994-06-21 |       20.40 |       10.00 | 1994-08-21 |
|      1010 | 1994-06-17 |          115 | deliver 776 King St. if no answer    | n       | 429Q     | 1994-06-29 |       40.60 |       12.30 | 1994-08-22 |
|      1011 | 1994-06-18 |          104 | express                              | n       | B77897   | 1994-07-03 |       10.40 |        5.00 | 1994-08-29 |
|      1012 | 1994-06-18 |          117 | NULL                                 | n       | 278701   | 1994-06-29 |       70.80 |       14.20 | NULL       |
|      1013 | 1994-06-22 |          104 | express                              | n       | B77930   | 1994-07-10 |       60.80 |       12.20 | 1994-07-31 |
|      1014 | 1994-06-25 |          106 | ring bell, kick door loudly          | n       | 8052     | 1994-07-03 |       40.60 |       12.30 | 1994-07-10 |
|      1015 | 1994-06-27 |          110 | closed Mondays                       | n       | MA003    | 1994-07-16 |       20.60 |        6.30 | 1994-08-31 |
|      1016 | 1994-06-29 |          119 | delivery entrance off Camp St.       | n       | PC6782   | 1994-07-12 |       35.00 |       11.80 | NULL       |
|      1017 | 1994-07-09 |          120 | North side of clubhouse              | n       | DM354331 | 1994-07-13 |       60.00 |       18.00 | NULL       |
|      1018 | 1994-07-10 |          121 | SW corner of Biltmore Mall           | n       | S22942   | 1994-07-13 |       70.50 |       20.00 | 1994-08-06 |
|      1019 | 1994-07-11 |          122 | closed til noon Mondays              | n       | Z55709   | 1994-07-16 |       90.00 |       23.00 | 1994-08-06 |
+-----------+------------+--------------+--------------------------------------+---------+----------+------------+-------------+-------------+------------+
19 rows in set (0.00 sec)

mysql> SELECT * FROM CHUDNOVETS_STATE;
+------+----------------+
| CODE | SNAME          |
+------+----------------+
| AK   | Alaska         |
| AL   | Alabama        |
| AR   | Arkansas       |
| AZ   | Arizona        |
| CA   | California     |
| CO   | Colorado       |
| CT   | Connecticut    |
| DC   | D.C.           |
| DE   | Delaware       |
| FL   | Florida        |
| GA   | Georgia        |
| HI   | Hawaii         |
| IA   | Iowa           |
| ID   | Idaho          |
| IL   | Illinois       |
| IN   | Indiana        |
| KS   | Kansas         |
| KY   | Kentucky       |
| LA   | Louisiana      |
| MA   | Massachusetts  |
| MD   | Maryland       |
| ME   | Maine          |
| MI   | Michigan       |
| MN   | Minnesota      |
| MO   | Missouri       |
| MS   | Mississippi    |
| MT   | Montana        |
| NC   | North Carolina |
| ND   | North Dakota   |
| NE   | Nebraska       |
| NH   | New Hampshire  |
| NJ   | New Jersey     |
| NM   | New Mexico     |
| NV   | Nevada         |
| NY   | New York       |
| OH   | Ohio           |
| OK   | Oklahoma       |
| OR   | Oregon         |
| PA   | Pennsylvania   |
| PR   | Puerto Rico    |
| RI   | Rhode Island   |
| SC   | South Carolina |
| SD   | South Dakota   |
| TN   | Tennessee      |
| TX   | Texas          |
| UT   | Utah           |
| VA   | Virginia       |
| VT   | Vermont        |
| WA   | Washington     |
| WI   | Wisconsin      |
| WV   | West Virginia  |
| WY   | Wyoming        |
+------+----------------+
52 rows in set (0.00 sec)

mysql> SELECT * FROM CHUDNOVETS_STOCK;
+-----------+-----------+-----------------+------------+------+----------------+
| STOCK_NUM | MANU_CODE | DESCRIPTION     | UNIT_PRICE | UNIT | UNIT_DESCR     |
+-----------+-----------+-----------------+------------+------+----------------+
|         1 | HRO       | baseball gloves |     250.00 | case | 10 gloves/case |
|         1 | HSK       | baseball gloves |     800.00 | case | 10 gloves/case |
|         1 | SMT       | baseball gloves |     450.00 | case | 10 gloves/case |
|         2 | HRO       | baseball        |     126.00 | case | 24/case        |
|         3 | HSK       | baseball bat    |     240.00 | case | 12/case        |
|         3 | SHM       | baseball bat    |     280.00 | case | 12/case        |
|         4 | HRO       | football        |     480.00 | case | 24/case        |
|         4 | HSK       | football        |     960.00 | case | 24/case        |
|         5 | ANZ       | tennis racquet  |      19.80 | each | each           |
|         5 | NRG       | tennis racquet  |      28.00 | each | each           |
|         5 | SMT       | tennis racquet  |      25.00 | each | each           |
|         6 | ANZ       | tennis ball     |      48.00 | case | 24 cans/case   |
|         6 | SMT       | tennis ball     |      36.00 | case | 24 cans/case   |
|         7 | HRO       | basketball      |     600.00 | case | 24/case        |
|         8 | ANZ       | volleyball      |     840.00 | case | 24/case        |
|         9 | ANZ       | volleyball net  |      20.00 | each | each           |
|       101 | PRC       | bicycle tires   |      88.00 | box  | 4/box          |
|       101 | SHM       | bicycle tires   |      68.00 | box  | 4/box          |
|       102 | PRC       | bicycle brakes  |     480.00 | case | 4 sets/case    |
|       102 | SHM       | bicycle brakes  |     220.00 | case | 4 sets/case    |
|       103 | PRC       | frnt derailleur |      20.00 | each | each           |
|       104 | PRC       | rear derailleur |      58.00 | each | each           |
|       105 | PRC       | bicycle wheels  |      53.00 | pair | pair           |
|       105 | SHM       | bicycle wheels  |      80.00 | pair | pair           |
|       106 | PRC       | bicycle stem    |      23.00 | each | each           |
|       107 | PRC       | bicycle saddle  |      70.00 | pair | pair           |
|       108 | SHM       | crankset        |      45.00 | each | each           |
|       109 | PRC       | pedal binding   |      30.00 | case | 6 pairs/case   |
|       109 | SHM       | pedal binding   |     200.00 | case | 4 pairs/case   |
|       110 | ANZ       | helmet          |     244.00 | case | 4/case         |
|       110 | HRO       | helmet          |     260.00 | case | 4/case         |
|       110 | HSK       | helmet          |     308.00 | case | 4/case         |
|       110 | PRC       | helmet          |     236.00 | case | 4/case         |
|       110 | SHM       | helmet          |     228.00 | case | 4/case         |
|       111 | SHM       | 10-spd, assmbld |     499.99 | each | each           |
|       112 | SHM       | 12-spd, assmbld |     549.00 | each | each           |
|       113 | SHM       | 18-spd, assmbld |     685.90 | each | each           |
|       114 | PRC       | bicycle gloves  |     120.00 | case | 10 pairs/case  |
|       201 | ANZ       | golf shoes      |      75.00 | each | each           |
|       201 | KAR       | golf shoes      |      90.00 | each | each           |
|       201 | NKL       | golf shoes      |      37.50 | each | each           |
|       202 | KAR       | std woods       |     230.00 | case | 2 sets/case    |
|       202 | NKL       | metal woods     |     174.00 | case | 2 sets/case    |
|       203 | NKL       | irons/wedge     |     670.00 | case | 2 sets/case    |
|       204 | KAR       | putter          |      45.00 | each | each           |
|       205 | ANZ       | 3 golf balls    |     312.00 | case | 24/case        |
|       205 | HRO       | 3 golf balls    |     312.00 | case | 24/case        |
|       205 | NKL       | 3 golf balls    |     312.00 | case | 24/case        |
|       301 | ANZ       | running shoes   |      95.00 | each | each           |
|       301 | HRO       | running shoes   |      42.50 | each | each           |
|       301 | KAR       | running shoes   |      87.00 | each | each           |
|       301 | NKL       | running shoes   |      97.00 | each | each           |
|       301 | PRC       | running shoes   |      75.00 | each | each           |
|       301 | SHM       | running shoes   |     102.00 | each | each           |
|       302 | HRO       | ice pack        |       4.50 | each | each           |
|       302 | KAR       | ice pack        |       5.00 | each | each           |
|       303 | KAR       | socks           |      36.00 | box  | 24 pairs/box   |
|       303 | PRC       | socks           |      48.00 | box  | 24 pairs/box   |
|       304 | ANZ       | watch           |     170.00 | box  | 10/box         |
|       304 | HRO       | watch           |     280.00 | box  | 10/box         |
|       305 | HRO       | first-aid kit   |      48.00 | case | 4/case         |
|       306 | PRC       | tandem adapter  |     160.00 | each | each           |
|       306 | SHM       | tandem adapter  |     190.00 | each | each           |
|       307 | PRC       | infant jogger   |     250.00 | each | each           |
|       308 | PRC       | twin jogger     |     280.00 | each | each           |
|       309 | HRO       | ear drops       |      40.00 | case | 20/case        |
|       309 | SHM       | ear drops       |      40.00 | case | 20/case        |
|       310 | ANZ       | kick board      |      84.00 | case | 12/case        |
|       310 | SHM       | kick board      |      80.00 | case | 10/case        |
|       311 | SHM       | water gloves    |      48.00 | box  | 4 pairs/box    |
|       312 | HRO       | racer goggles   |      72.00 | box  | 12/box         |
|       312 | SHM       | racer goggles   |      96.00 | box  | 12/box         |
|       313 | ANZ       | swim cap        |      60.00 | box  | 12/box         |
|       313 | SHM       | swim cap        |      72.00 | box  | 12/box         |
+-----------+-----------+-----------------+------------+------+----------------+
74 rows in set (0.00 sec)

mysql> 


