ivan@Ivan-PC:~$ sudo mysql -u root -p
[sudo] пароль для ivan: 
Enter password: 
Welcome to the MySQL monitor.  Commands end with ; or \g.
Your MySQL connection id is 12
Server version: 8.0.23-0ubuntu0.20.04.1 (Ubuntu)

Copyright (c) 2000, 2021, Oracle and/or its affiliates.

Oracle is a registered trademark of Oracle Corporation and/or its
affiliates. Other names may be trademarks of their respective
owners.

Type 'help;' or '\h' for help. Type '\c' to clear the current input statement.

mysql> USE stores;
Reading table information for completion of table and column names
You can turn off this feature to get a quicker startup with -A

Database changed
mysql> SELECT fname, lname, COUNT(*) FROM CHUDNOVETS_CUSTOMER c, CHUDNOVETS_ORDERS o
    -> WHERE c.customer_num = o.customer_num
    -> GROUP BY c.customer_num
    -> HAVING COUNT(*) > 1;
ERROR 1055 (42000): Expression #1 of SELECT list is not in GROUP BY clause and contains nonaggregated column 'stores.c.FNAME' which is not functionally dependent on columns in GROUP BY clause; this is incompatible with sql_mode=only_full_group_by
mysql> SELECT fname, lname, COUNT(*) FROM CHUDNOVETS_CUSTOMER c, CHUDNOVETS_ORDERS o WHERE c.customer_num = o.customer_num GROUP BY c.customer_num HAVING COUNT(*) > 1;SELECT fname, lname, c.customer_num, COUNT(*) FROM CHUDNOVETS_CUSTOMER c, CHUDNOVETS_ORDERS o
ERROR 1055 (42000): Expression #1 of SELECT list is not in GROUP BY clause and contains nonaggregated column 'stores.c.FNAME' which is not functionally dependent on columns in GROUP BY clause; this is incompatible with sql_mode=only_full_group_by
    -> WHERE c.customer_num = o.customer_num
    -> GROUP BY c.customer_num, fname, lname
    -> HAVING COUNT(*) > 1;
+---------+---------+--------------+----------+
| fname   | lname   | customer_num | COUNT(*) |
+---------+---------+--------------+----------+
| Anthony | Higgins |          104 |        4 |
| George  | Watson  |          106 |        2 |
| Arnold  | Sipes   |          117 |        2 |
| Roy     | Jaeger  |          110 |        2 |
+---------+---------+--------------+----------+
4 rows in set (0.02 sec)

mysql> SELECT fname, lname, c.customer_num, COUNT(*) FROM CHUDNOVETS_CUSTOMER c, CHUDNOVETS_ORDERS o
    -> WHERE c.customer_num = o.customer_num
    -> GROUP BY c.customer_num, fname, lname
    -> HAVING COUNT(*) > 1;
+---------+---------+--------------+----------+
| fname   | lname   | customer_num | COUNT(*) |
+---------+---------+--------------+----------+
| Anthony | Higgins |          104 |        4 |
| George  | Watson  |          106 |        2 |
| Arnold  | Sipes   |          117 |        2 |
| Roy     | Jaeger  |          110 |        2 |
+---------+---------+--------------+----------+
4 rows in set (0.00 sec)

mysql> SELECT o.customer_num, c.fname, c.lname FROM CHUDNOVETS_CUSTOMER c
    -> INNER JOIN CHUDNOVETS_ORDERS o ON
    -> c.customer_num = o.customer_num
    -> HAVING COUNT(o.order_num) > 1
    -> GROUP BY o.customer_num;
ERROR 1064 (42000): You have an error in your SQL syntax; check the manual that corresponds to your MySQL server version for the right syntax to use near 'GROUP BY o.customer_num' at line 5
mysql> SELECT o.customer_num, c.fname, c.lname FROM CHUDNOVETS_CUSTOMER c
    -> INNER JOIN CHUDNOVETS_ORDERS o ON
    -> c.customer_num = o.customer_num
    -> GROUP BY o.customer_num
    -> HAVING COUNT(o.order_num) > 1;
ERROR 1055 (42000): Expression #2 of SELECT list is not in GROUP BY clause and contains nonaggregated column 'stores.c.FNAME' which is not functionally dependent on columns in GROUP BY clause; this is incompatible with sql_mode=only_full_group_by
mysql> SELECT o.customer_num, c.fname, c.lname FROM CHUDNOVETS_CUSTOMER c
INNER JOIN CHUDNOVETS_ORDERS o ON
c.customer_num = o.customer_num
GROUP BY o.customer_num, c.fname, c.lname
HAVING COUNT(o.order_num) > 1;SELECT o.customer_num, c.fname, c.lname FROM CHUDNOVETS_CUSTOMER c
^C
mysql> INNER JOIN CHUDNOVETS_ORDERS o ON
    -> c.customer_num = o.customer_num
    -> GROUP BY o.customer_num, c.fname, c.lname
    -> HAVING COUNT(o.order_num) > 1;
ERROR 1064 (42000): You have an error in your SQL syntax; check the manual that corresponds to your MySQL server version for the right syntax to use near 'INNER JOIN CHUDNOVETS_ORDERS o ON
c.customer_num = o.customer_num
GROUP BY o.cus' at line 1
mysql> SELECT o.customer_num, c.fname, c.lname 
    -> FROM CHUDNOVETS_CUSTOMER c INNER JOIN CHUDNOVETS_ORDERS o 
    -> ON c.customer_num = o.customer_num
    -> GROUP BY o.customer_num, c.fname, c.lname
    -> HAVING COUNT(o.order_num) > 1;
+--------------+---------+---------+
| customer_num | fname   | lname   |
+--------------+---------+---------+
|          104 | Anthony | Higgins |
|          106 | George  | Watson  |
|          117 | Arnold  | Sipes   |
|          110 | Roy     | Jaeger  |
+--------------+---------+---------+
4 rows in set (0.00 sec)

mysql> SELECT o.customer_num, c.fname, c.lname 
    -> FROM CHUDNOVETS_CUSTOMER c INNER JOIN CHUDNOVETS_ORDERS o ON c.customer_num = o.customer_num
    -> GROUP BY o.customer_num, c.fname, c.lname
    -> HAVING COUNT(o.order_num) > 1;
+--------------+---------+---------+
| customer_num | fname   | lname   |
+--------------+---------+---------+
|          104 | Anthony | Higgins |
|          106 | George  | Watson  |
|          117 | Arnold  | Sipes   |
|          110 | Roy     | Jaeger  |
+--------------+---------+---------+
4 rows in set (0.00 sec)

mysql> SELECT o.customer_num, c.fname, c.lname 
    -> FROM CHUDNOVETS_CUSTOMER c
    -> INNER JOIN CHUDNOVETS_ORDERS o ON c.customer_num = o.customer_num
    -> GROUP BY o.customer_num, c.fname, c.lname
    -> HAVING COUNT(o.order_num) > 1;
+--------------+---------+---------+
| customer_num | fname   | lname   |
+--------------+---------+---------+
|          104 | Anthony | Higgins |
|          106 | George  | Watson  |
|          117 | Arnold  | Sipes   |
|          110 | Roy     | Jaeger  |
+--------------+---------+---------+
4 rows in set (0.00 sec)

mysql> SELECT o.customer_num, c.fname, c.lname FROM CHUDNOVETS_CUSTOMER c
    -> INNER JOIN CHUDNOVETS_ORDERS o ON c.customer_num = o.customer_num
    -> GROUP BY o.customer_num, c.fname, c.lname
    -> HAVING COUNT(o.order_num) > 1;
+--------------+---------+---------+
| customer_num | fname   | lname   |
+--------------+---------+---------+
|          104 | Anthony | Higgins |
|          106 | George  | Watson  |
|          117 | Arnold  | Sipes   |
|          110 | Roy     | Jaeger  |
+--------------+---------+---------+
4 rows in set (0.00 sec)

mysql> SELECT o.customer_num, c.fname, c.lname FROM CHUDNOVETS_CUSTOMER c
    -> INNER JOIN CHUDNOVETS_ORDERS o ON
    -> c.customer_num = o.customer_num
    -> GROUP BY o.customer_num, c.fname, c.lname
    -> HAVING COUNT(o.order_num) > 1;
+--------------+---------+---------+
| customer_num | fname   | lname   |
+--------------+---------+---------+
|          104 | Anthony | Higgins |
|          106 | George  | Watson  |
|          117 | Arnold  | Sipes   |
|          110 | Roy     | Jaeger  |
+--------------+---------+---------+
4 rows in set (0.00 sec)

mysql> SELECT o.customer_num, c.fname, c.lname 
    -> FROM CHUDNOVETS_CUSTOMER c INNER JOIN CHUDNOVETS_ORDERS o ON c.customer_num = o.customer_num
    -> GROUP BY o.customer_num, c.fname, c.lname
    -> HAVING COUNT(o.order_num) > 1;
+--------------+---------+---------+
| customer_num | fname   | lname   |
+--------------+---------+---------+
|          104 | Anthony | Higgins |
|          106 | George  | Watson  |
|          117 | Arnold  | Sipes   |
|          110 | Roy     | Jaeger  |
+--------------+---------+---------+
4 rows in set (0.00 sec)

mysql> SELECT fname, lname, c.customer_num, COUNT(*) FROM CHUDNOVETS_CUSTOMER c, CHUDNOVETS_ORDERS o
    -> WHERE c.customer_num = o.customer_num
    -> GROUP BY c.customer_num, fname, lname
    -> HAVING COUNT(*) > 1;
+---------+---------+--------------+----------+
| fname   | lname   | customer_num | COUNT(*) |
+---------+---------+--------------+----------+
| Anthony | Higgins |          104 |        4 |
| George  | Watson  |          106 |        2 |
| Arnold  | Sipes   |          117 |        2 |
| Roy     | Jaeger  |          110 |        2 |
+---------+---------+--------------+----------+
4 rows in set (0.00 sec)

mysql> SELECT * FROM CHUDNOVETS_CUSTOMER;
+--------------+----------+-----------+----------------------+---------------------+--------------------+---------------+-------+---------+--------------+-----------+
| CUSTOMER_NUM | FNAME    | LNAME     | COMPANY              | ADDRESS1            | ADDRESS2           | CITY          | STATE | ZIPCODE | PHONE        | cust_date |
+--------------+----------+-----------+----------------------+---------------------+--------------------+---------------+-------+---------+--------------+-----------+
|          101 | Ludwig   | Pauli     | All Sports Supplies  | 213 Erstwild Court  | NULL               | Sunnyvale     | CA    | 94086   | 408-789-8075 | NULL      |
|          102 | Carole   | Sadler    | Sports Spot          | 785 Geary St        | NULL               | San Francisco | CA    | 94117   | 415-822-1289 | NULL      |
|          103 | Philip   | Currie    | Phil`s Sports        | 654 Poplar          | P. O. Box 3498     | Palo Alto     | CA    | 94303   | 415-328-4543 | NULL      |
|          104 | Anthony  | Higgins   | Play Ball!           | East Shopping Cntr. | 422 Bay Road       | Redwood City  | CA    | 94026   | 415-368-1100 | NULL      |
|          105 | Raymond  | Vector    | Los Altos Sports     | 1899 La Loma Drive  | NULL               | Los Altos     | CA    | 94022   | 415-776-3249 | NULL      |
|          106 | George   | Watson    | Watson & Son         | 1143 Carver Place   | NULL               | Mountain View | CA    | 94063   | 415-389-8789 | NULL      |
|          107 | Charles  | Ream      | Athletic Supplies    | 41 Jordan Avenue    | NULL               | Palo Alto     | CA    | 94304   | 415-356-9876 | NULL      |
|          108 | Donald   | Quinn     | Quinn`s Sports       | 587 Alvarado        | NULL               | Redwood City  | CA    | 94063   | 415-544-8729 | NULL      |
|          109 | Jane     | Miller    | Sport Stuff          | Mayfair Mart        | 7345 Ross Blvd.    | Sunnyvale     | CA    | 94086   | 408-723-8789 | NULL      |
|          110 | Roy      | Jaeger    | AA Athletics         | 520 Topaz Way       | NULL               | Redwood City  | CA    | 94062   | 415-743-3611 | NULL      |
|          111 | Frances  | Keyes     | Sports Center        | 3199 Sterling Court | NULL               | Sunnyvale     | CA    | 94085   | 408-277-7245 | NULL      |
|          112 | Margaret | Lawson    | Runners & Others     | 234 Wyandotte Way   | NULL               | Los Altos     | CA    | 94022   | 415-887-7235 | NULL      |
|          113 | Lana     | Beatty    | Sportstown           | 654 Oak Grove       | NULL               | Menlo Park    | CA    | 94025   | 415-356-9982 | NULL      |
|          114 | Frank    | Albertson | Sporting Place       | 947 Waverly Place   | NULL               | Redwood City  | CA    | 94062   | 415-886-6677 | NULL      |
|          115 | Alfred   | Grant     | Gold Medal Sports    | 776 Gary Avenue     | NULL               | Menlo Park    | CA    | 94025   | 415-356-1123 | NULL      |
|          116 | Jean     | Parmelee  | Olympic City         | 1104 Spinosa Drive  | NULL               | Mountain View | CA    | 94040   | 415-534-8822 | NULL      |
|          117 | Arnold   | Sipes     | Kids Korner          | 850 Lytton Court    | NULL               | Redwood City  | CA    | 94063   | 415-245-4578 | NULL      |
|          118 | Dick     | Baxter    | Blue Ribbon Sports   | 5427 College        | NULL               | Oakland       | CA    | 94609   | 415-655-0011 | NULL      |
|          119 | Bob      | Shorter   | The Triathletes Club | 2405 Kings Highway  | NULL               | Cherry Hill   | NJ    | 08002   | 609-663-6079 | NULL      |
|          120 | Fred     | Jewell    | Century Pro Shop     | 6627 N. 17th Way    | NULL               | Phoenix       | AZ    | 85016   | 602-265-8754 | NULL      |
|          121 | Jason    | Wallack   | City Sports          | Lake Biltmore Mall  | 350 W. 23rd Street | Wilmington    | DE    | 19898   | 302-366-7511 | NULL      |
|          122 | Cathy    | O`Brian   | The Sporting Life    | 543 Nassau Street   | NULL               | Princeton     | NJ    | 08540   | 609-342-0054 | NULL      |
+--------------+----------+-----------+----------------------+---------------------+--------------------+---------------+-------+---------+--------------+-----------+
22 rows in set (0.00 sec)

mysql> SELECT * FROM CHUDNOVETS_ORDERS;
+-----------+------------+--------------+--------------------------------------+----------+------------+-------------+-------------+------------+
| ORDER_NUM | ORDER_DATE | CUSTOMER_NUM | SHIP_INSTRUCT                        | PO_NUM   | SHIP_DATE  | SHIP_WEIGHT | SHIP_CHARGE | PAID_DATE  |
+-----------+------------+--------------+--------------------------------------+----------+------------+-------------+-------------+------------+
|      1001 | 1994-05-20 |          104 | express                              | B77836   | 1994-06-01 |       20.40 |       10.00 | 1994-07-22 |
|      1002 | 1994-05-21 |          101 | PO on box; deliver to back door only | 9270     | 1994-05-26 |       50.60 |       15.30 | 1994-06-03 |
|      1003 | 1994-05-22 |          104 | express                              | B77890   | 1994-05-23 |       35.60 |       10.80 | 1994-06-14 |
|      1004 | 1994-05-22 |          106 | ring bell twice                      | 8006     | 1994-05-30 |       95.80 |       19.20 | NULL       |
|      1005 | 1994-05-24 |          116 | call before delivery                 | 2865     | 1994-06-09 |       80.80 |       16.20 | 1994-06-21 |
|      1006 | 1994-05-30 |          112 | after 10 am                          | Q13557   | NULL       |       70.80 |       14.20 | NULL       |
|      1007 | 1994-05-31 |          117 | NULL                                 | 278693   | 1994-06-05 |      125.90 |       25.20 | NULL       |
|      1008 | 1994-06-07 |          110 | closed Monday                        | LZ230    | 1994-07-06 |       45.60 |       13.80 | 1994-07-21 |
|      1009 | 1994-06-14 |          111 | next door to grocery                 | 4745     | 1994-06-21 |       20.40 |       10.00 | 1994-08-21 |
|      1010 | 1994-06-17 |          115 | deliver 776 King St. if no answer    | 429Q     | 1994-06-29 |       40.60 |       12.30 | 1994-08-22 |
|      1011 | 1994-06-18 |          104 | express                              | B77897   | 1994-07-03 |       10.40 |        5.00 | 1994-08-29 |
|      1012 | 1994-06-18 |          117 | NULL                                 | 278701   | 1994-06-29 |       70.80 |       14.20 | NULL       |
|      1013 | 1994-06-22 |          104 | express                              | B77930   | 1994-07-10 |       60.80 |       12.20 | 1994-07-31 |
|      1014 | 1994-06-25 |          106 | ring bell, kick door loudly          | 8052     | 1994-07-03 |       40.60 |       12.30 | 1994-07-10 |
|      1015 | 1994-06-27 |          110 | closed Mondays                       | MA003    | 1994-07-16 |       20.60 |        6.30 | 1994-08-31 |
|      1016 | 1994-06-29 |          119 | delivery entrance off Camp St.       | PC6782   | 1994-07-12 |       35.00 |       11.80 | NULL       |
|      1017 | 1994-07-09 |          120 | North side of clubhouse              | DM354331 | 1994-07-13 |       60.00 |       18.00 | NULL       |
|      1018 | 1994-07-10 |          121 | SW corner of Biltmore Mall           | S22942   | 1994-07-13 |       70.50 |       20.00 | 1994-08-06 |
|      1019 | 1994-07-11 |          122 | closed til noon Mondays              | Z55709   | 1994-07-16 |       90.00 |       23.00 | 1994-08-06 |
+-----------+------------+--------------+--------------------------------------+----------+------------+-------------+-------------+------------+
19 rows in set (0.00 sec)

mysql> SELECT * FROM CHUDNOVETS_ORDERS GROUP BY CUSTOMER_NUM ORDER BY CUSTOMER_NUM;
ERROR 1055 (42000): Expression #1 of SELECT list is not in GROUP BY clause and contains nonaggregated column 'stores.CHUDNOVETS_ORDERS.ORDER_NUM' which is not functionally dependent on columns in GROUP BY clause; this is incompatible with sql_mode=only_full_group_by
mysql> SELECT * FROM CHUDNOVETS_ORDERS ORDER BY CUSTOMER_NUM;
+-----------+------------+--------------+--------------------------------------+----------+------------+-------------+-------------+------------+
| ORDER_NUM | ORDER_DATE | CUSTOMER_NUM | SHIP_INSTRUCT                        | PO_NUM   | SHIP_DATE  | SHIP_WEIGHT | SHIP_CHARGE | PAID_DATE  |
+-----------+------------+--------------+--------------------------------------+----------+------------+-------------+-------------+------------+
|      1002 | 1994-05-21 |          101 | PO on box; deliver to back door only | 9270     | 1994-05-26 |       50.60 |       15.30 | 1994-06-03 |
|      1003 | 1994-05-22 |          104 | express                              | B77890   | 1994-05-23 |       35.60 |       10.80 | 1994-06-14 |
|      1001 | 1994-05-20 |          104 | express                              | B77836   | 1994-06-01 |       20.40 |       10.00 | 1994-07-22 |
|      1011 | 1994-06-18 |          104 | express                              | B77897   | 1994-07-03 |       10.40 |        5.00 | 1994-08-29 |
|      1013 | 1994-06-22 |          104 | express                              | B77930   | 1994-07-10 |       60.80 |       12.20 | 1994-07-31 |
|      1004 | 1994-05-22 |          106 | ring bell twice                      | 8006     | 1994-05-30 |       95.80 |       19.20 | NULL       |
|      1014 | 1994-06-25 |          106 | ring bell, kick door loudly          | 8052     | 1994-07-03 |       40.60 |       12.30 | 1994-07-10 |
|      1015 | 1994-06-27 |          110 | closed Mondays                       | MA003    | 1994-07-16 |       20.60 |        6.30 | 1994-08-31 |
|      1008 | 1994-06-07 |          110 | closed Monday                        | LZ230    | 1994-07-06 |       45.60 |       13.80 | 1994-07-21 |
|      1009 | 1994-06-14 |          111 | next door to grocery                 | 4745     | 1994-06-21 |       20.40 |       10.00 | 1994-08-21 |
|      1006 | 1994-05-30 |          112 | after 10 am                          | Q13557   | NULL       |       70.80 |       14.20 | NULL       |
|      1010 | 1994-06-17 |          115 | deliver 776 King St. if no answer    | 429Q     | 1994-06-29 |       40.60 |       12.30 | 1994-08-22 |
|      1005 | 1994-05-24 |          116 | call before delivery                 | 2865     | 1994-06-09 |       80.80 |       16.20 | 1994-06-21 |
|      1012 | 1994-06-18 |          117 | NULL                                 | 278701   | 1994-06-29 |       70.80 |       14.20 | NULL       |
|      1007 | 1994-05-31 |          117 | NULL                                 | 278693   | 1994-06-05 |      125.90 |       25.20 | NULL       |
|      1016 | 1994-06-29 |          119 | delivery entrance off Camp St.       | PC6782   | 1994-07-12 |       35.00 |       11.80 | NULL       |
|      1017 | 1994-07-09 |          120 | North side of clubhouse              | DM354331 | 1994-07-13 |       60.00 |       18.00 | NULL       |
|      1018 | 1994-07-10 |          121 | SW corner of Biltmore Mall           | S22942   | 1994-07-13 |       70.50 |       20.00 | 1994-08-06 |
|      1019 | 1994-07-11 |          122 | closed til noon Mondays              | Z55709   | 1994-07-16 |       90.00 |       23.00 | 1994-08-06 |
+-----------+------------+--------------+--------------------------------------+----------+------------+-------------+-------------+------------+
19 rows in set (0.00 sec)

mysql> SELECT fname, lname, c.customer_num, COUNT(*) 
    -> FROM CHUDNOVETS_CUSTOMER c, CHUDNOVETS_ORDERS o
    -> SELECT * FROM CHUDNOVETS_ORDERS ORDER BY CUSTOMER_NUM;
ERROR 1064 (42000): You have an error in your SQL syntax; check the manual that corresponds to your MySQL server version for the right syntax to use near 'SELECT * FROM CHUDNOVETS_ORDERS ORDER BY CUSTOMER_NUM' at line 3
mysql> SELECT * FROM CHUDNOVETS_CUSTOMER c, CHUDNOVETS_ORDERS o WHERE c.customer_num = o.customer_num;
+--------------+----------+----------+----------------------+---------------------+--------------------+---------------+-------+---------+--------------+-----------+-----------+------------+--------------+--------------------------------------+----------+------------+-------------+-------------+------------+
| CUSTOMER_NUM | FNAME    | LNAME    | COMPANY              | ADDRESS1            | ADDRESS2           | CITY          | STATE | ZIPCODE | PHONE        | cust_date | ORDER_NUM | ORDER_DATE | CUSTOMER_NUM | SHIP_INSTRUCT                        | PO_NUM   | SHIP_DATE  | SHIP_WEIGHT | SHIP_CHARGE | PAID_DATE  |
+--------------+----------+----------+----------------------+---------------------+--------------------+---------------+-------+---------+--------------+-----------+-----------+------------+--------------+--------------------------------------+----------+------------+-------------+-------------+------------+
|          104 | Anthony  | Higgins  | Play Ball!           | East Shopping Cntr. | 422 Bay Road       | Redwood City  | CA    | 94026   | 415-368-1100 | NULL      |      1001 | 1994-05-20 |          104 | express                              | B77836   | 1994-06-01 |       20.40 |       10.00 | 1994-07-22 |
|          101 | Ludwig   | Pauli    | All Sports Supplies  | 213 Erstwild Court  | NULL               | Sunnyvale     | CA    | 94086   | 408-789-8075 | NULL      |      1002 | 1994-05-21 |          101 | PO on box; deliver to back door only | 9270     | 1994-05-26 |       50.60 |       15.30 | 1994-06-03 |
|          104 | Anthony  | Higgins  | Play Ball!           | East Shopping Cntr. | 422 Bay Road       | Redwood City  | CA    | 94026   | 415-368-1100 | NULL      |      1003 | 1994-05-22 |          104 | express                              | B77890   | 1994-05-23 |       35.60 |       10.80 | 1994-06-14 |
|          106 | George   | Watson   | Watson & Son         | 1143 Carver Place   | NULL               | Mountain View | CA    | 94063   | 415-389-8789 | NULL      |      1004 | 1994-05-22 |          106 | ring bell twice                      | 8006     | 1994-05-30 |       95.80 |       19.20 | NULL       |
|          116 | Jean     | Parmelee | Olympic City         | 1104 Spinosa Drive  | NULL               | Mountain View | CA    | 94040   | 415-534-8822 | NULL      |      1005 | 1994-05-24 |          116 | call before delivery                 | 2865     | 1994-06-09 |       80.80 |       16.20 | 1994-06-21 |
|          112 | Margaret | Lawson   | Runners & Others     | 234 Wyandotte Way   | NULL               | Los Altos     | CA    | 94022   | 415-887-7235 | NULL      |      1006 | 1994-05-30 |          112 | after 10 am                          | Q13557   | NULL       |       70.80 |       14.20 | NULL       |
|          117 | Arnold   | Sipes    | Kids Korner          | 850 Lytton Court    | NULL               | Redwood City  | CA    | 94063   | 415-245-4578 | NULL      |      1007 | 1994-05-31 |          117 | NULL                                 | 278693   | 1994-06-05 |      125.90 |       25.20 | NULL       |
|          110 | Roy      | Jaeger   | AA Athletics         | 520 Topaz Way       | NULL               | Redwood City  | CA    | 94062   | 415-743-3611 | NULL      |      1008 | 1994-06-07 |          110 | closed Monday                        | LZ230    | 1994-07-06 |       45.60 |       13.80 | 1994-07-21 |
|          111 | Frances  | Keyes    | Sports Center        | 3199 Sterling Court | NULL               | Sunnyvale     | CA    | 94085   | 408-277-7245 | NULL      |      1009 | 1994-06-14 |          111 | next door to grocery                 | 4745     | 1994-06-21 |       20.40 |       10.00 | 1994-08-21 |
|          115 | Alfred   | Grant    | Gold Medal Sports    | 776 Gary Avenue     | NULL               | Menlo Park    | CA    | 94025   | 415-356-1123 | NULL      |      1010 | 1994-06-17 |          115 | deliver 776 King St. if no answer    | 429Q     | 1994-06-29 |       40.60 |       12.30 | 1994-08-22 |
|          104 | Anthony  | Higgins  | Play Ball!           | East Shopping Cntr. | 422 Bay Road       | Redwood City  | CA    | 94026   | 415-368-1100 | NULL      |      1011 | 1994-06-18 |          104 | express                              | B77897   | 1994-07-03 |       10.40 |        5.00 | 1994-08-29 |
|          117 | Arnold   | Sipes    | Kids Korner          | 850 Lytton Court    | NULL               | Redwood City  | CA    | 94063   | 415-245-4578 | NULL      |      1012 | 1994-06-18 |          117 | NULL                                 | 278701   | 1994-06-29 |       70.80 |       14.20 | NULL       |
|          104 | Anthony  | Higgins  | Play Ball!           | East Shopping Cntr. | 422 Bay Road       | Redwood City  | CA    | 94026   | 415-368-1100 | NULL      |      1013 | 1994-06-22 |          104 | express                              | B77930   | 1994-07-10 |       60.80 |       12.20 | 1994-07-31 |
|          106 | George   | Watson   | Watson & Son         | 1143 Carver Place   | NULL               | Mountain View | CA    | 94063   | 415-389-8789 | NULL      |      1014 | 1994-06-25 |          106 | ring bell, kick door loudly          | 8052     | 1994-07-03 |       40.60 |       12.30 | 1994-07-10 |
|          110 | Roy      | Jaeger   | AA Athletics         | 520 Topaz Way       | NULL               | Redwood City  | CA    | 94062   | 415-743-3611 | NULL      |      1015 | 1994-06-27 |          110 | closed Mondays                       | MA003    | 1994-07-16 |       20.60 |        6.30 | 1994-08-31 |
|          119 | Bob      | Shorter  | The Triathletes Club | 2405 Kings Highway  | NULL               | Cherry Hill   | NJ    | 08002   | 609-663-6079 | NULL      |      1016 | 1994-06-29 |          119 | delivery entrance off Camp St.       | PC6782   | 1994-07-12 |       35.00 |       11.80 | NULL       |
|          120 | Fred     | Jewell   | Century Pro Shop     | 6627 N. 17th Way    | NULL               | Phoenix       | AZ    | 85016   | 602-265-8754 | NULL      |      1017 | 1994-07-09 |          120 | North side of clubhouse              | DM354331 | 1994-07-13 |       60.00 |       18.00 | NULL       |
|          121 | Jason    | Wallack  | City Sports          | Lake Biltmore Mall  | 350 W. 23rd Street | Wilmington    | DE    | 19898   | 302-366-7511 | NULL      |      1018 | 1994-07-10 |          121 | SW corner of Biltmore Mall           | S22942   | 1994-07-13 |       70.50 |       20.00 | 1994-08-06 |
|          122 | Cathy    | O`Brian  | The Sporting Life    | 543 Nassau Street   | NULL               | Princeton     | NJ    | 08540   | 609-342-0054 | NULL      |      1019 | 1994-07-11 |          122 | closed til noon Mondays              | Z55709   | 1994-07-16 |       90.00 |       23.00 | 1994-08-06 |
+--------------+----------+----------+----------------------+---------------------+--------------------+---------------+-------+---------+--------------+-----------+-----------+------------+--------------+--------------------------------------+----------+------------+-------------+-------------+------------+
19 rows in set (0.00 sec)

mysql> SELECT fname, lname, c.customer_num, COUNT(*) 
    -> FROM CHUDNOVETS_CUSTOMER c, CHUDNOVETS_ORDERS o
    -> WHERE c.customer_num = o.customer_num
    -> GROUP BY c.customer_num, fname, lname
    -> HAVING COUNT(*) > 1;
+---------+---------+--------------+----------+
| fname   | lname   | customer_num | COUNT(*) |
+---------+---------+--------------+----------+
| Anthony | Higgins |          104 |        4 |
| George  | Watson  |          106 |        2 |
| Arnold  | Sipes   |          117 |        2 |
| Roy     | Jaeger  |          110 |        2 |
+---------+---------+--------------+----------+
4 rows in set (0.00 sec)

mysql> SELECT * FROM CHUDNOVETS_ORDER;
ERROR 1146 (42S02): Table 'stores.CHUDNOVETS_ORDER' doesn't exist
mysql> SELECT * FROM CHUDNOVETS_ORDERS;
+-----------+------------+--------------+--------------------------------------+----------+------------+-------------+-------------+------------+
| ORDER_NUM | ORDER_DATE | CUSTOMER_NUM | SHIP_INSTRUCT                        | PO_NUM   | SHIP_DATE  | SHIP_WEIGHT | SHIP_CHARGE | PAID_DATE  |
+-----------+------------+--------------+--------------------------------------+----------+------------+-------------+-------------+------------+
|      1001 | 1994-05-20 |          104 | express                              | B77836   | 1994-06-01 |       20.40 |       10.00 | 1994-07-22 |
|      1002 | 1994-05-21 |          101 | PO on box; deliver to back door only | 9270     | 1994-05-26 |       50.60 |       15.30 | 1994-06-03 |
|      1003 | 1994-05-22 |          104 | express                              | B77890   | 1994-05-23 |       35.60 |       10.80 | 1994-06-14 |
|      1004 | 1994-05-22 |          106 | ring bell twice                      | 8006     | 1994-05-30 |       95.80 |       19.20 | NULL       |
|      1005 | 1994-05-24 |          116 | call before delivery                 | 2865     | 1994-06-09 |       80.80 |       16.20 | 1994-06-21 |
|      1006 | 1994-05-30 |          112 | after 10 am                          | Q13557   | NULL       |       70.80 |       14.20 | NULL       |
|      1007 | 1994-05-31 |          117 | NULL                                 | 278693   | 1994-06-05 |      125.90 |       25.20 | NULL       |
|      1008 | 1994-06-07 |          110 | closed Monday                        | LZ230    | 1994-07-06 |       45.60 |       13.80 | 1994-07-21 |
|      1009 | 1994-06-14 |          111 | next door to grocery                 | 4745     | 1994-06-21 |       20.40 |       10.00 | 1994-08-21 |
|      1010 | 1994-06-17 |          115 | deliver 776 King St. if no answer    | 429Q     | 1994-06-29 |       40.60 |       12.30 | 1994-08-22 |
|      1011 | 1994-06-18 |          104 | express                              | B77897   | 1994-07-03 |       10.40 |        5.00 | 1994-08-29 |
|      1012 | 1994-06-18 |          117 | NULL                                 | 278701   | 1994-06-29 |       70.80 |       14.20 | NULL       |
|      1013 | 1994-06-22 |          104 | express                              | B77930   | 1994-07-10 |       60.80 |       12.20 | 1994-07-31 |
|      1014 | 1994-06-25 |          106 | ring bell, kick door loudly          | 8052     | 1994-07-03 |       40.60 |       12.30 | 1994-07-10 |
|      1015 | 1994-06-27 |          110 | closed Mondays                       | MA003    | 1994-07-16 |       20.60 |        6.30 | 1994-08-31 |
|      1016 | 1994-06-29 |          119 | delivery entrance off Camp St.       | PC6782   | 1994-07-12 |       35.00 |       11.80 | NULL       |
|      1017 | 1994-07-09 |          120 | North side of clubhouse              | DM354331 | 1994-07-13 |       60.00 |       18.00 | NULL       |
|      1018 | 1994-07-10 |          121 | SW corner of Biltmore Mall           | S22942   | 1994-07-13 |       70.50 |       20.00 | 1994-08-06 |
|      1019 | 1994-07-11 |          122 | closed til noon Mondays              | Z55709   | 1994-07-16 |       90.00 |       23.00 | 1994-08-06 |
+-----------+------------+--------------+--------------------------------------+----------+------------+-------------+-------------+------------+
19 rows in set (0.00 sec)

mysql> SELECT * FROM CHUDNOVETS_ITEMS;
+----------+-----------+-----------+-----------+----------+-------------+
| ITEM_NUM | ORDER_NUM | STOCK_NUM | MANU_CODE | QUANTITY | TOTAL_PRICE |
+----------+-----------+-----------+-----------+----------+-------------+
|        1 |      1001 |         1 | HRO       |        1 |      250.00 |
|        1 |      1002 |         4 | HSK       |        1 |      960.00 |
|        1 |      1003 |         9 | ANZ       |        1 |       20.00 |
|        1 |      1004 |         1 | HRO       |        1 |      250.00 |
|        1 |      1005 |         5 | NRG       |       10 |      280.00 |
|        1 |      1006 |         5 | SMT       |        5 |      125.00 |
|        1 |      1007 |         1 | HRO       |        1 |      250.00 |
|        1 |      1008 |         8 | ANZ       |        1 |      840.00 |
|        1 |      1009 |         1 | SMT       |        1 |      450.00 |
|        1 |      1010 |         6 | SMT       |        1 |       36.00 |
|        1 |      1011 |         5 | ANZ       |        5 |       99.00 |
|        1 |      1012 |         8 | ANZ       |        1 |      840.00 |
|        1 |      1013 |         5 | ANZ       |        1 |       19.80 |
|        1 |      1014 |         4 | HSK       |        1 |      960.00 |
|        1 |      1015 |         1 | SMT       |        1 |      450.00 |
|        1 |      1016 |       101 | SHM       |        2 |      136.00 |
|        1 |      1017 |       201 | NKL       |        4 |      150.00 |
|        1 |      1018 |       307 | PRC       |        2 |      500.00 |
|        1 |      1019 |       111 | SHM       |        3 |     1499.97 |
|        2 |      1002 |         3 | HSK       |        1 |      240.00 |
|        2 |      1003 |         8 | ANZ       |        1 |      840.00 |
|        2 |      1004 |         2 | HRO       |        1 |      126.00 |
|        2 |      1005 |         5 | ANZ       |       10 |      198.00 |
|        2 |      1006 |         5 | NRG       |        5 |      140.00 |
|        2 |      1007 |         2 | HRO       |        1 |      126.00 |
|        2 |      1008 |         9 | ANZ       |        5 |      100.00 |
|        2 |      1010 |         6 | ANZ       |        1 |       48.00 |
|        2 |      1012 |         9 | ANZ       |       10 |      200.00 |
|        2 |      1013 |         6 | SMT       |        1 |       36.00 |
|        2 |      1014 |         4 | HRO       |        1 |      480.00 |
|        2 |      1016 |       109 | PRC       |        3 |       90.00 |
|        2 |      1017 |       202 | KAR       |        1 |      230.00 |
|        2 |      1018 |       302 | KAR       |        3 |       15.00 |
|        3 |      1003 |         5 | ANZ       |        5 |       99.00 |
|        3 |      1004 |         3 | HSK       |        1 |      240.00 |
|        3 |      1005 |         6 | SMT       |        1 |       36.00 |
|        3 |      1006 |         5 | ANZ       |        5 |       99.00 |
|        3 |      1007 |         3 | HSK       |        1 |      240.00 |
|        3 |      1013 |         6 | ANZ       |        1 |       48.00 |
|        3 |      1016 |       110 | HSK       |        1 |      308.00 |
|        3 |      1017 |       301 | SHM       |        2 |      204.00 |
|        3 |      1018 |       110 | PRC       |        1 |      236.00 |
|        4 |      1004 |         1 | HSK       |        1 |      800.00 |
|        4 |      1005 |         6 | ANZ       |        1 |       48.00 |
|        4 |      1006 |         6 | SMT       |        1 |       36.00 |
|        4 |      1007 |         4 | HRO       |        1 |      480.00 |
|        4 |      1013 |         9 | ANZ       |        2 |       40.00 |
|        4 |      1016 |       114 | PRC       |        1 |      120.00 |
|        4 |      1018 |         5 | SMT       |        4 |      100.00 |
|        5 |      1006 |         6 | ANZ       |        1 |       48.00 |
|        5 |      1007 |         7 | HRO       |        1 |      600.00 |
|        5 |      1018 |       304 | HRO       |        1 |      280.00 |
+----------+-----------+-----------+-----------+----------+-------------+
52 rows in set (0.00 sec)

mysql> SELECT * FROM CHUDNOVETS_ITEMS ORDER BY order_num;
+----------+-----------+-----------+-----------+----------+-------------+
| ITEM_NUM | ORDER_NUM | STOCK_NUM | MANU_CODE | QUANTITY | TOTAL_PRICE |
+----------+-----------+-----------+-----------+----------+-------------+
|        1 |      1001 |         1 | HRO       |        1 |      250.00 |
|        1 |      1002 |         4 | HSK       |        1 |      960.00 |
|        2 |      1002 |         3 | HSK       |        1 |      240.00 |
|        3 |      1003 |         5 | ANZ       |        5 |       99.00 |
|        2 |      1003 |         8 | ANZ       |        1 |      840.00 |
|        1 |      1003 |         9 | ANZ       |        1 |       20.00 |
|        4 |      1004 |         1 | HSK       |        1 |      800.00 |
|        2 |      1004 |         2 | HRO       |        1 |      126.00 |
|        3 |      1004 |         3 | HSK       |        1 |      240.00 |
|        1 |      1004 |         1 | HRO       |        1 |      250.00 |
|        2 |      1005 |         5 | ANZ       |       10 |      198.00 |
|        4 |      1005 |         6 | ANZ       |        1 |       48.00 |
|        3 |      1005 |         6 | SMT       |        1 |       36.00 |
|        1 |      1005 |         5 | NRG       |       10 |      280.00 |
|        1 |      1006 |         5 | SMT       |        5 |      125.00 |
|        2 |      1006 |         5 | NRG       |        5 |      140.00 |
|        5 |      1006 |         6 | ANZ       |        1 |       48.00 |
|        4 |      1006 |         6 | SMT       |        1 |       36.00 |
|        3 |      1006 |         5 | ANZ       |        5 |       99.00 |
|        1 |      1007 |         1 | HRO       |        1 |      250.00 |
|        2 |      1007 |         2 | HRO       |        1 |      126.00 |
|        3 |      1007 |         3 | HSK       |        1 |      240.00 |
|        4 |      1007 |         4 | HRO       |        1 |      480.00 |
|        5 |      1007 |         7 | HRO       |        1 |      600.00 |
|        2 |      1008 |         9 | ANZ       |        5 |      100.00 |
|        1 |      1008 |         8 | ANZ       |        1 |      840.00 |
|        1 |      1009 |         1 | SMT       |        1 |      450.00 |
|        2 |      1010 |         6 | ANZ       |        1 |       48.00 |
|        1 |      1010 |         6 | SMT       |        1 |       36.00 |
|        1 |      1011 |         5 | ANZ       |        5 |       99.00 |
|        2 |      1012 |         9 | ANZ       |       10 |      200.00 |
|        1 |      1012 |         8 | ANZ       |        1 |      840.00 |
|        4 |      1013 |         9 | ANZ       |        2 |       40.00 |
|        3 |      1013 |         6 | ANZ       |        1 |       48.00 |
|        2 |      1013 |         6 | SMT       |        1 |       36.00 |
|        1 |      1013 |         5 | ANZ       |        1 |       19.80 |
|        2 |      1014 |         4 | HRO       |        1 |      480.00 |
|        1 |      1014 |         4 | HSK       |        1 |      960.00 |
|        1 |      1015 |         1 | SMT       |        1 |      450.00 |
|        2 |      1016 |       109 | PRC       |        3 |       90.00 |
|        4 |      1016 |       114 | PRC       |        1 |      120.00 |
|        1 |      1016 |       101 | SHM       |        2 |      136.00 |
|        3 |      1016 |       110 | HSK       |        1 |      308.00 |
|        3 |      1017 |       301 | SHM       |        2 |      204.00 |
|        1 |      1017 |       201 | NKL       |        4 |      150.00 |
|        2 |      1017 |       202 | KAR       |        1 |      230.00 |
|        3 |      1018 |       110 | PRC       |        1 |      236.00 |
|        1 |      1018 |       307 | PRC       |        2 |      500.00 |
|        4 |      1018 |         5 | SMT       |        4 |      100.00 |
|        2 |      1018 |       302 | KAR       |        3 |       15.00 |
|        5 |      1018 |       304 | HRO       |        1 |      280.00 |
|        1 |      1019 |       111 | SHM       |        3 |     1499.97 |
+----------+-----------+-----------+-----------+----------+-------------+
52 rows in set (0.00 sec)

mysql> SELECT order_num, SUM(total_price) FROM CHUDNOVETS_ITEMS GROUP BY order_num ORDER BY order_num;
+-----------+------------------+
| order_num | SUM(total_price) |
+-----------+------------------+
|      1001 |           250.00 |
|      1002 |          1200.00 |
|      1003 |           959.00 |
|      1004 |          1416.00 |
|      1005 |           562.00 |
|      1006 |           448.00 |
|      1007 |          1696.00 |
|      1008 |           940.00 |
|      1009 |           450.00 |
|      1010 |            84.00 |
|      1011 |            99.00 |
|      1012 |          1040.00 |
|      1013 |           143.80 |
|      1014 |          1440.00 |
|      1015 |           450.00 |
|      1016 |           654.00 |
|      1017 |           584.00 |
|      1018 |          1131.00 |
|      1019 |          1499.97 |
+-----------+------------------+
19 rows in set (0.00 sec)

mysql> SELECT AVG(total_price) FROM CHUDNOVETS_ITEMS;
+------------------+
| AVG(total_price) |
+------------------+
|       289.360962 |
+------------------+
1 row in set (0.00 sec)

mysql> SELECT order_num, SUM(total_price) 
    -> FROM CHUDNOVETS_ITEMS 
    -> GROUP BY order_num 
    -> HAVING SUM(total_price) < (SELECT AVG(total_price) FROM CHUDNOVETS_ITEMS) avg_total_price
    -> ORDER BY order_num;
ERROR 1064 (42000): You have an error in your SQL syntax; check the manual that corresponds to your MySQL server version for the right syntax to use near 'avg_total_price
ORDER BY order_num' at line 4
mysql> SELECT order_num, SUM(total_price)  FROM CHUDNOVETS_ITEMS  GROUP BY order_num  HAVING SUM(total_price) < (SELECT AVG(total_price) FROM CHUDNOVETS_ITEMS) ORDER BY order_num;
+-----------+------------------+
| order_num | SUM(total_price) |
+-----------+------------------+
|      1001 |           250.00 |
|      1010 |            84.00 |
|      1011 |            99.00 |
|      1013 |           143.80 |
+-----------+------------------+
4 rows in set (0.00 sec)

mysql> SELECT order_num, SUM(total_price) 
    -> FROM CHUDNOVETS_ITEMS 
    -> GROUP BY order_num 
    -> HAVING SUM(total_price) < (SELECT AVG(total_price) FROM CHUDNOVETS_ITEMS)
    -> ORDER BY order_num;
+-----------+------------------+
| order_num | SUM(total_price) |
+-----------+------------------+
|      1001 |           250.00 |
|      1010 |            84.00 |
|      1011 |            99.00 |
|      1013 |           143.80 |
+-----------+------------------+
4 rows in set (0.01 sec)

mysql> SELECT order_num, SUM(total_price)  FROM CHUDNOVETS_ITEMS  GROUP BY order_num  HAVING SUM(total_price) > (SELECT AVG(total_price) FROM CHUDNOVETS_ITEMS) ORDER BY order_num;
+-----------+------------------+
| order_num | SUM(total_price) |
+-----------+------------------+
|      1002 |          1200.00 |
|      1003 |           959.00 |
|      1004 |          1416.00 |
|      1005 |           562.00 |
|      1006 |           448.00 |
|      1007 |          1696.00 |
|      1008 |           940.00 |
|      1009 |           450.00 |
|      1012 |          1040.00 |
|      1014 |          1440.00 |
|      1015 |           450.00 |
|      1016 |           654.00 |
|      1017 |           584.00 |
|      1018 |          1131.00 |
|      1019 |          1499.97 |
+-----------+------------------+
15 rows in set (0.00 sec)

mysql> SELECT order_num FROM CHUDNOVETS_ITEMS
    -> HAVING total_price < ALL(SELECT AVG(total_price) FROM CHUDNOVETS_ITEMS)
    -> GROUP BY order_num, total_price;
ERROR 1064 (42000): You have an error in your SQL syntax; check the manual that corresponds to your MySQL server version for the right syntax to use near 'GROUP BY order_num, total_price' at line 3
mysql> SELECT order_num FROM CHUDNOVETS_ITEMS
    -> GROUP BY order_num, total_price
    -> HAVING total_price < ALL(SELECT AVG(total_price) FROM CHUDNOVETS_ITEMS);
+-----------+
| order_num |
+-----------+
|      1001 |
|      1003 |
|      1004 |
|      1005 |
|      1006 |
|      1007 |
|      1010 |
|      1011 |
|      1013 |
|      1016 |
|      1017 |
|      1002 |
|      1004 |
|      1005 |
|      1006 |
|      1007 |
|      1008 |
|      1010 |
|      1012 |
|      1013 |
|      1016 |
|      1017 |
|      1018 |
|      1003 |
|      1004 |
|      1005 |
|      1006 |
|      1007 |
|      1013 |
|      1017 |
|      1018 |
|      1005 |
|      1006 |
|      1013 |
|      1016 |
|      1018 |
|      1006 |
|      1018 |
+-----------+
38 rows in set (0.00 sec)

mysql> SELECT order_num FROM CHUDNOVETS_ITEMS;
+-----------+
| order_num |
+-----------+
|      1001 |
|      1002 |
|      1003 |
|      1004 |
|      1005 |
|      1006 |
|      1007 |
|      1008 |
|      1009 |
|      1010 |
|      1011 |
|      1012 |
|      1013 |
|      1014 |
|      1015 |
|      1016 |
|      1017 |
|      1018 |
|      1019 |
|      1002 |
|      1003 |
|      1004 |
|      1005 |
|      1006 |
|      1007 |
|      1008 |
|      1010 |
|      1012 |
|      1013 |
|      1014 |
|      1016 |
|      1017 |
|      1018 |
|      1003 |
|      1004 |
|      1005 |
|      1006 |
|      1007 |
|      1013 |
|      1016 |
|      1017 |
|      1018 |
|      1004 |
|      1005 |
|      1006 |
|      1007 |
|      1013 |
|      1016 |
|      1018 |
|      1006 |
|      1007 |
|      1018 |
+-----------+
52 rows in set (0.00 sec)

mysql> SELECT order_num FROM CHUDNOVETS_ITEMS
    -> GROUP BY order_num, total_price;
+-----------+
| order_num |
+-----------+
|      1001 |
|      1002 |
|      1003 |
|      1004 |
|      1005 |
|      1006 |
|      1007 |
|      1008 |
|      1009 |
|      1010 |
|      1011 |
|      1012 |
|      1013 |
|      1014 |
|      1015 |
|      1016 |
|      1017 |
|      1018 |
|      1019 |
|      1002 |
|      1003 |
|      1004 |
|      1005 |
|      1006 |
|      1007 |
|      1008 |
|      1010 |
|      1012 |
|      1013 |
|      1014 |
|      1016 |
|      1017 |
|      1018 |
|      1003 |
|      1004 |
|      1005 |
|      1006 |
|      1007 |
|      1013 |
|      1016 |
|      1017 |
|      1018 |
|      1004 |
|      1005 |
|      1006 |
|      1007 |
|      1013 |
|      1016 |
|      1018 |
|      1006 |
|      1007 |
|      1018 |
+-----------+
52 rows in set (0.00 sec)

mysql> SELECT order_num, total_price FROM CHUDNOVETS_ITEMS GROUP BY order_num, total_price;
+-----------+-------------+
| order_num | total_price |
+-----------+-------------+
|      1001 |      250.00 |
|      1002 |      960.00 |
|      1003 |       20.00 |
|      1004 |      250.00 |
|      1005 |      280.00 |
|      1006 |      125.00 |
|      1007 |      250.00 |
|      1008 |      840.00 |
|      1009 |      450.00 |
|      1010 |       36.00 |
|      1011 |       99.00 |
|      1012 |      840.00 |
|      1013 |       19.80 |
|      1014 |      960.00 |
|      1015 |      450.00 |
|      1016 |      136.00 |
|      1017 |      150.00 |
|      1018 |      500.00 |
|      1019 |     1499.97 |
|      1002 |      240.00 |
|      1003 |      840.00 |
|      1004 |      126.00 |
|      1005 |      198.00 |
|      1006 |      140.00 |
|      1007 |      126.00 |
|      1008 |      100.00 |
|      1010 |       48.00 |
|      1012 |      200.00 |
|      1013 |       36.00 |
|      1014 |      480.00 |
|      1016 |       90.00 |
|      1017 |      230.00 |
|      1018 |       15.00 |
|      1003 |       99.00 |
|      1004 |      240.00 |
|      1005 |       36.00 |
|      1006 |       99.00 |
|      1007 |      240.00 |
|      1013 |       48.00 |
|      1016 |      308.00 |
|      1017 |      204.00 |
|      1018 |      236.00 |
|      1004 |      800.00 |
|      1005 |       48.00 |
|      1006 |       36.00 |
|      1007 |      480.00 |
|      1013 |       40.00 |
|      1016 |      120.00 |
|      1018 |      100.00 |
|      1006 |       48.00 |
|      1007 |      600.00 |
|      1018 |      280.00 |
+-----------+-------------+
52 rows in set (0.00 sec)

mysql> SELECT order_num FROM CHUDNOVETS_ITEMS GROUP BY order_num, total_price HAVING total_price < SELECT AVG(total_price) FROM CHUDNOVETS_ITEMS;
ERROR 1064 (42000): You have an error in your SQL syntax; check the manual that corresponds to your MySQL server version for the right syntax to use near 'SELECT AVG(total_price) FROM CHUDNOVETS_ITEMS' at line 1
mysql> SELECT order_num FROM CHUDNOVETS_ITEMS GROUP BY order_num, total_price HAVING total_price < (SELECT AVG(total_price) FROM CHUDNOVETS_ITEMS);
+-----------+
| order_num |
+-----------+
|      1001 |
|      1003 |
|      1004 |
|      1005 |
|      1006 |
|      1007 |
|      1010 |
|      1011 |
|      1013 |
|      1016 |
|      1017 |
|      1002 |
|      1004 |
|      1005 |
|      1006 |
|      1007 |
|      1008 |
|      1010 |
|      1012 |
|      1013 |
|      1016 |
|      1017 |
|      1018 |
|      1003 |
|      1004 |
|      1005 |
|      1006 |
|      1007 |
|      1013 |
|      1017 |
|      1018 |
|      1005 |
|      1006 |
|      1013 |
|      1016 |
|      1018 |
|      1006 |
|      1018 |
+-----------+
38 rows in set (0.00 sec)

mysql> SELECT order_num, total_price FROM CHUDNOVETS_ITEMS GROUP BY order_num, total_price HAVING total_price < (SELECT AVG(total_price) FROM CHUDNOVETS_ITEMS);
+-----------+-------------+
| order_num | total_price |
+-----------+-------------+
|      1001 |      250.00 |
|      1003 |       20.00 |
|      1004 |      250.00 |
|      1005 |      280.00 |
|      1006 |      125.00 |
|      1007 |      250.00 |
|      1010 |       36.00 |
|      1011 |       99.00 |
|      1013 |       19.80 |
|      1016 |      136.00 |
|      1017 |      150.00 |
|      1002 |      240.00 |
|      1004 |      126.00 |
|      1005 |      198.00 |
|      1006 |      140.00 |
|      1007 |      126.00 |
|      1008 |      100.00 |
|      1010 |       48.00 |
|      1012 |      200.00 |
|      1013 |       36.00 |
|      1016 |       90.00 |
|      1017 |      230.00 |
|      1018 |       15.00 |
|      1003 |       99.00 |
|      1004 |      240.00 |
|      1005 |       36.00 |
|      1006 |       99.00 |
|      1007 |      240.00 |
|      1013 |       48.00 |
|      1017 |      204.00 |
|      1018 |      236.00 |
|      1005 |       48.00 |
|      1006 |       36.00 |
|      1013 |       40.00 |
|      1016 |      120.00 |
|      1018 |      100.00 |
|      1006 |       48.00 |
|      1018 |      280.00 |
+-----------+-------------+
38 rows in set (0.00 sec)

mysql> SELECT order_num FROM CHUDNOVETS_ITEMS
    -> GROUP BY order_num, total_price
    -> HAVING total_price < ALL(SELECT AVG(total_price) FROM CHUDNOVETS_ITEMS);
+-----------+
| order_num |
+-----------+
|      1001 |
|      1003 |
|      1004 |
|      1005 |
|      1006 |
|      1007 |
|      1010 |
|      1011 |
|      1013 |
|      1016 |
|      1017 |
|      1002 |
|      1004 |
|      1005 |
|      1006 |
|      1007 |
|      1008 |
|      1010 |
|      1012 |
|      1013 |
|      1016 |
|      1017 |
|      1018 |
|      1003 |
|      1004 |
|      1005 |
|      1006 |
|      1007 |
|      1013 |
|      1017 |
|      1018 |
|      1005 |
|      1006 |
|      1013 |
|      1016 |
|      1018 |
|      1006 |
|      1018 |
+-----------+
38 rows in set (0.01 sec)

mysql> SELECT order_num, SELECT order_num FROM CHUDNOVETS_ITEMS FROM CHUDNOVETS_ITEMS GROUP BY order_num, total_price HAVING total_price < ALL(SELECT AVG(total_price) FROM CHUDNOVETS_ITEMS);
ERROR 1064 (42000): You have an error in your SQL syntax; check the manual that corresponds to your MySQL server version for the right syntax to use near 'SELECT order_num FROM CHUDNOVETS_ITEMS FROM CHUDNOVETS_ITEMS GROUP BY order_num,' at line 1
mysql> GROUP BY order_num, total_price
    -> HAVING total_price < ALL(SELECT AVG(total_price) FROM CHUDNOVETS_ITEMS);
ERROR 1064 (42000): You have an error in your SQL syntax; check the manual that corresponds to your MySQL server version for the right syntax to use near 'GROUP BY order_num, total_price
HAVING total_price < ALL(SELECT AVG(total_price)' at line 1
mysql> SELECT order_num, total_price FROM CHUDNOVETS_ITEMS
    -> GROUP BY order_num, total_price
    -> HAVING total_price < ALL(SELECT AVG(total_price) FROM CHUDNOVETS_ITEMS);
+-----------+-------------+
| order_num | total_price |
+-----------+-------------+
|      1001 |      250.00 |
|      1003 |       20.00 |
|      1004 |      250.00 |
|      1005 |      280.00 |
|      1006 |      125.00 |
|      1007 |      250.00 |
|      1010 |       36.00 |
|      1011 |       99.00 |
|      1013 |       19.80 |
|      1016 |      136.00 |
|      1017 |      150.00 |
|      1002 |      240.00 |
|      1004 |      126.00 |
|      1005 |      198.00 |
|      1006 |      140.00 |
|      1007 |      126.00 |
|      1008 |      100.00 |
|      1010 |       48.00 |
|      1012 |      200.00 |
|      1013 |       36.00 |
|      1016 |       90.00 |
|      1017 |      230.00 |
|      1018 |       15.00 |
|      1003 |       99.00 |
|      1004 |      240.00 |
|      1005 |       36.00 |
|      1006 |       99.00 |
|      1007 |      240.00 |
|      1013 |       48.00 |
|      1017 |      204.00 |
|      1018 |      236.00 |
|      1005 |       48.00 |
|      1006 |       36.00 |
|      1013 |       40.00 |
|      1016 |      120.00 |
|      1018 |      100.00 |
|      1006 |       48.00 |
|      1018 |      280.00 |
+-----------+-------------+
38 rows in set (0.00 sec)

mysql> SELECT order_num, total_price FROM CHUDNOVETS_ITEMS GROUP BY order_num, total_price HAVING total_price > ALL(SELECT AVG(total_price) FROM CHUDNOVETS_ITEMS);
+-----------+-------------+
| order_num | total_price |
+-----------+-------------+
|      1002 |      960.00 |
|      1008 |      840.00 |
|      1009 |      450.00 |
|      1012 |      840.00 |
|      1014 |      960.00 |
|      1015 |      450.00 |
|      1018 |      500.00 |
|      1019 |     1499.97 |
|      1003 |      840.00 |
|      1014 |      480.00 |
|      1016 |      308.00 |
|      1004 |      800.00 |
|      1007 |      480.00 |
|      1007 |      600.00 |
+-----------+-------------+
14 rows in set (0.00 sec)

mysql> SELECT total_price FROM CHUDNOVETS_ITEMS WHERE order_num=1023;
Empty set (0.00 sec)

mysql> SELECT total_price FROM CHUDNOVETS_ITEMS WHERE order_num=1018;
+-------------+
| total_price |
+-------------+
|      500.00 |
|       15.00 |
|      236.00 |
|      100.00 |
|      280.00 |
+-------------+
5 rows in set (0.00 sec)

mysql> SELECT AVG(total_price) FROM CHUDNOVETS_ITEMS;
+------------------+
| AVG(total_price) |
+------------------+
|       289.360962 |
+------------------+
1 row in set (0.00 sec)

mysql> SELECT order_num, total_price FROM CHUDNOVETS_ITEMS
    -> GROUP BY order_num, total_price
    -> HAVING total_price < ALL(SELECT AVG(total_price) FROM CHUDNOVETS_ITEMS);
+-----------+-------------+
| order_num | total_price |
+-----------+-------------+
|      1001 |      250.00 |
|      1003 |       20.00 |
|      1004 |      250.00 |
|      1005 |      280.00 |
|      1006 |      125.00 |
|      1007 |      250.00 |
|      1010 |       36.00 |
|      1011 |       99.00 |
|      1013 |       19.80 |
|      1016 |      136.00 |
|      1017 |      150.00 |
|      1002 |      240.00 |
|      1004 |      126.00 |
|      1005 |      198.00 |
|      1006 |      140.00 |
|      1007 |      126.00 |
|      1008 |      100.00 |
|      1010 |       48.00 |
|      1012 |      200.00 |
|      1013 |       36.00 |
|      1016 |       90.00 |
|      1017 |      230.00 |
|      1018 |       15.00 |
|      1003 |       99.00 |
|      1004 |      240.00 |
|      1005 |       36.00 |
|      1006 |       99.00 |
|      1007 |      240.00 |
|      1013 |       48.00 |
|      1017 |      204.00 |
|      1018 |      236.00 |
|      1005 |       48.00 |
|      1006 |       36.00 |
|      1013 |       40.00 |
|      1016 |      120.00 |
|      1018 |      100.00 |
|      1006 |       48.00 |
|      1018 |      280.00 |
+-----------+-------------+
38 rows in set (0.00 sec)

mysql> SELECT order_num, total_price FROM CHUDNOVETS_ITEMS GROUP BY order_num, total_price HAVING total_price < SELECT AVG(total_price) FROM CHUDNOVETS_ITEMS;
ERROR 1064 (42000): You have an error in your SQL syntax; check the manual that corresponds to your MySQL server version for the right syntax to use near 'SELECT AVG(total_price) FROM CHUDNOVETS_ITEMS' at line 1
mysql> SELECT order_num, total_price FROM CHUDNOVETS_ITEMS GROUP BY order_num, total_price HAVING total_price < (SELECT AVG(total_price) FROM CHUDNOVETS_ITEMS);
+-----------+-------------+
| order_num | total_price |
+-----------+-------------+
|      1001 |      250.00 |
|      1003 |       20.00 |
|      1004 |      250.00 |
|      1005 |      280.00 |
|      1006 |      125.00 |
|      1007 |      250.00 |
|      1010 |       36.00 |
|      1011 |       99.00 |
|      1013 |       19.80 |
|      1016 |      136.00 |
|      1017 |      150.00 |
|      1002 |      240.00 |
|      1004 |      126.00 |
|      1005 |      198.00 |
|      1006 |      140.00 |
|      1007 |      126.00 |
|      1008 |      100.00 |
|      1010 |       48.00 |
|      1012 |      200.00 |
|      1013 |       36.00 |
|      1016 |       90.00 |
|      1017 |      230.00 |
|      1018 |       15.00 |
|      1003 |       99.00 |
|      1004 |      240.00 |
|      1005 |       36.00 |
|      1006 |       99.00 |
|      1007 |      240.00 |
|      1013 |       48.00 |
|      1017 |      204.00 |
|      1018 |      236.00 |
|      1005 |       48.00 |
|      1006 |       36.00 |
|      1013 |       40.00 |
|      1016 |      120.00 |
|      1018 |      100.00 |
|      1006 |       48.00 |
|      1018 |      280.00 |
+-----------+-------------+
38 rows in set (0.00 sec)

mysql> SELECT * FROM CHUDNOVETS_ITEMS;
+----------+-----------+-----------+-----------+----------+-------------+
| ITEM_NUM | ORDER_NUM | STOCK_NUM | MANU_CODE | QUANTITY | TOTAL_PRICE |
+----------+-----------+-----------+-----------+----------+-------------+
|        1 |      1001 |         1 | HRO       |        1 |      250.00 |
|        1 |      1002 |         4 | HSK       |        1 |      960.00 |
|        1 |      1003 |         9 | ANZ       |        1 |       20.00 |
|        1 |      1004 |         1 | HRO       |        1 |      250.00 |
|        1 |      1005 |         5 | NRG       |       10 |      280.00 |
|        1 |      1006 |         5 | SMT       |        5 |      125.00 |
|        1 |      1007 |         1 | HRO       |        1 |      250.00 |
|        1 |      1008 |         8 | ANZ       |        1 |      840.00 |
|        1 |      1009 |         1 | SMT       |        1 |      450.00 |
|        1 |      1010 |         6 | SMT       |        1 |       36.00 |
|        1 |      1011 |         5 | ANZ       |        5 |       99.00 |
|        1 |      1012 |         8 | ANZ       |        1 |      840.00 |
|        1 |      1013 |         5 | ANZ       |        1 |       19.80 |
|        1 |      1014 |         4 | HSK       |        1 |      960.00 |
|        1 |      1015 |         1 | SMT       |        1 |      450.00 |
|        1 |      1016 |       101 | SHM       |        2 |      136.00 |
|        1 |      1017 |       201 | NKL       |        4 |      150.00 |
|        1 |      1018 |       307 | PRC       |        2 |      500.00 |
|        1 |      1019 |       111 | SHM       |        3 |     1499.97 |
|        2 |      1002 |         3 | HSK       |        1 |      240.00 |
|        2 |      1003 |         8 | ANZ       |        1 |      840.00 |
|        2 |      1004 |         2 | HRO       |        1 |      126.00 |
|        2 |      1005 |         5 | ANZ       |       10 |      198.00 |
|        2 |      1006 |         5 | NRG       |        5 |      140.00 |
|        2 |      1007 |         2 | HRO       |        1 |      126.00 |
|        2 |      1008 |         9 | ANZ       |        5 |      100.00 |
|        2 |      1010 |         6 | ANZ       |        1 |       48.00 |
|        2 |      1012 |         9 | ANZ       |       10 |      200.00 |
|        2 |      1013 |         6 | SMT       |        1 |       36.00 |
|        2 |      1014 |         4 | HRO       |        1 |      480.00 |
|        2 |      1016 |       109 | PRC       |        3 |       90.00 |
|        2 |      1017 |       202 | KAR       |        1 |      230.00 |
|        2 |      1018 |       302 | KAR       |        3 |       15.00 |
|        3 |      1003 |         5 | ANZ       |        5 |       99.00 |
|        3 |      1004 |         3 | HSK       |        1 |      240.00 |
|        3 |      1005 |         6 | SMT       |        1 |       36.00 |
|        3 |      1006 |         5 | ANZ       |        5 |       99.00 |
|        3 |      1007 |         3 | HSK       |        1 |      240.00 |
|        3 |      1013 |         6 | ANZ       |        1 |       48.00 |
|        3 |      1016 |       110 | HSK       |        1 |      308.00 |
|        3 |      1017 |       301 | SHM       |        2 |      204.00 |
|        3 |      1018 |       110 | PRC       |        1 |      236.00 |
|        4 |      1004 |         1 | HSK       |        1 |      800.00 |
|        4 |      1005 |         6 | ANZ       |        1 |       48.00 |
|        4 |      1006 |         6 | SMT       |        1 |       36.00 |
|        4 |      1007 |         4 | HRO       |        1 |      480.00 |
|        4 |      1013 |         9 | ANZ       |        2 |       40.00 |
|        4 |      1016 |       114 | PRC       |        1 |      120.00 |
|        4 |      1018 |         5 | SMT       |        4 |      100.00 |
|        5 |      1006 |         6 | ANZ       |        1 |       48.00 |
|        5 |      1007 |         7 | HRO       |        1 |      600.00 |
|        5 |      1018 |       304 | HRO       |        1 |      280.00 |
+----------+-----------+-----------+-----------+----------+-------------+
52 rows in set (0.00 sec)

mysql> SELECT MAX(quantity) FROM items WHERE stock_num = 9;
ERROR 1146 (42S02): Table 'stores.items' doesn't exist
mysql> SELECT SELECT MAX(quantity) FROM CHUDNOVETS_ITEMS WHERE stock_num = 9; FROM items WHERE stock_num = 9;
ERROR 1064 (42000): You have an error in your SQL syntax; check the manual that corresponds to your MySQL server version for the right syntax to use near 'SELECT MAX(quantity) FROM CHUDNOVETS_ITEMS WHERE stock_num = 9' at line 1
ERROR 1064 (42000): You have an error in your SQL syntax; check the manual that corresponds to your MySQL server version for the right syntax to use near 'FROM items WHERE stock_num = 9' at line 1
mysql> SELECT SELECT MAX(quantity) FROM CHUDNOVETS_ITEMS WHERE stock_num = 9; FROM items WHERE stock_num = 9;
ERROR 1064 (42000): You have an error in your SQL syntax; check the manual that corresponds to your MySQL server version for the right syntax to use near 'SELECT MAX(quantity) FROM CHUDNOVETS_ITEMS WHERE stock_num = 9' at line 1
ERROR 1064 (42000): You have an error in your SQL syntax; check the manual that corresponds to your MySQL server version for the right syntax to use near 'FROM items WHERE stock_num = 9' at line 1
mysql> SELECT MAX(quantity) FROM CHUDNOVETS_ITEMS WHERE stock_num = 9;
+---------------+
| MAX(quantity) |
+---------------+
|            10 |
+---------------+
1 row in set (0.01 sec)

mysql> SELECT * FROM CHUDNOVETS_ITEMS WHERE stock_num = 9;
+----------+-----------+-----------+-----------+----------+-------------+
| ITEM_NUM | ORDER_NUM | STOCK_NUM | MANU_CODE | QUANTITY | TOTAL_PRICE |
+----------+-----------+-----------+-----------+----------+-------------+
|        1 |      1003 |         9 | ANZ       |        1 |       20.00 |
|        2 |      1008 |         9 | ANZ       |        5 |      100.00 |
|        2 |      1012 |         9 | ANZ       |       10 |      200.00 |
|        4 |      1013 |         9 | ANZ       |        2 |       40.00 |
+----------+-----------+-----------+-----------+----------+-------------+
4 rows in set (0.00 sec)

mysql> SELECT order_num FROM CHUDNOVETS_ITEMS
    -> WHERE stock_num = 9 AND quantity = 
    -> (SELECT MAX(quantity) FROM CHUDNOVETS_ITEMS WHERE stock_num = 9);
+-----------+
| order_num |
+-----------+
|      1012 |
+-----------+
1 row in set (0.00 sec)

mysql> SELECT * FROM CHUDNOVETS_ORDERS;
+-----------+------------+--------------+--------------------------------------+----------+------------+-------------+-------------+------------+
| ORDER_NUM | ORDER_DATE | CUSTOMER_NUM | SHIP_INSTRUCT                        | PO_NUM   | SHIP_DATE  | SHIP_WEIGHT | SHIP_CHARGE | PAID_DATE  |
+-----------+------------+--------------+--------------------------------------+----------+------------+-------------+-------------+------------+
|      1001 | 1994-05-20 |          104 | express                              | B77836   | 1994-06-01 |       20.40 |       10.00 | 1994-07-22 |
|      1002 | 1994-05-21 |          101 | PO on box; deliver to back door only | 9270     | 1994-05-26 |       50.60 |       15.30 | 1994-06-03 |
|      1003 | 1994-05-22 |          104 | express                              | B77890   | 1994-05-23 |       35.60 |       10.80 | 1994-06-14 |
|      1004 | 1994-05-22 |          106 | ring bell twice                      | 8006     | 1994-05-30 |       95.80 |       19.20 | NULL       |
|      1005 | 1994-05-24 |          116 | call before delivery                 | 2865     | 1994-06-09 |       80.80 |       16.20 | 1994-06-21 |
|      1006 | 1994-05-30 |          112 | after 10 am                          | Q13557   | NULL       |       70.80 |       14.20 | NULL       |
|      1007 | 1994-05-31 |          117 | NULL                                 | 278693   | 1994-06-05 |      125.90 |       25.20 | NULL       |
|      1008 | 1994-06-07 |          110 | closed Monday                        | LZ230    | 1994-07-06 |       45.60 |       13.80 | 1994-07-21 |
|      1009 | 1994-06-14 |          111 | next door to grocery                 | 4745     | 1994-06-21 |       20.40 |       10.00 | 1994-08-21 |
|      1010 | 1994-06-17 |          115 | deliver 776 King St. if no answer    | 429Q     | 1994-06-29 |       40.60 |       12.30 | 1994-08-22 |
|      1011 | 1994-06-18 |          104 | express                              | B77897   | 1994-07-03 |       10.40 |        5.00 | 1994-08-29 |
|      1012 | 1994-06-18 |          117 | NULL                                 | 278701   | 1994-06-29 |       70.80 |       14.20 | NULL       |
|      1013 | 1994-06-22 |          104 | express                              | B77930   | 1994-07-10 |       60.80 |       12.20 | 1994-07-31 |
|      1014 | 1994-06-25 |          106 | ring bell, kick door loudly          | 8052     | 1994-07-03 |       40.60 |       12.30 | 1994-07-10 |
|      1015 | 1994-06-27 |          110 | closed Mondays                       | MA003    | 1994-07-16 |       20.60 |        6.30 | 1994-08-31 |
|      1016 | 1994-06-29 |          119 | delivery entrance off Camp St.       | PC6782   | 1994-07-12 |       35.00 |       11.80 | NULL       |
|      1017 | 1994-07-09 |          120 | North side of clubhouse              | DM354331 | 1994-07-13 |       60.00 |       18.00 | NULL       |
|      1018 | 1994-07-10 |          121 | SW corner of Biltmore Mall           | S22942   | 1994-07-13 |       70.50 |       20.00 | 1994-08-06 |
|      1019 | 1994-07-11 |          122 | closed til noon Mondays              | Z55709   | 1994-07-16 |       90.00 |       23.00 | 1994-08-06 |
+-----------+------------+--------------+--------------------------------------+----------+------------+-------------+-------------+------------+
19 rows in set (0.00 sec)

mysql> SELECT * FROM CHUDNOVETS_ORDERS WHERE CUSTOMER_NUM = 120;
+-----------+------------+--------------+-------------------------+----------+------------+-------------+-------------+-----------+
| ORDER_NUM | ORDER_DATE | CUSTOMER_NUM | SHIP_INSTRUCT           | PO_NUM   | SHIP_DATE  | SHIP_WEIGHT | SHIP_CHARGE | PAID_DATE |
+-----------+------------+--------------+-------------------------+----------+------------+-------------+-------------+-----------+
|      1017 | 1994-07-09 |          120 | North side of clubhouse | DM354331 | 1994-07-13 |       60.00 |       18.00 | NULL      |
+-----------+------------+--------------+-------------------------+----------+------------+-------------+-------------+-----------+
1 row in set (0.00 sec)

mysql> SELECT * FROM CHUDNOVETS_ORDERS WHERE CUSTOMER_NUM = 104;
+-----------+------------+--------------+---------------+--------+------------+-------------+-------------+------------+
| ORDER_NUM | ORDER_DATE | CUSTOMER_NUM | SHIP_INSTRUCT | PO_NUM | SHIP_DATE  | SHIP_WEIGHT | SHIP_CHARGE | PAID_DATE  |
+-----------+------------+--------------+---------------+--------+------------+-------------+-------------+------------+
|      1001 | 1994-05-20 |          104 | express       | B77836 | 1994-06-01 |       20.40 |       10.00 | 1994-07-22 |
|      1003 | 1994-05-22 |          104 | express       | B77890 | 1994-05-23 |       35.60 |       10.80 | 1994-06-14 |
|      1011 | 1994-06-18 |          104 | express       | B77897 | 1994-07-03 |       10.40 |        5.00 | 1994-08-29 |
|      1013 | 1994-06-22 |          104 | express       | B77930 | 1994-07-10 |       60.80 |       12.20 | 1994-07-31 |
+-----------+------------+--------------+---------------+--------+------------+-------------+-------------+------------+
4 rows in set (0.00 sec)

mysql> SELECT DISTINCT * FROM CHUDNOVETS_ORDERS WHERE CUSTOMER_NUM = 104;
+-----------+------------+--------------+---------------+--------+------------+-------------+-------------+------------+
| ORDER_NUM | ORDER_DATE | CUSTOMER_NUM | SHIP_INSTRUCT | PO_NUM | SHIP_DATE  | SHIP_WEIGHT | SHIP_CHARGE | PAID_DATE  |
+-----------+------------+--------------+---------------+--------+------------+-------------+-------------+------------+
|      1001 | 1994-05-20 |          104 | express       | B77836 | 1994-06-01 |       20.40 |       10.00 | 1994-07-22 |
|      1003 | 1994-05-22 |          104 | express       | B77890 | 1994-05-23 |       35.60 |       10.80 | 1994-06-14 |
|      1011 | 1994-06-18 |          104 | express       | B77897 | 1994-07-03 |       10.40 |        5.00 | 1994-08-29 |
|      1013 | 1994-06-22 |          104 | express       | B77930 | 1994-07-10 |       60.80 |       12.20 | 1994-07-31 |
+-----------+------------+--------------+---------------+--------+------------+-------------+-------------+------------+
4 rows in set (0.00 sec)

mysql> SELECT CUSTOMER_NUM FROM CHUDNOVETS_ORDERS WHERE CUSTOMER_NUM = 104;
+--------------+
| CUSTOMER_NUM |
+--------------+
|          104 |
|          104 |
|          104 |
|          104 |
+--------------+
4 rows in set (0.00 sec)

mysql> SELECT DISTINCT CUSTOMER_NUM FROM CHUDNOVETS_ORDERS WHERE CUSTOMER_NUM = 104;
+--------------+
| CUSTOMER_NUM |
+--------------+
|          104 |
+--------------+
1 row in set (0.00 sec)

mysql> SELECT order_num, total_price FROM CHUDNOVETS_ITEMS
    -> GROUP BY order_num, total_price
    -> HAVING total_price < ALL(SELECT AVG(total_price) FROM CHUDNOVETS_ITEMS);
+-----------+-------------+
| order_num | total_price |
+-----------+-------------+
|      1001 |      250.00 |
|      1003 |       20.00 |
|      1004 |      250.00 |
|      1005 |      280.00 |
|      1006 |      125.00 |
|      1007 |      250.00 |
|      1010 |       36.00 |
|      1011 |       99.00 |
|      1013 |       19.80 |
|      1016 |      136.00 |
|      1017 |      150.00 |
|      1002 |      240.00 |
|      1004 |      126.00 |
|      1005 |      198.00 |
|      1006 |      140.00 |
|      1007 |      126.00 |
|      1008 |      100.00 |
|      1010 |       48.00 |
|      1012 |      200.00 |
|      1013 |       36.00 |
|      1016 |       90.00 |
|      1017 |      230.00 |
|      1018 |       15.00 |
|      1003 |       99.00 |
|      1004 |      240.00 |
|      1005 |       36.00 |
|      1006 |       99.00 |
|      1007 |      240.00 |
|      1013 |       48.00 |
|      1017 |      204.00 |
|      1018 |      236.00 |
|      1005 |       48.00 |
|      1006 |       36.00 |
|      1013 |       40.00 |
|      1016 |      120.00 |
|      1018 |      100.00 |
|      1006 |       48.00 |
|      1018 |      280.00 |
+-----------+-------------+
38 rows in set (0.00 sec)

mysql> SELECT order_num, SUM(total_price) 
    -> FROM CHUDNOVETS_ITEMS 
    -> GROUP BY order_num 
    -> HAVING SUM(total_price) < (SELECT AVG(total_price) FROM CHUDNOVETS_ITEMS)
    -> ORDER BY order_num;
+-----------+------------------+
| order_num | SUM(total_price) |
+-----------+------------------+
|      1001 |           250.00 |
|      1010 |            84.00 |
|      1011 |            99.00 |
|      1013 |           143.80 |
+-----------+------------------+
4 rows in set (0.00 sec)

mysql> SELECT order_num, SUM(total_price) 
    -> FROM CHUDNOVETS_ITEMS 
    -> GROUP BY order_numж
    -> ;
ERROR 1054 (42S22): Unknown column 'order_numж' in 'group statement'
mysql> SELECT order_num, SUM(total_price)  FROM CHUDNOVETS_ITEMS  GROUP BY order_num;
+-----------+------------------+
| order_num | SUM(total_price) |
+-----------+------------------+
|      1001 |           250.00 |
|      1002 |          1200.00 |
|      1003 |           959.00 |
|      1004 |          1416.00 |
|      1005 |           562.00 |
|      1006 |           448.00 |
|      1007 |          1696.00 |
|      1008 |           940.00 |
|      1009 |           450.00 |
|      1010 |            84.00 |
|      1011 |            99.00 |
|      1012 |          1040.00 |
|      1013 |           143.80 |
|      1014 |          1440.00 |
|      1015 |           450.00 |
|      1016 |           654.00 |
|      1017 |           584.00 |
|      1018 |          1131.00 |
|      1019 |          1499.97 |
+-----------+------------------+
19 rows in set (0.00 sec)

mysql> SELECT AVG(total_price) FROM CHUDNOVETS_ITEMS;
+------------------+
| AVG(total_price) |
+------------------+
|       289.360962 |
+------------------+
1 row in set (0.00 sec)

mysql> SELECT order_num, SUM(total_price) 
    -> FROM CHUDNOVETS_ITEMS 
    -> GROUP BY order_num 
    -> HAVING SUM(total_price) < (SELECT AVG(total_price) FROM CHUDNOVETS_ITEMS);
+-----------+------------------+
| order_num | SUM(total_price) |
+-----------+------------------+
|      1001 |           250.00 |
|      1010 |            84.00 |
|      1011 |            99.00 |
|      1013 |           143.80 |
+-----------+------------------+
4 rows in set (0.00 sec)

mysql> SELECT order_num, SUM(total_price)  FROM CHUDNOVETS_ITEMS  GROUP BY order_num  HAVING SUM(total_price) > (SELECT AVG(total_price) FROM CHUDNOVETS_ITEMS);
+-----------+------------------+
| order_num | SUM(total_price) |
+-----------+------------------+
|      1002 |          1200.00 |
|      1003 |           959.00 |
|      1004 |          1416.00 |
|      1005 |           562.00 |
|      1006 |           448.00 |
|      1007 |          1696.00 |
|      1008 |           940.00 |
|      1009 |           450.00 |
|      1012 |          1040.00 |
|      1014 |          1440.00 |
|      1015 |           450.00 |
|      1016 |           654.00 |
|      1017 |           584.00 |
|      1018 |          1131.00 |
|      1019 |          1499.97 |
+-----------+------------------+
15 rows in set (0.01 sec)

mysql> SELECT * FROM stock WHERE manu_code = “HRO” OR stock_num = 1;
ERROR 1146 (42S02): Table 'stores.stock' doesn't exist
mysql> SELECT * FROM stock WHERE manu_code = "HRO" OR stock_num = 1;
ERROR 1146 (42S02): Table 'stores.stock' doesn't exist
mysql> SELECT * FROM CHUDNOVETS_STOCK WHERE manu_code = "HRO" OR stock_num = 1;
+-----------+-----------+-----------------+------------+------+----------------+
| STOCK_NUM | MANU_CODE | DESCRIPTION     | UNIT_PRICE | UNIT | unit_descr     |
+-----------+-----------+-----------------+------------+------+----------------+
|         1 | HRO       | baseball gloves |     250.00 | case | 10 gloves/case |
|         1 | HSK       | baseball gloves |     800.00 | case | 10 gloves/case |
|         1 | SMT       | baseball gloves |     450.00 | case | 10 gloves/case |
|         2 | HRO       | baseball        |     126.00 | case | 24/case        |
|         4 | HRO       | football        |     480.00 | case | 24/case        |
|         7 | HRO       | basketball      |     600.00 | case | 24/case        |
|       110 | HRO       | helmet          |     260.00 | case | 4/case         |
|       205 | HRO       | 3 golf balls    |     312.00 | case | 24/case        |
|       301 | HRO       | running shoes   |      42.50 | each | each           |
|       302 | HRO       | ice pack        |       4.50 | each | each           |
|       304 | HRO       | watch           |     280.00 | box  | 10/box         |
|       305 | HRO       | first-aid kit   |      48.00 | case | 4/case         |
|       309 | HRO       | ear drops       |      40.00 | case | 20/case        |
|       312 | HRO       | racer goggles   |      72.00 | box  | 12/box         |
+-----------+-----------+-----------------+------------+------+----------------+
14 rows in set (0.00 sec)

mysql> SELECT * FROM CHUDNOVETS_STOCK WHERE manu_code = "HRO";
+-----------+-----------+-----------------+------------+------+----------------+
| STOCK_NUM | MANU_CODE | DESCRIPTION     | UNIT_PRICE | UNIT | unit_descr     |
+-----------+-----------+-----------------+------------+------+----------------+
|         1 | HRO       | baseball gloves |     250.00 | case | 10 gloves/case |
|         2 | HRO       | baseball        |     126.00 | case | 24/case        |
|         4 | HRO       | football        |     480.00 | case | 24/case        |
|         7 | HRO       | basketball      |     600.00 | case | 24/case        |
|       110 | HRO       | helmet          |     260.00 | case | 4/case         |
|       205 | HRO       | 3 golf balls    |     312.00 | case | 24/case        |
|       301 | HRO       | running shoes   |      42.50 | each | each           |
|       302 | HRO       | ice pack        |       4.50 | each | each           |
|       304 | HRO       | watch           |     280.00 | box  | 10/box         |
|       305 | HRO       | first-aid kit   |      48.00 | case | 4/case         |
|       309 | HRO       | ear drops       |      40.00 | case | 20/case        |
|       312 | HRO       | racer goggles   |      72.00 | box  | 12/box         |
+-----------+-----------+-----------------+------------+------+----------------+
12 rows in set (0.00 sec)

mysql> SELECT * FROM CHUDNOVETS_STOCK WHERE stock_num = 1;
+-----------+-----------+-----------------+------------+------+----------------+
| STOCK_NUM | MANU_CODE | DESCRIPTION     | UNIT_PRICE | UNIT | unit_descr     |
+-----------+-----------+-----------------+------------+------+----------------+
|         1 | HRO       | baseball gloves |     250.00 | case | 10 gloves/case |
|         1 | HSK       | baseball gloves |     800.00 | case | 10 gloves/case |
|         1 | SMT       | baseball gloves |     450.00 | case | 10 gloves/case |
+-----------+-----------+-----------------+------------+------+----------------+
3 rows in set (0.00 sec)

mysql> SELECT * FROM CHUDNOVETS_STOCK WHERE manu_code = "HRO"
    -> UNION
    -> SELECT * FROM CHUDNOVETS_STOCK WHERE stock_num = 1;
+-----------+-----------+-----------------+------------+------+----------------+
| STOCK_NUM | MANU_CODE | DESCRIPTION     | UNIT_PRICE | UNIT | unit_descr     |
+-----------+-----------+-----------------+------------+------+----------------+
|         1 | HRO       | baseball gloves |     250.00 | case | 10 gloves/case |
|         2 | HRO       | baseball        |     126.00 | case | 24/case        |
|         4 | HRO       | football        |     480.00 | case | 24/case        |
|         7 | HRO       | basketball      |     600.00 | case | 24/case        |
|       110 | HRO       | helmet          |     260.00 | case | 4/case         |
|       205 | HRO       | 3 golf balls    |     312.00 | case | 24/case        |
|       301 | HRO       | running shoes   |      42.50 | each | each           |
|       302 | HRO       | ice pack        |       4.50 | each | each           |
|       304 | HRO       | watch           |     280.00 | box  | 10/box         |
|       305 | HRO       | first-aid kit   |      48.00 | case | 4/case         |
|       309 | HRO       | ear drops       |      40.00 | case | 20/case        |
|       312 | HRO       | racer goggles   |      72.00 | box  | 12/box         |
|         1 | HSK       | baseball gloves |     800.00 | case | 10 gloves/case |
|         1 | SMT       | baseball gloves |     450.00 | case | 10 gloves/case |
+-----------+-----------+-----------------+------------+------+----------------+
14 rows in set (0.01 sec)

mysql> SELECT * FROM CHUDNOVETS_STOCK WHERE manu_code = "HRO" UNION DISTINCT SELECT * FROM CHUDNOVETS_STOCK WHERE stock_num = 1;
+-----------+-----------+-----------------+------------+------+----------------+
| STOCK_NUM | MANU_CODE | DESCRIPTION     | UNIT_PRICE | UNIT | unit_descr     |
+-----------+-----------+-----------------+------------+------+----------------+
|         1 | HRO       | baseball gloves |     250.00 | case | 10 gloves/case |
|         2 | HRO       | baseball        |     126.00 | case | 24/case        |
|         4 | HRO       | football        |     480.00 | case | 24/case        |
|         7 | HRO       | basketball      |     600.00 | case | 24/case        |
|       110 | HRO       | helmet          |     260.00 | case | 4/case         |
|       205 | HRO       | 3 golf balls    |     312.00 | case | 24/case        |
|       301 | HRO       | running shoes   |      42.50 | each | each           |
|       302 | HRO       | ice pack        |       4.50 | each | each           |
|       304 | HRO       | watch           |     280.00 | box  | 10/box         |
|       305 | HRO       | first-aid kit   |      48.00 | case | 4/case         |
|       309 | HRO       | ear drops       |      40.00 | case | 20/case        |
|       312 | HRO       | racer goggles   |      72.00 | box  | 12/box         |
|         1 | HSK       | baseball gloves |     800.00 | case | 10 gloves/case |
|         1 | SMT       | baseball gloves |     450.00 | case | 10 gloves/case |
+-----------+-----------+-----------------+------------+------+----------------+
14 rows in set (0.00 sec)

mysql> SELECT * FROM CHUDNOVETS_CUSTOMER;
+--------------+----------+-----------+----------------------+---------------------+--------------------+---------------+-------+---------+--------------+-----------+
| CUSTOMER_NUM | FNAME    | LNAME     | COMPANY              | ADDRESS1            | ADDRESS2           | CITY          | STATE | ZIPCODE | PHONE        | cust_date |
+--------------+----------+-----------+----------------------+---------------------+--------------------+---------------+-------+---------+--------------+-----------+
|          101 | Ludwig   | Pauli     | All Sports Supplies  | 213 Erstwild Court  | NULL               | Sunnyvale     | CA    | 94086   | 408-789-8075 | NULL      |
|          102 | Carole   | Sadler    | Sports Spot          | 785 Geary St        | NULL               | San Francisco | CA    | 94117   | 415-822-1289 | NULL      |
|          103 | Philip   | Currie    | Phil`s Sports        | 654 Poplar          | P. O. Box 3498     | Palo Alto     | CA    | 94303   | 415-328-4543 | NULL      |
|          104 | Anthony  | Higgins   | Play Ball!           | East Shopping Cntr. | 422 Bay Road       | Redwood City  | CA    | 94026   | 415-368-1100 | NULL      |
|          105 | Raymond  | Vector    | Los Altos Sports     | 1899 La Loma Drive  | NULL               | Los Altos     | CA    | 94022   | 415-776-3249 | NULL      |
|          106 | George   | Watson    | Watson & Son         | 1143 Carver Place   | NULL               | Mountain View | CA    | 94063   | 415-389-8789 | NULL      |
|          107 | Charles  | Ream      | Athletic Supplies    | 41 Jordan Avenue    | NULL               | Palo Alto     | CA    | 94304   | 415-356-9876 | NULL      |
|          108 | Donald   | Quinn     | Quinn`s Sports       | 587 Alvarado        | NULL               | Redwood City  | CA    | 94063   | 415-544-8729 | NULL      |
|          109 | Jane     | Miller    | Sport Stuff          | Mayfair Mart        | 7345 Ross Blvd.    | Sunnyvale     | CA    | 94086   | 408-723-8789 | NULL      |
|          110 | Roy      | Jaeger    | AA Athletics         | 520 Topaz Way       | NULL               | Redwood City  | CA    | 94062   | 415-743-3611 | NULL      |
|          111 | Frances  | Keyes     | Sports Center        | 3199 Sterling Court | NULL               | Sunnyvale     | CA    | 94085   | 408-277-7245 | NULL      |
|          112 | Margaret | Lawson    | Runners & Others     | 234 Wyandotte Way   | NULL               | Los Altos     | CA    | 94022   | 415-887-7235 | NULL      |
|          113 | Lana     | Beatty    | Sportstown           | 654 Oak Grove       | NULL               | Menlo Park    | CA    | 94025   | 415-356-9982 | NULL      |
|          114 | Frank    | Albertson | Sporting Place       | 947 Waverly Place   | NULL               | Redwood City  | CA    | 94062   | 415-886-6677 | NULL      |
|          115 | Alfred   | Grant     | Gold Medal Sports    | 776 Gary Avenue     | NULL               | Menlo Park    | CA    | 94025   | 415-356-1123 | NULL      |
|          116 | Jean     | Parmelee  | Olympic City         | 1104 Spinosa Drive  | NULL               | Mountain View | CA    | 94040   | 415-534-8822 | NULL      |
|          117 | Arnold   | Sipes     | Kids Korner          | 850 Lytton Court    | NULL               | Redwood City  | CA    | 94063   | 415-245-4578 | NULL      |
|          118 | Dick     | Baxter    | Blue Ribbon Sports   | 5427 College        | NULL               | Oakland       | CA    | 94609   | 415-655-0011 | NULL      |
|          119 | Bob      | Shorter   | The Triathletes Club | 2405 Kings Highway  | NULL               | Cherry Hill   | NJ    | 08002   | 609-663-6079 | NULL      |
|          120 | Fred     | Jewell    | Century Pro Shop     | 6627 N. 17th Way    | NULL               | Phoenix       | AZ    | 85016   | 602-265-8754 | NULL      |
|          121 | Jason    | Wallack   | City Sports          | Lake Biltmore Mall  | 350 W. 23rd Street | Wilmington    | DE    | 19898   | 302-366-7511 | NULL      |
|          122 | Cathy    | O`Brian   | The Sporting Life    | 543 Nassau Street   | NULL               | Princeton     | NJ    | 08540   | 609-342-0054 | NULL      |
+--------------+----------+-----------+----------------------+---------------------+--------------------+---------------+-------+---------+--------------+-----------+
22 rows in set (0.00 sec)

mysql> SELECT * FROM CHUDNOVETS_CUSTOMER ORDER BY city;
+--------------+----------+-----------+----------------------+---------------------+--------------------+---------------+-------+---------+--------------+-----------+
| CUSTOMER_NUM | FNAME    | LNAME     | COMPANY              | ADDRESS1            | ADDRESS2           | CITY          | STATE | ZIPCODE | PHONE        | cust_date |
+--------------+----------+-----------+----------------------+---------------------+--------------------+---------------+-------+---------+--------------+-----------+
|          119 | Bob      | Shorter   | The Triathletes Club | 2405 Kings Highway  | NULL               | Cherry Hill   | NJ    | 08002   | 609-663-6079 | NULL      |
|          105 | Raymond  | Vector    | Los Altos Sports     | 1899 La Loma Drive  | NULL               | Los Altos     | CA    | 94022   | 415-776-3249 | NULL      |
|          112 | Margaret | Lawson    | Runners & Others     | 234 Wyandotte Way   | NULL               | Los Altos     | CA    | 94022   | 415-887-7235 | NULL      |
|          115 | Alfred   | Grant     | Gold Medal Sports    | 776 Gary Avenue     | NULL               | Menlo Park    | CA    | 94025   | 415-356-1123 | NULL      |
|          113 | Lana     | Beatty    | Sportstown           | 654 Oak Grove       | NULL               | Menlo Park    | CA    | 94025   | 415-356-9982 | NULL      |
|          106 | George   | Watson    | Watson & Son         | 1143 Carver Place   | NULL               | Mountain View | CA    | 94063   | 415-389-8789 | NULL      |
|          116 | Jean     | Parmelee  | Olympic City         | 1104 Spinosa Drive  | NULL               | Mountain View | CA    | 94040   | 415-534-8822 | NULL      |
|          118 | Dick     | Baxter    | Blue Ribbon Sports   | 5427 College        | NULL               | Oakland       | CA    | 94609   | 415-655-0011 | NULL      |
|          103 | Philip   | Currie    | Phil`s Sports        | 654 Poplar          | P. O. Box 3498     | Palo Alto     | CA    | 94303   | 415-328-4543 | NULL      |
|          107 | Charles  | Ream      | Athletic Supplies    | 41 Jordan Avenue    | NULL               | Palo Alto     | CA    | 94304   | 415-356-9876 | NULL      |
|          120 | Fred     | Jewell    | Century Pro Shop     | 6627 N. 17th Way    | NULL               | Phoenix       | AZ    | 85016   | 602-265-8754 | NULL      |
|          122 | Cathy    | O`Brian   | The Sporting Life    | 543 Nassau Street   | NULL               | Princeton     | NJ    | 08540   | 609-342-0054 | NULL      |
|          114 | Frank    | Albertson | Sporting Place       | 947 Waverly Place   | NULL               | Redwood City  | CA    | 94062   | 415-886-6677 | NULL      |
|          110 | Roy      | Jaeger    | AA Athletics         | 520 Topaz Way       | NULL               | Redwood City  | CA    | 94062   | 415-743-3611 | NULL      |
|          117 | Arnold   | Sipes     | Kids Korner          | 850 Lytton Court    | NULL               | Redwood City  | CA    | 94063   | 415-245-4578 | NULL      |
|          108 | Donald   | Quinn     | Quinn`s Sports       | 587 Alvarado        | NULL               | Redwood City  | CA    | 94063   | 415-544-8729 | NULL      |
|          104 | Anthony  | Higgins   | Play Ball!           | East Shopping Cntr. | 422 Bay Road       | Redwood City  | CA    | 94026   | 415-368-1100 | NULL      |
|          102 | Carole   | Sadler    | Sports Spot          | 785 Geary St        | NULL               | San Francisco | CA    | 94117   | 415-822-1289 | NULL      |
|          111 | Frances  | Keyes     | Sports Center        | 3199 Sterling Court | NULL               | Sunnyvale     | CA    | 94085   | 408-277-7245 | NULL      |
|          109 | Jane     | Miller    | Sport Stuff          | Mayfair Mart        | 7345 Ross Blvd.    | Sunnyvale     | CA    | 94086   | 408-723-8789 | NULL      |
|          101 | Ludwig   | Pauli     | All Sports Supplies  | 213 Erstwild Court  | NULL               | Sunnyvale     | CA    | 94086   | 408-789-8075 | NULL      |
|          121 | Jason    | Wallack   | City Sports          | Lake Biltmore Mall  | 350 W. 23rd Street | Wilmington    | DE    | 19898   | 302-366-7511 | NULL      |
+--------------+----------+-----------+----------------------+---------------------+--------------------+---------------+-------+---------+--------------+-----------+
22 rows in set (0.00 sec)

mysql> SELECT * FROM CHUDNOVETS_CUSTOMER WHERE city = 'Redwood  City' ORDER BY city;
Empty set (0.00 sec)

mysql> SELECT * FROM CHUDNOVETS_CUSTOMER WHERE city = 'Redwood City' ORDER BY city;
+--------------+---------+-----------+----------------+---------------------+--------------+--------------+-------+---------+--------------+-----------+
| CUSTOMER_NUM | FNAME   | LNAME     | COMPANY        | ADDRESS1            | ADDRESS2     | CITY         | STATE | ZIPCODE | PHONE        | cust_date |
+--------------+---------+-----------+----------------+---------------------+--------------+--------------+-------+---------+--------------+-----------+
|          104 | Anthony | Higgins   | Play Ball!     | East Shopping Cntr. | 422 Bay Road | Redwood City | CA    | 94026   | 415-368-1100 | NULL      |
|          108 | Donald  | Quinn     | Quinn`s Sports | 587 Alvarado        | NULL         | Redwood City | CA    | 94063   | 415-544-8729 | NULL      |
|          110 | Roy     | Jaeger    | AA Athletics   | 520 Topaz Way       | NULL         | Redwood City | CA    | 94062   | 415-743-3611 | NULL      |
|          114 | Frank   | Albertson | Sporting Place | 947 Waverly Place   | NULL         | Redwood City | CA    | 94062   | 415-886-6677 | NULL      |
|          117 | Arnold  | Sipes     | Kids Korner    | 850 Lytton Court    | NULL         | Redwood City | CA    | 94063   | 415-245-4578 | NULL      |
+--------------+---------+-----------+----------------+---------------------+--------------+--------------+-------+---------+--------------+-----------+
5 rows in set (0.00 sec)

mysql> SELECT * FROM CHUDNOVETS_CUSTOMER WHERE city = 'Redwood City';
+--------------+---------+-----------+----------------+---------------------+--------------+--------------+-------+---------+--------------+-----------+
| CUSTOMER_NUM | FNAME   | LNAME     | COMPANY        | ADDRESS1            | ADDRESS2     | CITY         | STATE | ZIPCODE | PHONE        | cust_date |
+--------------+---------+-----------+----------------+---------------------+--------------+--------------+-------+---------+--------------+-----------+
|          104 | Anthony | Higgins   | Play Ball!     | East Shopping Cntr. | 422 Bay Road | Redwood City | CA    | 94026   | 415-368-1100 | NULL      |
|          108 | Donald  | Quinn     | Quinn`s Sports | 587 Alvarado        | NULL         | Redwood City | CA    | 94063   | 415-544-8729 | NULL      |
|          110 | Roy     | Jaeger    | AA Athletics   | 520 Topaz Way       | NULL         | Redwood City | CA    | 94062   | 415-743-3611 | NULL      |
|          114 | Frank   | Albertson | Sporting Place | 947 Waverly Place   | NULL         | Redwood City | CA    | 94062   | 415-886-6677 | NULL      |
|          117 | Arnold  | Sipes     | Kids Korner    | 850 Lytton Court    | NULL         | Redwood City | CA    | 94063   | 415-245-4578 | NULL      |
+--------------+---------+-----------+----------------+---------------------+--------------+--------------+-------+---------+--------------+-----------+
5 rows in set (0.00 sec)

mysql> SELECT city, company FROM CHUDNOVETS_CUSTOMER WHERE city = 'Redwood City';
+--------------+----------------+
| city         | company        |
+--------------+----------------+
| Redwood City | Play Ball!     |
| Redwood City | Quinn`s Sports |
| Redwood City | AA Athletics   |
| Redwood City | Sporting Place |
| Redwood City | Kids Korner    |
+--------------+----------------+
5 rows in set (0.00 sec)

mysql> SELECT A Sortkey, city, company FROM CHUDNOVETS_CUSTOMER WHERE city = 'Redwood City';
ERROR 1054 (42S22): Unknown column 'A' in 'field list'
mysql> SELECT A AS Sortkey, city, company FROM CHUDNOVETS_CUSTOMER WHERE city = 'Redwood City';
ERROR 1054 (42S22): Unknown column 'A' in 'field list'
mysql> SELECT Sortkey A, city, company FROM CHUDNOVETS_CUSTOMER WHERE city = 'Redwood City';
ERROR 1054 (42S22): Unknown column 'Sortkey' in 'field list'
mysql> SELECT 'A' Sortkey, city, company FROM CHUDNOVETS_CUSTOMER WHERE city = 'Redwood City';
+---------+--------------+----------------+
| Sortkey | city         | company        |
+---------+--------------+----------------+
| A       | Redwood City | Play Ball!     |
| A       | Redwood City | Quinn`s Sports |
| A       | Redwood City | AA Athletics   |
| A       | Redwood City | Sporting Place |
| A       | Redwood City | Kids Korner    |
+---------+--------------+----------------+
5 rows in set (0.00 sec)

mysql> SELECT 'A' AS Sortkey, city, company FROM CHUDNOVETS_CUSTOMER WHERE city = 'Redwood City';
+---------+--------------+----------------+
| Sortkey | city         | company        |
+---------+--------------+----------------+
| A       | Redwood City | Play Ball!     |
| A       | Redwood City | Quinn`s Sports |
| A       | Redwood City | AA Athletics   |
| A       | Redwood City | Sporting Place |
| A       | Redwood City | Kids Korner    |
+---------+--------------+----------------+
5 rows in set (0.00 sec)

mysql> SELECT 'A' Sortkey, city, company FROM CHUDNOVETS_CUSTOMER WHERE city = 'Redwood City';
+---------+--------------+----------------+
| Sortkey | city         | company        |
+---------+--------------+----------------+
| A       | Redwood City | Play Ball!     |
| A       | Redwood City | Quinn`s Sports |
| A       | Redwood City | AA Athletics   |
| A       | Redwood City | Sporting Place |
| A       | Redwood City | Kids Korner    |
+---------+--------------+----------------+
5 rows in set (0.00 sec)

mysql> SELECT 'A' Sortkey, city, company FROM CHUDNOVETS_CUSTOMER WHERE city = 'Redwood City' ORDER BY company;
+---------+--------------+----------------+
| Sortkey | city         | company        |
+---------+--------------+----------------+
| A       | Redwood City | AA Athletics   |
| A       | Redwood City | Kids Korner    |
| A       | Redwood City | Play Ball!     |
| A       | Redwood City | Quinn`s Sports |
| A       | Redwood City | Sporting Place |
+---------+--------------+----------------+
5 rows in set (0.00 sec)

mysql> SELECT 'A' Sortkey, city, company FROM CHUDNOVETS_CUSTOMER WHERE city = 'Redwood City' ORDER BY company
    -> UNION
    -> SELECT 'B' Sortkey, city, company FROM CHUDNOVETS_CUSTOMER;
ERROR 1064 (42000): You have an error in your SQL syntax; check the manual that corresponds to your MySQL server version for the right syntax to use near 'UNION
SELECT 'B' Sortkey, city, company FROM CHUDNOVETS_CUSTOMER' at line 2
mysql> SELECT * FROM CHUDNOVETS_STOCK WHERE manu_code = "HRO"
    -> UNION
    -> SELECT * FROM CHUDNOVETS_STOCK WHERE stock_num = 1;
+-----------+-----------+-----------------+------------+------+----------------+
| STOCK_NUM | MANU_CODE | DESCRIPTION     | UNIT_PRICE | UNIT | unit_descr     |
+-----------+-----------+-----------------+------------+------+----------------+
|         1 | HRO       | baseball gloves |     250.00 | case | 10 gloves/case |
|         2 | HRO       | baseball        |     126.00 | case | 24/case        |
|         4 | HRO       | football        |     480.00 | case | 24/case        |
|         7 | HRO       | basketball      |     600.00 | case | 24/case        |
|       110 | HRO       | helmet          |     260.00 | case | 4/case         |
|       205 | HRO       | 3 golf balls    |     312.00 | case | 24/case        |
|       301 | HRO       | running shoes   |      42.50 | each | each           |
|       302 | HRO       | ice pack        |       4.50 | each | each           |
|       304 | HRO       | watch           |     280.00 | box  | 10/box         |
|       305 | HRO       | first-aid kit   |      48.00 | case | 4/case         |
|       309 | HRO       | ear drops       |      40.00 | case | 20/case        |
|       312 | HRO       | racer goggles   |      72.00 | box  | 12/box         |
|         1 | HSK       | baseball gloves |     800.00 | case | 10 gloves/case |
|         1 | SMT       | baseball gloves |     450.00 | case | 10 gloves/case |
+-----------+-----------+-----------------+------------+------+----------------+
14 rows in set (0.00 sec)

mysql> SELECT 'A' Sortkey, city, company FROM CHUDNOVETS_CUSTOMER WHERE city = 'Redwood City' ORDER BY company
    -> UNION
    -> SELECT 'B' Sortkey, city, company FROM CHUDNOVETS_CUSTOMER;
ERROR 1064 (42000): You have an error in your SQL syntax; check the manual that corresponds to your MySQL server version for the right syntax to use near 'UNION
SELECT 'B' Sortkey, city, company FROM CHUDNOVETS_CUSTOMER' at line 2
mysql> SELECT 'A' Sortkey, city, company FROM CHUDNOVETS_CUSTOMER WHERE city = 'Redwood City'
    -> UNION
    -> SELECT 'B' Sortkey, city, company FROM CHUDNOVETS_CUSTOMER;
+---------+---------------+----------------------+
| Sortkey | city          | company              |
+---------+---------------+----------------------+
| A       | Redwood City  | Play Ball!           |
| A       | Redwood City  | Quinn`s Sports       |
| A       | Redwood City  | AA Athletics         |
| A       | Redwood City  | Sporting Place       |
| A       | Redwood City  | Kids Korner          |
| B       | Sunnyvale     | All Sports Supplies  |
| B       | San Francisco | Sports Spot          |
| B       | Palo Alto     | Phil`s Sports        |
| B       | Redwood City  | Play Ball!           |
| B       | Los Altos     | Los Altos Sports     |
| B       | Mountain View | Watson & Son         |
| B       | Palo Alto     | Athletic Supplies    |
| B       | Redwood City  | Quinn`s Sports       |
| B       | Sunnyvale     | Sport Stuff          |
| B       | Redwood City  | AA Athletics         |
| B       | Sunnyvale     | Sports Center        |
| B       | Los Altos     | Runners & Others     |
| B       | Menlo Park    | Sportstown           |
| B       | Redwood City  | Sporting Place       |
| B       | Menlo Park    | Gold Medal Sports    |
| B       | Mountain View | Olympic City         |
| B       | Redwood City  | Kids Korner          |
| B       | Oakland       | Blue Ribbon Sports   |
| B       | Cherry Hill   | The Triathletes Club |
| B       | Phoenix       | Century Pro Shop     |
| B       | Wilmington    | City Sports          |
| B       | Princeton     | The Sporting Life    |
+---------+---------------+----------------------+
27 rows in set (0.00 sec)

mysql> SELECT 'A' Sortkey, city, company FROM CHUDNOVETS_CUSTOMER WHERE city = 'Redwood City'
    -> UNION
    -> SELECT 'B' Sortkey, city, company FROM CHUDNOVETS_CUSTOMER
    -> ORDER BY company;
+---------+---------------+----------------------+
| Sortkey | city          | company              |
+---------+---------------+----------------------+
| A       | Redwood City  | AA Athletics         |
| B       | Redwood City  | AA Athletics         |
| B       | Sunnyvale     | All Sports Supplies  |
| B       | Palo Alto     | Athletic Supplies    |
| B       | Oakland       | Blue Ribbon Sports   |
| B       | Phoenix       | Century Pro Shop     |
| B       | Wilmington    | City Sports          |
| B       | Menlo Park    | Gold Medal Sports    |
| A       | Redwood City  | Kids Korner          |
| B       | Redwood City  | Kids Korner          |
| B       | Los Altos     | Los Altos Sports     |
| B       | Mountain View | Olympic City         |
| B       | Palo Alto     | Phil`s Sports        |
| A       | Redwood City  | Play Ball!           |
| B       | Redwood City  | Play Ball!           |
| B       | Redwood City  | Quinn`s Sports       |
| A       | Redwood City  | Quinn`s Sports       |
| B       | Los Altos     | Runners & Others     |
| B       | Sunnyvale     | Sport Stuff          |
| B       | Redwood City  | Sporting Place       |
| A       | Redwood City  | Sporting Place       |
| B       | Sunnyvale     | Sports Center        |
| B       | San Francisco | Sports Spot          |
| B       | Menlo Park    | Sportstown           |
| B       | Princeton     | The Sporting Life    |
| B       | Cherry Hill   | The Triathletes Club |
| B       | Mountain View | Watson & Son         |
+---------+---------------+----------------------+
27 rows in set (0.00 sec)

mysql> SELECT 'A' Sortkey, city, company FROM CHUDNOVETS_CUSTOMER WHERE city = 'Redwood City'
    -> UNION
    -> SELECT 'B' Sortkey, city, company FROM CHUDNOVETS_CUSTOMER WHERE city != 'Redwood City'
    -> ORDER BY company;
+---------+---------------+----------------------+
| Sortkey | city          | company              |
+---------+---------------+----------------------+
| A       | Redwood City  | AA Athletics         |
| B       | Sunnyvale     | All Sports Supplies  |
| B       | Palo Alto     | Athletic Supplies    |
| B       | Oakland       | Blue Ribbon Sports   |
| B       | Phoenix       | Century Pro Shop     |
| B       | Wilmington    | City Sports          |
| B       | Menlo Park    | Gold Medal Sports    |
| A       | Redwood City  | Kids Korner          |
| B       | Los Altos     | Los Altos Sports     |
| B       | Mountain View | Olympic City         |
| B       | Palo Alto     | Phil`s Sports        |
| A       | Redwood City  | Play Ball!           |
| A       | Redwood City  | Quinn`s Sports       |
| B       | Los Altos     | Runners & Others     |
| B       | Sunnyvale     | Sport Stuff          |
| A       | Redwood City  | Sporting Place       |
| B       | Sunnyvale     | Sports Center        |
| B       | San Francisco | Sports Spot          |
| B       | Menlo Park    | Sportstown           |
| B       | Princeton     | The Sporting Life    |
| B       | Cherry Hill   | The Triathletes Club |
| B       | Mountain View | Watson & Son         |
+---------+---------------+----------------------+
22 rows in set (0.00 sec)

mysql> SELECT 'A' Sortkey, city, company FROM CHUDNOVETS_CUSTOMER WHERE city = 'Redwood City'
    -> UNION
    -> SELECT 'B' Sortkey, city, company FROM CHUDNOVETS_CUSTOMER WHERE city != 'Redwood City'
    -> ORDER BY Sortkey, company;
+---------+---------------+----------------------+
| Sortkey | city          | company              |
+---------+---------------+----------------------+
| A       | Redwood City  | AA Athletics         |
| A       | Redwood City  | Kids Korner          |
| A       | Redwood City  | Play Ball!           |
| A       | Redwood City  | Quinn`s Sports       |
| A       | Redwood City  | Sporting Place       |
| B       | Sunnyvale     | All Sports Supplies  |
| B       | Palo Alto     | Athletic Supplies    |
| B       | Oakland       | Blue Ribbon Sports   |
| B       | Phoenix       | Century Pro Shop     |
| B       | Wilmington    | City Sports          |
| B       | Menlo Park    | Gold Medal Sports    |
| B       | Los Altos     | Los Altos Sports     |
| B       | Mountain View | Olympic City         |
| B       | Palo Alto     | Phil`s Sports        |
| B       | Los Altos     | Runners & Others     |
| B       | Sunnyvale     | Sport Stuff          |
| B       | Sunnyvale     | Sports Center        |
| B       | San Francisco | Sports Spot          |
| B       | Menlo Park    | Sportstown           |
| B       | Princeton     | The Sporting Life    |
| B       | Cherry Hill   | The Triathletes Club |
| B       | Mountain View | Watson & Son         |
+---------+---------------+----------------------+
22 rows in set (0.00 sec)

mysql> SELECT 'A' Sortkey, city, company FROM CHUDNOVETS_CUSTOMER WHERE city = 'Redwood City'
    -> UNION
    -> SELECT 'B' Sortkey, city, company FROM CHUDNOVETS_CUSTOMER WHERE city != 'Redwood City'
    -> ORDER BY company, Sortkey;
+---------+---------------+----------------------+
| Sortkey | city          | company              |
+---------+---------------+----------------------+
| A       | Redwood City  | AA Athletics         |
| B       | Sunnyvale     | All Sports Supplies  |
| B       | Palo Alto     | Athletic Supplies    |
| B       | Oakland       | Blue Ribbon Sports   |
| B       | Phoenix       | Century Pro Shop     |
| B       | Wilmington    | City Sports          |
| B       | Menlo Park    | Gold Medal Sports    |
| A       | Redwood City  | Kids Korner          |
| B       | Los Altos     | Los Altos Sports     |
| B       | Mountain View | Olympic City         |
| B       | Palo Alto     | Phil`s Sports        |
| A       | Redwood City  | Play Ball!           |
| A       | Redwood City  | Quinn`s Sports       |
| B       | Los Altos     | Runners & Others     |
| B       | Sunnyvale     | Sport Stuff          |
| A       | Redwood City  | Sporting Place       |
| B       | Sunnyvale     | Sports Center        |
| B       | San Francisco | Sports Spot          |
| B       | Menlo Park    | Sportstown           |
| B       | Princeton     | The Sporting Life    |
| B       | Cherry Hill   | The Triathletes Club |
| B       | Mountain View | Watson & Son         |
+---------+---------------+----------------------+
22 rows in set (0.00 sec)

mysql> SELECT 'A' Sortkey, city, company FROM CHUDNOVETS_CUSTOMER WHERE city = 'Redwood City'
    -> UNION
    -> SELECT 'B' Sortkey, city, company FROM CHUDNOVETS_CUSTOMER WHERE city != 'Redwood City'
    -> ORDER BY Sortkey, company;
+---------+---------------+----------------------+
| Sortkey | city          | company              |
+---------+---------------+----------------------+
| A       | Redwood City  | AA Athletics         |
| A       | Redwood City  | Kids Korner          |
| A       | Redwood City  | Play Ball!           |
| A       | Redwood City  | Quinn`s Sports       |
| A       | Redwood City  | Sporting Place       |
| B       | Sunnyvale     | All Sports Supplies  |
| B       | Palo Alto     | Athletic Supplies    |
| B       | Oakland       | Blue Ribbon Sports   |
| B       | Phoenix       | Century Pro Shop     |
| B       | Wilmington    | City Sports          |
| B       | Menlo Park    | Gold Medal Sports    |
| B       | Los Altos     | Los Altos Sports     |
| B       | Mountain View | Olympic City         |
| B       | Palo Alto     | Phil`s Sports        |
| B       | Los Altos     | Runners & Others     |
| B       | Sunnyvale     | Sport Stuff          |
| B       | Sunnyvale     | Sports Center        |
| B       | San Francisco | Sports Spot          |
| B       | Menlo Park    | Sportstown           |
| B       | Princeton     | The Sporting Life    |
| B       | Cherry Hill   | The Triathletes Club |
| B       | Mountain View | Watson & Son         |
+---------+---------------+----------------------+
22 rows in set (0.00 sec)

mysql> 
---
ivan@Ivan-PC:~$ sudo mysql -u root -p
[sudo] пароль для ivan: 
Enter password: 
Welcome to the MySQL monitor.  Commands end with ; or \g.
Your MySQL connection id is 13
Server version: 8.0.23-0ubuntu0.20.04.1 (Ubuntu)

Copyright (c) 2000, 2021, Oracle and/or its affiliates.

Oracle is a registered trademark of Oracle Corporation and/or its
affiliates. Other names may be trademarks of their respective
owners.

Type 'help;' or '\h' for help. Type '\c' to clear the current input statement.

mysql> USE stores;
Reading table information for completion of table and column names
You can turn off this feature to get a quicker startup with -A

Database changed
mysql> SELECT * FROM CHUDNOVETS_ORDERS;
+-----------+------------+--------------+--------------------------------------+----------+------------+-------------+-------------+------------+
| ORDER_NUM | ORDER_DATE | CUSTOMER_NUM | SHIP_INSTRUCT                        | PO_NUM   | SHIP_DATE  | SHIP_WEIGHT | SHIP_CHARGE | PAID_DATE  |
+-----------+------------+--------------+--------------------------------------+----------+------------+-------------+-------------+------------+
|      1001 | 1994-05-20 |          104 | express                              | B77836   | 1994-06-01 |       20.40 |       10.00 | 1994-07-22 |
|      1002 | 1994-05-21 |          101 | PO on box; deliver to back door only | 9270     | 1994-05-26 |       50.60 |       15.30 | 1994-06-03 |
|      1003 | 1994-05-22 |          104 | express                              | B77890   | 1994-05-23 |       35.60 |       10.80 | 1994-06-14 |
|      1004 | 1994-05-22 |          106 | ring bell twice                      | 8006     | 1994-05-30 |       95.80 |       19.20 | NULL       |
|      1005 | 1994-05-24 |          116 | call before delivery                 | 2865     | 1994-06-09 |       80.80 |       16.20 | 1994-06-21 |
|      1006 | 1994-05-30 |          112 | after 10 am                          | Q13557   | NULL       |       70.80 |       14.20 | NULL       |
|      1007 | 1994-05-31 |          117 | NULL                                 | 278693   | 1994-06-05 |      125.90 |       25.20 | NULL       |
|      1008 | 1994-06-07 |          110 | closed Monday                        | LZ230    | 1994-07-06 |       45.60 |       13.80 | 1994-07-21 |
|      1009 | 1994-06-14 |          111 | next door to grocery                 | 4745     | 1994-06-21 |       20.40 |       10.00 | 1994-08-21 |
|      1010 | 1994-06-17 |          115 | deliver 776 King St. if no answer    | 429Q     | 1994-06-29 |       40.60 |       12.30 | 1994-08-22 |
|      1011 | 1994-06-18 |          104 | express                              | B77897   | 1994-07-03 |       10.40 |        5.00 | 1994-08-29 |
|      1012 | 1994-06-18 |          117 | NULL                                 | 278701   | 1994-06-29 |       70.80 |       14.20 | NULL       |
|      1013 | 1994-06-22 |          104 | express                              | B77930   | 1994-07-10 |       60.80 |       12.20 | 1994-07-31 |
|      1014 | 1994-06-25 |          106 | ring bell, kick door loudly          | 8052     | 1994-07-03 |       40.60 |       12.30 | 1994-07-10 |
|      1015 | 1994-06-27 |          110 | closed Mondays                       | MA003    | 1994-07-16 |       20.60 |        6.30 | 1994-08-31 |
|      1016 | 1994-06-29 |          119 | delivery entrance off Camp St.       | PC6782   | 1994-07-12 |       35.00 |       11.80 | NULL       |
|      1017 | 1994-07-09 |          120 | North side of clubhouse              | DM354331 | 1994-07-13 |       60.00 |       18.00 | NULL       |
|      1018 | 1994-07-10 |          121 | SW corner of Biltmore Mall           | S22942   | 1994-07-13 |       70.50 |       20.00 | 1994-08-06 |
|      1019 | 1994-07-11 |          122 | closed til noon Mondays              | Z55709   | 1994-07-16 |       90.00 |       23.00 | 1994-08-06 |
+-----------+------------+--------------+--------------------------------------+----------+------------+-------------+-------------+------------+
19 rows in set (0.00 sec)

mysql> SELECT * FROM CHUDNOVETS_ITEMS;
+----------+-----------+-----------+-----------+----------+-------------+
| ITEM_NUM | ORDER_NUM | STOCK_NUM | MANU_CODE | QUANTITY | TOTAL_PRICE |
+----------+-----------+-----------+-----------+----------+-------------+
|        1 |      1001 |         1 | HRO       |        1 |      250.00 |
|        1 |      1002 |         4 | HSK       |        1 |      960.00 |
|        1 |      1003 |         9 | ANZ       |        1 |       20.00 |
|        1 |      1004 |         1 | HRO       |        1 |      250.00 |
|        1 |      1005 |         5 | NRG       |       10 |      280.00 |
|        1 |      1006 |         5 | SMT       |        5 |      125.00 |
|        1 |      1007 |         1 | HRO       |        1 |      250.00 |
|        1 |      1008 |         8 | ANZ       |        1 |      840.00 |
|        1 |      1009 |         1 | SMT       |        1 |      450.00 |
|        1 |      1010 |         6 | SMT       |        1 |       36.00 |
|        1 |      1011 |         5 | ANZ       |        5 |       99.00 |
|        1 |      1012 |         8 | ANZ       |        1 |      840.00 |
|        1 |      1013 |         5 | ANZ       |        1 |       19.80 |
|        1 |      1014 |         4 | HSK       |        1 |      960.00 |
|        1 |      1015 |         1 | SMT       |        1 |      450.00 |
|        1 |      1016 |       101 | SHM       |        2 |      136.00 |
|        1 |      1017 |       201 | NKL       |        4 |      150.00 |
|        1 |      1018 |       307 | PRC       |        2 |      500.00 |
|        1 |      1019 |       111 | SHM       |        3 |     1499.97 |
|        2 |      1002 |         3 | HSK       |        1 |      240.00 |
|        2 |      1003 |         8 | ANZ       |        1 |      840.00 |
|        2 |      1004 |         2 | HRO       |        1 |      126.00 |
|        2 |      1005 |         5 | ANZ       |       10 |      198.00 |
|        2 |      1006 |         5 | NRG       |        5 |      140.00 |
|        2 |      1007 |         2 | HRO       |        1 |      126.00 |
|        2 |      1008 |         9 | ANZ       |        5 |      100.00 |
|        2 |      1010 |         6 | ANZ       |        1 |       48.00 |
|        2 |      1012 |         9 | ANZ       |       10 |      200.00 |
|        2 |      1013 |         6 | SMT       |        1 |       36.00 |
|        2 |      1014 |         4 | HRO       |        1 |      480.00 |
|        2 |      1016 |       109 | PRC       |        3 |       90.00 |
|        2 |      1017 |       202 | KAR       |        1 |      230.00 |
|        2 |      1018 |       302 | KAR       |        3 |       15.00 |
|        3 |      1003 |         5 | ANZ       |        5 |       99.00 |
|        3 |      1004 |         3 | HSK       |        1 |      240.00 |
|        3 |      1005 |         6 | SMT       |        1 |       36.00 |
|        3 |      1006 |         5 | ANZ       |        5 |       99.00 |
|        3 |      1007 |         3 | HSK       |        1 |      240.00 |
|        3 |      1013 |         6 | ANZ       |        1 |       48.00 |
|        3 |      1016 |       110 | HSK       |        1 |      308.00 |
|        3 |      1017 |       301 | SHM       |        2 |      204.00 |
|        3 |      1018 |       110 | PRC       |        1 |      236.00 |
|        4 |      1004 |         1 | HSK       |        1 |      800.00 |
|        4 |      1005 |         6 | ANZ       |        1 |       48.00 |
|        4 |      1006 |         6 | SMT       |        1 |       36.00 |
|        4 |      1007 |         4 | HRO       |        1 |      480.00 |
|        4 |      1013 |         9 | ANZ       |        2 |       40.00 |
|        4 |      1016 |       114 | PRC       |        1 |      120.00 |
|        4 |      1018 |         5 | SMT       |        4 |      100.00 |
|        5 |      1006 |         6 | ANZ       |        1 |       48.00 |
|        5 |      1007 |         7 | HRO       |        1 |      600.00 |
|        5 |      1018 |       304 | HRO       |        1 |      280.00 |
+----------+-----------+-----------+-----------+----------+-------------+
52 rows in set (0.00 sec)

mysql> SELECT * FROM CHUDNOVETS_STOCKS;
ERROR 1146 (42S02): Table 'stores.CHUDNOVETS_STOCKS' doesn't exist
mysql> SELECT * FROM CHUDNOVETS_STOCK;
+-----------+-----------+-----------------+------------+------+----------------+
| STOCK_NUM | MANU_CODE | DESCRIPTION     | UNIT_PRICE | UNIT | unit_descr     |
+-----------+-----------+-----------------+------------+------+----------------+
|         1 | HRO       | baseball gloves |     250.00 | case | 10 gloves/case |
|         1 | HSK       | baseball gloves |     800.00 | case | 10 gloves/case |
|         1 | SMT       | baseball gloves |     450.00 | case | 10 gloves/case |
|         2 | HRO       | baseball        |     126.00 | case | 24/case        |
|         3 | HSK       | baseball bat    |     240.00 | case | 12/case        |
|         3 | SHM       | baseball bat    |     280.00 | case | 12/case        |
|         4 | HRO       | football        |     480.00 | case | 24/case        |
|         4 | HSK       | football        |     960.00 | case | 24/case        |
|         5 | ANZ       | tennis racquet  |      19.80 | each | each           |
|         5 | NRG       | tennis racquet  |      28.00 | each | each           |
|         5 | SMT       | tennis racquet  |      25.00 | each | each           |
|         6 | ANZ       | tennis ball     |      48.00 | case | 24 cans/case   |
|         6 | SMT       | tennis ball     |      36.00 | case | 24 cans/case   |
|         7 | HRO       | basketball      |     600.00 | case | 24/case        |
|         8 | ANZ       | volleyball      |     840.00 | case | 24/case        |
|         9 | ANZ       | volleyball net  |      20.00 | each | each           |
|       101 | PRC       | bicycle tires   |      88.00 | box  | 4/box          |
|       101 | SHM       | bicycle tires   |      68.00 | box  | 4/box          |
|       102 | PRC       | bicycle brakes  |     480.00 | case | 4 sets/case    |
|       102 | SHM       | bicycle brakes  |     220.00 | case | 4 sets/case    |
|       103 | PRC       | frnt derailleur |      20.00 | each | each           |
|       104 | PRC       | rear derailleur |      58.00 | each | each           |
|       105 | PRC       | bicycle wheels  |      53.00 | pair | pair           |
|       105 | SHM       | bicycle wheels  |      80.00 | pair | pair           |
|       106 | PRC       | bicycle stem    |      23.00 | each | each           |
|       107 | PRC       | bicycle saddle  |      70.00 | pair | pair           |
|       108 | SHM       | crankset        |      45.00 | each | each           |
|       109 | PRC       | pedal binding   |      30.00 | case | 6 pairs/case   |
|       109 | SHM       | pedal binding   |     200.00 | case | 4 pairs/case   |
|       110 | ANZ       | helmet          |     244.00 | case | 4/case         |
|       110 | HRO       | helmet          |     260.00 | case | 4/case         |
|       110 | HSK       | helmet          |     308.00 | case | 4/case         |
|       110 | PRC       | helmet          |     236.00 | case | 4/case         |
|       110 | SHM       | helmet          |     228.00 | case | 4/case         |
|       111 | SHM       | 10-spd, assmbld |     499.99 | each | each           |
|       112 | SHM       | 12-spd, assmbld |     549.00 | each | each           |
|       113 | SHM       | 18-spd, assmbld |     685.90 | each | each           |
|       114 | PRC       | bicycle gloves  |     120.00 | case | 10 pairs/case  |
|       201 | ANZ       | golf shoes      |      75.00 | each | each           |
|       201 | KAR       | golf shoes      |      90.00 | each | each           |
|       201 | NKL       | golf shoes      |      37.50 | each | each           |
|       202 | KAR       | std woods       |     230.00 | case | 2 sets/case    |
|       202 | NKL       | metal woods     |     174.00 | case | 2 sets/case    |
|       203 | NKL       | irons/wedge     |     670.00 | case | 2 sets/case    |
|       204 | KAR       | putter          |      45.00 | each | each           |
|       205 | ANZ       | 3 golf balls    |     312.00 | case | 24/case        |
|       205 | HRO       | 3 golf balls    |     312.00 | case | 24/case        |
|       205 | NKL       | 3 golf balls    |     312.00 | case | 24/case        |
|       301 | ANZ       | running shoes   |      95.00 | each | each           |
|       301 | HRO       | running shoes   |      42.50 | each | each           |
|       301 | KAR       | running shoes   |      87.00 | each | each           |
|       301 | NKL       | running shoes   |      97.00 | each | each           |
|       301 | PRC       | running shoes   |      75.00 | each | each           |
|       301 | SHM       | running shoes   |     102.00 | each | each           |
|       302 | HRO       | ice pack        |       4.50 | each | each           |
|       302 | KAR       | ice pack        |       5.00 | each | each           |
|       303 | KAR       | socks           |      36.00 | box  | 24 pairs/box   |
|       303 | PRC       | socks           |      48.00 | box  | 24 pairs/box   |
|       304 | ANZ       | watch           |     170.00 | box  | 10/box         |
|       304 | HRO       | watch           |     280.00 | box  | 10/box         |
|       305 | HRO       | first-aid kit   |      48.00 | case | 4/case         |
|       306 | PRC       | tandem adapter  |     160.00 | each | each           |
|       306 | SHM       | tandem adapter  |     190.00 | each | each           |
|       307 | PRC       | infant jogger   |     250.00 | each | each           |
|       308 | PRC       | twin jogger     |     280.00 | each | each           |
|       309 | HRO       | ear drops       |      40.00 | case | 20/case        |
|       309 | SHM       | ear drops       |      40.00 | case | 20/case        |
|       310 | ANZ       | kick board      |      84.00 | case | 12/case        |
|       310 | SHM       | kick board      |      80.00 | case | 10/case        |
|       311 | SHM       | water gloves    |      48.00 | box  | 4 pairs/box    |
|       312 | HRO       | racer goggles   |      72.00 | box  | 12/box         |
|       312 | SHM       | racer goggles   |      96.00 | box  | 12/box         |
|       313 | ANZ       | swim cap        |      60.00 | box  | 12/box         |
|       313 | SHM       | swim cap        |      72.00 | box  | 12/box         |
+-----------+-----------+-----------------+------------+------+----------------+
74 rows in set (0.00 sec)

mysql> SELECT customer_num, order_num, order_date
FROM CHUDNOVETS_ORDERS o
WHERE NOT EXISTS 
(SELECT * FROM CHUDNOVETS_ITEMS i, CHUDNOVETS_STOCKS s
WHERE o.order_num = i.order_num AND 
i.stock_num = s.stock_num AND i.manu_code = s.manu_code AND
s.deSscription LIKE '%baseball gloves%')
ORDER BY order_num;ELECT customer_num, order_num, order_date
^C
mysql> FROM CHUDNOVETS_ORDERS o
    -> WHERE NOT EXISTS 
    -> (SELECT * FROM CHUDNOVETS_ITEMS i, CHUDNOVETS_STOCKS s
    -> WHERE o.order_num = i.order_num AND 
    -> i.stock_num = s.stock_num AND i.manu_code = s.manu_code AND
    -> s.description LIKE '%baseball gloves%')
    -> ORDER BY order_num;
ERROR 1064 (42000): You have an error in your SQL syntax; check the manual that corresponds to your MySQL server version for the right syntax to use near 'FROM CHUDNOVETS_ORDERS o
WHERE NOT EXISTS 
(SELECT * FROM CHUDNOVETS_ITEMS i, CH' at line 1
mysql> SELECT customer_num, order_num, order_date
    -> FROM CHUDNOVETS_ORDERS o
    -> WHERE NOT EXISTS 
    -> (SELECT * FROM CHUDNOVETS_ITEMS i, CHUDNOVETS_STOCKS s
    -> WHERE o.order_num = i.order_num AND 
    -> i.stock_num = s.stock_num AND i.manu_code = s.manu_code AND
    -> s.description LIKE '%baseball gloves%')
    -> ORDER BY order_num;
ERROR 1146 (42S02): Table 'stores.CHUDNOVETS_STOCKS' doesn't exist
mysql> SELECT customer_num, order_num, order_date
    -> FROM CHUDNOVETS_ORDERS o
    -> WHERE NOT EXISTS 
    -> (SELECT * FROM CHUDNOVETS_ITEMS i, CHUDNOVETS_STOCK s
    -> WHERE o.order_num = i.order_num AND 
    -> i.stock_num = s.stock_num AND i.manu_code = s.manu_code AND
    -> s.description LIKE '%baseball gloves%')
    -> ORDER BY order_num;
+--------------+-----------+------------+
| customer_num | order_num | order_date |
+--------------+-----------+------------+
|          101 |      1002 | 1994-05-21 |
|          104 |      1003 | 1994-05-22 |
|          116 |      1005 | 1994-05-24 |
|          112 |      1006 | 1994-05-30 |
|          110 |      1008 | 1994-06-07 |
|          115 |      1010 | 1994-06-17 |
|          104 |      1011 | 1994-06-18 |
|          117 |      1012 | 1994-06-18 |
|          104 |      1013 | 1994-06-22 |
|          106 |      1014 | 1994-06-25 |
|          119 |      1016 | 1994-06-29 |
|          120 |      1017 | 1994-07-09 |
|          121 |      1018 | 1994-07-10 |
|          122 |      1019 | 1994-07-11 |
+--------------+-----------+------------+
14 rows in set (0.01 sec)

mysql> SELECT o.customer_num, o.order_num, o.order_date FROM CHUDNOVETS_ORDERS o
    -> INNER JOIN CHUDNOVETS_ITEMS i
    -> ON o.order_num = i.order_num ### stock s ON i.stock_num = s.stock_num
    -> WHERE NOT EXISTS (
    -> SELECT 1 FROM CHUDNOVETS_STOCK s
    -> WHERE i.stock_num = s.stock_num
    -> AND
    -> s.description LIKE '%baseball gloves%'
    -> )
    -> ORDER BY o.order_num;
+--------------+-----------+------------+
| customer_num | order_num | order_date |
+--------------+-----------+------------+
|          101 |      1002 | 1994-05-21 |
|          101 |      1002 | 1994-05-21 |
|          104 |      1003 | 1994-05-22 |
|          104 |      1003 | 1994-05-22 |
|          104 |      1003 | 1994-05-22 |
|          106 |      1004 | 1994-05-22 |
|          106 |      1004 | 1994-05-22 |
|          116 |      1005 | 1994-05-24 |
|          116 |      1005 | 1994-05-24 |
|          116 |      1005 | 1994-05-24 |
|          116 |      1005 | 1994-05-24 |
|          112 |      1006 | 1994-05-30 |
|          112 |      1006 | 1994-05-30 |
|          112 |      1006 | 1994-05-30 |
|          112 |      1006 | 1994-05-30 |
|          112 |      1006 | 1994-05-30 |
|          117 |      1007 | 1994-05-31 |
|          117 |      1007 | 1994-05-31 |
|          117 |      1007 | 1994-05-31 |
|          117 |      1007 | 1994-05-31 |
|          110 |      1008 | 1994-06-07 |
|          110 |      1008 | 1994-06-07 |
|          115 |      1010 | 1994-06-17 |
|          115 |      1010 | 1994-06-17 |
|          104 |      1011 | 1994-06-18 |
|          117 |      1012 | 1994-06-18 |
|          117 |      1012 | 1994-06-18 |
|          104 |      1013 | 1994-06-22 |
|          104 |      1013 | 1994-06-22 |
|          104 |      1013 | 1994-06-22 |
|          104 |      1013 | 1994-06-22 |
|          106 |      1014 | 1994-06-25 |
|          106 |      1014 | 1994-06-25 |
|          119 |      1016 | 1994-06-29 |
|          119 |      1016 | 1994-06-29 |
|          119 |      1016 | 1994-06-29 |
|          119 |      1016 | 1994-06-29 |
|          120 |      1017 | 1994-07-09 |
|          120 |      1017 | 1994-07-09 |
|          120 |      1017 | 1994-07-09 |
|          121 |      1018 | 1994-07-10 |
|          121 |      1018 | 1994-07-10 |
|          121 |      1018 | 1994-07-10 |
|          121 |      1018 | 1994-07-10 |
|          121 |      1018 | 1994-07-10 |
|          122 |      1019 | 1994-07-11 |
+--------------+-----------+------------+
46 rows in set (0.00 sec)

mysql> SELECT DISTINCT o.customer_num, o.order_num, o.order_date FROM CHUDNOVETS_ORDERS o INNER JOIN CHUDNOVETS_ITEMS i ON o.order_num = i.order_num  WHERE NOT EXISTS ( SELECT 1 FROM CHUDNOVETS_STOCK s W
HERE i.stock_num = s.stock_num AND s.description LIKE '%baseball gloves%' ) ORDER BY o.order_num;
+--------------+-----------+------------+
| customer_num | order_num | order_date |
+--------------+-----------+------------+
|          101 |      1002 | 1994-05-21 |
|          104 |      1003 | 1994-05-22 |
|          106 |      1004 | 1994-05-22 |
|          116 |      1005 | 1994-05-24 |
|          112 |      1006 | 1994-05-30 |
|          117 |      1007 | 1994-05-31 |
|          110 |      1008 | 1994-06-07 |
|          115 |      1010 | 1994-06-17 |
|          104 |      1011 | 1994-06-18 |
|          117 |      1012 | 1994-06-18 |
|          104 |      1013 | 1994-06-22 |
|          106 |      1014 | 1994-06-25 |
|          119 |      1016 | 1994-06-29 |
|          120 |      1017 | 1994-07-09 |
|          121 |      1018 | 1994-07-10 |
|          122 |      1019 | 1994-07-11 |
+--------------+-----------+------------+
16 rows in set (0.00 sec)

mysql> SELECT customer_num, order_num, order_date
    -> FROM CHUDNOVETS_ORDERS o
    -> WHERE NOT EXISTS 
    -> (SELECT * FROM CHUDNOVETS_ITEMS i, CHUDNOVETS_STOCK s
    -> WHERE o.order_num = i.order_num AND 
    -> i.stock_num = s.stock_num AND i.manu_code = s.manu_code AND
    -> s.description LIKE '%baseball gloves%')
    -> ORDER BY order_num;
+--------------+-----------+------------+
| customer_num | order_num | order_date |
+--------------+-----------+------------+
|          101 |      1002 | 1994-05-21 |
|          104 |      1003 | 1994-05-22 |
|          116 |      1005 | 1994-05-24 |
|          112 |      1006 | 1994-05-30 |
|          110 |      1008 | 1994-06-07 |
|          115 |      1010 | 1994-06-17 |
|          104 |      1011 | 1994-06-18 |
|          117 |      1012 | 1994-06-18 |
|          104 |      1013 | 1994-06-22 |
|          106 |      1014 | 1994-06-25 |
|          119 |      1016 | 1994-06-29 |
|          120 |      1017 | 1994-07-09 |
|          121 |      1018 | 1994-07-10 |
|          122 |      1019 | 1994-07-11 |
+--------------+-----------+------------+
14 rows in set (0.01 sec)

mysql> SELECT * FROM CHUDNOVETS_ITEMS ORDER BY order_num;
+----------+-----------+-----------+-----------+----------+-------------+
| ITEM_NUM | ORDER_NUM | STOCK_NUM | MANU_CODE | QUANTITY | TOTAL_PRICE |
+----------+-----------+-----------+-----------+----------+-------------+
|        1 |      1001 |         1 | HRO       |        1 |      250.00 |
|        1 |      1002 |         4 | HSK       |        1 |      960.00 |
|        2 |      1002 |         3 | HSK       |        1 |      240.00 |
|        3 |      1003 |         5 | ANZ       |        5 |       99.00 |
|        2 |      1003 |         8 | ANZ       |        1 |      840.00 |
|        1 |      1003 |         9 | ANZ       |        1 |       20.00 |
|        4 |      1004 |         1 | HSK       |        1 |      800.00 |
|        2 |      1004 |         2 | HRO       |        1 |      126.00 |
|        3 |      1004 |         3 | HSK       |        1 |      240.00 |
|        1 |      1004 |         1 | HRO       |        1 |      250.00 |
|        2 |      1005 |         5 | ANZ       |       10 |      198.00 |
|        4 |      1005 |         6 | ANZ       |        1 |       48.00 |
|        3 |      1005 |         6 | SMT       |        1 |       36.00 |
|        1 |      1005 |         5 | NRG       |       10 |      280.00 |
|        1 |      1006 |         5 | SMT       |        5 |      125.00 |
|        2 |      1006 |         5 | NRG       |        5 |      140.00 |
|        5 |      1006 |         6 | ANZ       |        1 |       48.00 |
|        4 |      1006 |         6 | SMT       |        1 |       36.00 |
|        3 |      1006 |         5 | ANZ       |        5 |       99.00 |
|        1 |      1007 |         1 | HRO       |        1 |      250.00 |
|        2 |      1007 |         2 | HRO       |        1 |      126.00 |
|        3 |      1007 |         3 | HSK       |        1 |      240.00 |
|        4 |      1007 |         4 | HRO       |        1 |      480.00 |
|        5 |      1007 |         7 | HRO       |        1 |      600.00 |
|        2 |      1008 |         9 | ANZ       |        5 |      100.00 |
|        1 |      1008 |         8 | ANZ       |        1 |      840.00 |
|        1 |      1009 |         1 | SMT       |        1 |      450.00 |
|        2 |      1010 |         6 | ANZ       |        1 |       48.00 |
|        1 |      1010 |         6 | SMT       |        1 |       36.00 |
|        1 |      1011 |         5 | ANZ       |        5 |       99.00 |
|        2 |      1012 |         9 | ANZ       |       10 |      200.00 |
|        1 |      1012 |         8 | ANZ       |        1 |      840.00 |
|        4 |      1013 |         9 | ANZ       |        2 |       40.00 |
|        3 |      1013 |         6 | ANZ       |        1 |       48.00 |
|        2 |      1013 |         6 | SMT       |        1 |       36.00 |
|        1 |      1013 |         5 | ANZ       |        1 |       19.80 |
|        2 |      1014 |         4 | HRO       |        1 |      480.00 |
|        1 |      1014 |         4 | HSK       |        1 |      960.00 |
|        1 |      1015 |         1 | SMT       |        1 |      450.00 |
|        2 |      1016 |       109 | PRC       |        3 |       90.00 |
|        4 |      1016 |       114 | PRC       |        1 |      120.00 |
|        1 |      1016 |       101 | SHM       |        2 |      136.00 |
|        3 |      1016 |       110 | HSK       |        1 |      308.00 |
|        3 |      1017 |       301 | SHM       |        2 |      204.00 |
|        1 |      1017 |       201 | NKL       |        4 |      150.00 |
|        2 |      1017 |       202 | KAR       |        1 |      230.00 |
|        3 |      1018 |       110 | PRC       |        1 |      236.00 |
|        1 |      1018 |       307 | PRC       |        2 |      500.00 |
|        4 |      1018 |         5 | SMT       |        4 |      100.00 |
|        2 |      1018 |       302 | KAR       |        3 |       15.00 |
|        5 |      1018 |       304 | HRO       |        1 |      280.00 |
|        1 |      1019 |       111 | SHM       |        3 |     1499.97 |
+----------+-----------+-----------+-----------+----------+-------------+
52 rows in set (0.00 sec)

mysql> SELECT o.customer_num, o.order_num, o.order_date FROM CHUDNOVETS_ORDERS o
    -> INNER JOIN CHUDNOVETS_ITEMS i
    -> ON o.order_num = i.order_num ### CHUDNOVETS_STOCK s ON i.stock_num = s.stock_num
    -> WHERE NOT EXISTS (
    -> SELECT 1 FROM CHUDNOVETS_STOCK s
    -> WHERE i.stock_num = s.stock_num
    -> AND
    -> s.description LIKE '%baseball gloves%'
    -> )
    -> ORDER BY o.order_num;
+--------------+-----------+------------+
| customer_num | order_num | order_date |
+--------------+-----------+------------+
|          101 |      1002 | 1994-05-21 |
|          101 |      1002 | 1994-05-21 |
|          104 |      1003 | 1994-05-22 |
|          104 |      1003 | 1994-05-22 |
|          104 |      1003 | 1994-05-22 |
|          106 |      1004 | 1994-05-22 |
|          106 |      1004 | 1994-05-22 |
|          116 |      1005 | 1994-05-24 |
|          116 |      1005 | 1994-05-24 |
|          116 |      1005 | 1994-05-24 |
|          116 |      1005 | 1994-05-24 |
|          112 |      1006 | 1994-05-30 |
|          112 |      1006 | 1994-05-30 |
|          112 |      1006 | 1994-05-30 |
|          112 |      1006 | 1994-05-30 |
|          112 |      1006 | 1994-05-30 |
|          117 |      1007 | 1994-05-31 |
|          117 |      1007 | 1994-05-31 |
|          117 |      1007 | 1994-05-31 |
|          117 |      1007 | 1994-05-31 |
|          110 |      1008 | 1994-06-07 |
|          110 |      1008 | 1994-06-07 |
|          115 |      1010 | 1994-06-17 |
|          115 |      1010 | 1994-06-17 |
|          104 |      1011 | 1994-06-18 |
|          117 |      1012 | 1994-06-18 |
|          117 |      1012 | 1994-06-18 |
|          104 |      1013 | 1994-06-22 |
|          104 |      1013 | 1994-06-22 |
|          104 |      1013 | 1994-06-22 |
|          104 |      1013 | 1994-06-22 |
|          106 |      1014 | 1994-06-25 |
|          106 |      1014 | 1994-06-25 |
|          119 |      1016 | 1994-06-29 |
|          119 |      1016 | 1994-06-29 |
|          119 |      1016 | 1994-06-29 |
|          119 |      1016 | 1994-06-29 |
|          120 |      1017 | 1994-07-09 |
|          120 |      1017 | 1994-07-09 |
|          120 |      1017 | 1994-07-09 |
|          121 |      1018 | 1994-07-10 |
|          121 |      1018 | 1994-07-10 |
|          121 |      1018 | 1994-07-10 |
|          121 |      1018 | 1994-07-10 |
|          121 |      1018 | 1994-07-10 |
|          122 |      1019 | 1994-07-11 |
+--------------+-----------+------------+
46 rows in set (0.00 sec)

mysql> SELECT DISTINCT o.customer_num, o.order_num, o.order_date FROM CHUDNOVETS_ORDERS o INNER JOIN CHUDNOVETS_ITEMS i ON o.order_num = i.order_num  WHERE NOT EXISTS ( SELECT 1 FROM CHUDNOVETS_STOCK s W
HERE i.stock_num = s.stock_num AND s.description LIKE '%baseball gloves%' ) ORDER BY o.order_num;
+--------------+-----------+------------+
| customer_num | order_num | order_date |
+--------------+-----------+------------+
|          101 |      1002 | 1994-05-21 |
|          104 |      1003 | 1994-05-22 |
|          106 |      1004 | 1994-05-22 |
|          116 |      1005 | 1994-05-24 |
|          112 |      1006 | 1994-05-30 |
|          117 |      1007 | 1994-05-31 |
|          110 |      1008 | 1994-06-07 |
|          115 |      1010 | 1994-06-17 |
|          104 |      1011 | 1994-06-18 |
|          117 |      1012 | 1994-06-18 |
|          104 |      1013 | 1994-06-22 |
|          106 |      1014 | 1994-06-25 |
|          119 |      1016 | 1994-06-29 |
|          120 |      1017 | 1994-07-09 |
|          121 |      1018 | 1994-07-10 |
|          122 |      1019 | 1994-07-11 |
+--------------+-----------+------------+
16 rows in set (0.00 sec)

mysql> SELECT DISTINCT o.customer_num, o.order_num, o.order_date FROM CHUDNOVETS_ORDERS o
    -> INNER JOIN CHUDNOVETS_ITEMS i
    -> ON o.order_num = i.order_num
    -> WHERE NOT EXISTS (
    -> SELECT 1 FROM CHUDNOVETS_STOCK s
    -> WHERE i.stock_num = s.stock_num
    -> AND
    -> s.description LIKE '%baseball gloves%'
    -> )
    -> ORDER BY o.order_num;
+--------------+-----------+------------+
| customer_num | order_num | order_date |
+--------------+-----------+------------+
|          101 |      1002 | 1994-05-21 |
|          104 |      1003 | 1994-05-22 |
|          106 |      1004 | 1994-05-22 |
|          116 |      1005 | 1994-05-24 |
|          112 |      1006 | 1994-05-30 |
|          117 |      1007 | 1994-05-31 |
|          110 |      1008 | 1994-06-07 |
|          115 |      1010 | 1994-06-17 |
|          104 |      1011 | 1994-06-18 |
|          117 |      1012 | 1994-06-18 |
|          104 |      1013 | 1994-06-22 |
|          106 |      1014 | 1994-06-25 |
|          119 |      1016 | 1994-06-29 |
|          120 |      1017 | 1994-07-09 |
|          121 |      1018 | 1994-07-10 |
|          122 |      1019 | 1994-07-11 |
+--------------+-----------+------------+
16 rows in set (0.00 sec)

mysql> ### hsdhhds
mysql> ##jsdjjds
mysql> #jsdjjds
mysql> dsa
    -> ;
ERROR 1064 (42000): You have an error in your SQL syntax; check the manual that corresponds to your MySQL server version for the right syntax to use near 'dsa' at line 1
mysql> SELECT DISTINCT o.customer_num, o.order_num, o.order_date FROM CHUDNOVETS_ORDERS o
    -> INNER JOIN CHUDNOVETS_ITEMS i
    -> ON o.order_num = i.order_num
    -> WHERE NOT EXISTS (
    -> SELECT 1 FROM CHUDNOVETS_STOCK s
    -> WHERE i.stock_num = s.stock_num AND i.manu_code = s.manu_code
    -> AND
    -> s.description LIKE '%baseball gloves%'
    -> )
    -> ORDER BY o.order_num;
+--------------+-----------+------------+
| customer_num | order_num | order_date |
+--------------+-----------+------------+
|          101 |      1002 | 1994-05-21 |
|          104 |      1003 | 1994-05-22 |
|          106 |      1004 | 1994-05-22 |
|          116 |      1005 | 1994-05-24 |
|          112 |      1006 | 1994-05-30 |
|          117 |      1007 | 1994-05-31 |
|          110 |      1008 | 1994-06-07 |
|          115 |      1010 | 1994-06-17 |
|          104 |      1011 | 1994-06-18 |
|          117 |      1012 | 1994-06-18 |
|          104 |      1013 | 1994-06-22 |
|          106 |      1014 | 1994-06-25 |
|          119 |      1016 | 1994-06-29 |
|          120 |      1017 | 1994-07-09 |
|          121 |      1018 | 1994-07-10 |
|          122 |      1019 | 1994-07-11 |
+--------------+-----------+------------+
16 rows in set (0.01 sec)

mysql> SELECT DISTINCT o.customer_num, o.order_num, o.order_date FROM CHUDNOVETS_ORDERS o
    -> INNER JOIN CHUDNOVETS_ITEMS i
    -> ON o.order_num = i.order_num
    -> WHERE NOT EXISTS (
    -> SELECT 1 FROM CHUDNOVETS_STOCK s
    -> WHERE i.stock_num = s.stock_num AND i.manu_code = s.manu_code
    -> AND
    -> s.description LIKE '%baseball gloves%'
    -> )
    -> ORDER BY o.order_num;
+--------------+-----------+------------+
| customer_num | order_num | order_date |
+--------------+-----------+------------+
|          101 |      1002 | 1994-05-21 |
|          104 |      1003 | 1994-05-22 |
|          106 |      1004 | 1994-05-22 |
|          116 |      1005 | 1994-05-24 |
|          112 |      1006 | 1994-05-30 |
|          117 |      1007 | 1994-05-31 |
|          110 |      1008 | 1994-06-07 |
|          115 |      1010 | 1994-06-17 |
|          104 |      1011 | 1994-06-18 |
|          117 |      1012 | 1994-06-18 |
|          104 |      1013 | 1994-06-22 |
|          106 |      1014 | 1994-06-25 |
|          119 |      1016 | 1994-06-29 |
|          120 |      1017 | 1994-07-09 |
|          121 |      1018 | 1994-07-10 |
|          122 |      1019 | 1994-07-11 |
+--------------+-----------+------------+
16 rows in set (0.00 sec)

mysql> SELECT o.customer_num, o.order_num, o.order_date FROM CHUDNOVETS_ORDERS o
    -> INNER JOIN CHUDNOVETS_ITEMS i
    -> ON o.order_num = i.order_num
    -> WHERE NOT EXISTS (
    -> SELECT 1 FROM CHUDNOVETS_STOCK s
    -> WHERE i.stock_num = s.stock_num AND i.manu_code = s.manu_code
    -> AND
    -> s.description LIKE '%baseball gloves%'
    -> )
    -> ORDER BY o.order_num;
+--------------+-----------+------------+
| customer_num | order_num | order_date |
+--------------+-----------+------------+
|          101 |      1002 | 1994-05-21 |
|          101 |      1002 | 1994-05-21 |
|          104 |      1003 | 1994-05-22 |
|          104 |      1003 | 1994-05-22 |
|          104 |      1003 | 1994-05-22 |
|          106 |      1004 | 1994-05-22 |
|          106 |      1004 | 1994-05-22 |
|          116 |      1005 | 1994-05-24 |
|          116 |      1005 | 1994-05-24 |
|          116 |      1005 | 1994-05-24 |
|          116 |      1005 | 1994-05-24 |
|          112 |      1006 | 1994-05-30 |
|          112 |      1006 | 1994-05-30 |
|          112 |      1006 | 1994-05-30 |
|          112 |      1006 | 1994-05-30 |
|          112 |      1006 | 1994-05-30 |
|          117 |      1007 | 1994-05-31 |
|          117 |      1007 | 1994-05-31 |
|          117 |      1007 | 1994-05-31 |
|          117 |      1007 | 1994-05-31 |
|          110 |      1008 | 1994-06-07 |
|          110 |      1008 | 1994-06-07 |
|          115 |      1010 | 1994-06-17 |
|          115 |      1010 | 1994-06-17 |
|          104 |      1011 | 1994-06-18 |
|          117 |      1012 | 1994-06-18 |
|          117 |      1012 | 1994-06-18 |
|          104 |      1013 | 1994-06-22 |
|          104 |      1013 | 1994-06-22 |
|          104 |      1013 | 1994-06-22 |
|          104 |      1013 | 1994-06-22 |
|          106 |      1014 | 1994-06-25 |
|          106 |      1014 | 1994-06-25 |
|          119 |      1016 | 1994-06-29 |
|          119 |      1016 | 1994-06-29 |
|          119 |      1016 | 1994-06-29 |
|          119 |      1016 | 1994-06-29 |
|          120 |      1017 | 1994-07-09 |
|          120 |      1017 | 1994-07-09 |
|          120 |      1017 | 1994-07-09 |
|          121 |      1018 | 1994-07-10 |
|          121 |      1018 | 1994-07-10 |
|          121 |      1018 | 1994-07-10 |
|          121 |      1018 | 1994-07-10 |
|          121 |      1018 | 1994-07-10 |
|          122 |      1019 | 1994-07-11 |
+--------------+-----------+------------+
46 rows in set (0.00 sec)

mysql> SELECT DISTINCT o.customer_num, o.order_num, o.order_date FROM CHUDNOVETS_ORDERS o
    -> INNER JOIN CHUDNOVETS_ITEMS i
    -> ON o.order_num = i.order_num
    -> WHERE NOT EXISTS (
    -> SELECT 1 FROM CHUDNOVETS_STOCK s
    -> WHERE s.stock_num = i.stock_num AND s.manu_code = i.manu_code
    -> AND
    -> s.description LIKE '%baseball gloves%'
    -> )
    -> ORDER BY o.order_num;
+--------------+-----------+------------+
| customer_num | order_num | order_date |
+--------------+-----------+------------+
|          101 |      1002 | 1994-05-21 |
|          104 |      1003 | 1994-05-22 |
|          106 |      1004 | 1994-05-22 |
|          116 |      1005 | 1994-05-24 |
|          112 |      1006 | 1994-05-30 |
|          117 |      1007 | 1994-05-31 |
|          110 |      1008 | 1994-06-07 |
|          115 |      1010 | 1994-06-17 |
|          104 |      1011 | 1994-06-18 |
|          117 |      1012 | 1994-06-18 |
|          104 |      1013 | 1994-06-22 |
|          106 |      1014 | 1994-06-25 |
|          119 |      1016 | 1994-06-29 |
|          120 |      1017 | 1994-07-09 |
|          121 |      1018 | 1994-07-10 |
|          122 |      1019 | 1994-07-11 |
+--------------+-----------+------------+
16 rows in set (0.00 sec)

mysql> SELECT customer_num, order_num, order_date
    -> FROM CHUDNOVETS_ORDERS o
    -> WHERE NOT EXISTS 
    -> (SELECT * FROM CHUDNOVETS_ITEMS i, CHUDNOVETS_STOCK s
    -> WHERE o.order_num = i.order_num AND 
    -> i.stock_num = s.stock_num AND i.manu_code = s.manu_code AND
    -> s.description LIKE '%baseball gloves%')
    -> ORDER BY order_num;
+--------------+-----------+------------+
| customer_num | order_num | order_date |
+--------------+-----------+------------+
|          101 |      1002 | 1994-05-21 |
|          104 |      1003 | 1994-05-22 |
|          116 |      1005 | 1994-05-24 |
|          112 |      1006 | 1994-05-30 |
|          110 |      1008 | 1994-06-07 |
|          115 |      1010 | 1994-06-17 |
|          104 |      1011 | 1994-06-18 |
|          117 |      1012 | 1994-06-18 |
|          104 |      1013 | 1994-06-22 |
|          106 |      1014 | 1994-06-25 |
|          119 |      1016 | 1994-06-29 |
|          120 |      1017 | 1994-07-09 |
|          121 |      1018 | 1994-07-10 |
|          122 |      1019 | 1994-07-11 |
+--------------+-----------+------------+
14 rows in set (0.00 sec)

mysql> 


